20
40
F_Cave
F_Cave
F_Cave
F_Cave
F_Cave
F_Cave
F_Cave
F_Cave
F_Cave
F_Cave
F_Cave
F_Cave
F_Cave
F_Cave
F_Cave
F_Cave
F_Cave
F_Cave
F_Cave
F_Cave
F_Cave
F_Cave
F_Cave
F_Cave
F_Cave
F_Cave
F_Cave
F_Cave
F_Cave
F_Cave
F_Cave
F_Cave
F_Cave
F_Cave
F_Cave
F_Cave
F_Cave
F_Cave
F_Cave
F_Cave
F_Cave
F_Cave
F_Cave
F_Cave
F_Cave
F_Cave
F_Cave
F_Cave
F_Cave
F_Cave
F_Cave
F_Cave
F_Cave
F_Cave
F_Cave
F_Cave
F_Cave
F_Cave
F_Cave
F_Cave
F_Cave
F_Cave
F_Cave
F_Cave
F_Cave
F_Cave
F_Cave
F_Cave
F_Cave
F_Cave
F_Cave
F_Cave
F_Cave
F_Cave
F_Cave
F_Cave
F_Cave
F_Cave
F_Cave
F_Cave
F_Cave
F_Cave
F_Cave
F_Cave
F_Cave
F_Cave
F_Cave
F_Cave
F_Cave
F_Cave
F_Cave
F_Cave
F_Cave
F_Cave
F_Cave
F_Cave
F_Cave
F_Cave
F_Cave
F_Cave
F_Cave
F_Cave
F_Cave
F_Cave
F_Cave
F_Cave
F_Cave
F_Cave
F_Cave
F_Cave
F_Cave
F_Cave
F_Cave
F_Cave
F_Cave
F_Cave
F_Cave
F_Cave
F_Cave
F_Cave
F_Cave
F_Cave
F_Cave
F_Cave
F_Cave
F_Cave
F_Cave
F_Cave
F_Cave
F_Cave
F_Cave
F_Cave
F_Cave
F_Cave
F_Cave
F_Cave
F_Cave
F_Cave
F_Cave
F_Cave
F_Cave
F_Cave
F_Cave
F_Cave
F_Cave
F_Cave
F_Cave
F_Cave
F_Cave
F_Cave
F_Cave
F_Cave
F_Cave
F_Cave
F_Cave
F_Cave
F_Cave
F_Cave
F_Cave
F_Cave
F_Cave
F_Cave
F_Cave
F_Cave
F_Cave
F_Cave
F_Cave
F_Cave
F_Cave
F_Cave
F_Cave
F_Cave
F_Cave
F_Cave
F_Cave
F_Cave
F_Cave
F_Cave
F_Cave
F_Cave
F_Cave
F_Cave
F_Cave
F_Cave
F_Cave
F_Cave
F_Cave
F_Cave
F_Cave
F_Cave
F_Cave
F_Cave
F_Cave
F_Cave
F_Cave
F_Cave
F_Cave
F_Cave
F_Cave
F_Cave
F_Cave
F_Cave
F_Cave
F_Cave
F_Cave
F_Cave
F_Cave
F_Cave
F_Cave
F_Cave
F_Cave
F_Cave
F_Cave
F_Cave
F_Cave
F_Cave
F_Cave
F_Cave
F_Cave
F_Cave
F_Cave
F_Cave
F_Cave
F_Cave
F_Cave
F_Cave
F_Cave
F_Cave
F_Cave
F_Cave
F_Cave
F_Cave
F_Cave
F_Cave
F_Cave
F_Cave
F_Cave
F_Cave
F_Cave
F_Cave
F_Cave
F_Cave
F_Cave
F_Cave
F_Cave
F_Cave
F_Cave
F_Cave
F_Cave
F_Cave
F_Cave
F_Cave
F_Cave
F_Cave
F_Cave
F_Cave
F_Cave
F_Cave
F_Cave
F_Cave
F_Cave
F_Cave
F_Cave
F_Cave
F_Cave
F_Cave
F_Cave
F_Cave
F_Cave
F_Cave
F_Cave
F_Cave
F_Cave
F_Cave
F_Cave
F_Cave
F_Cave
F_Cave
F_Cave
F_Cave
F_Cave
F_Cave
F_Cave
F_Cave
F_Cave
F_Cave
F_Cave
F_Cave
F_Cave
F_Cave
F_Cave
F_Cave
F_Cave
F_Cave
F_Cave
F_Cave
F_Cave
F_Cave
F_Cave
F_Cave
F_Cave
F_Cave
F_Cave
F_Cave
F_Cave
F_Cave
F_Cave
F_Cave
F_Cave
F_Cave
F_Cave
F_Cave
F_Cave
F_Cave
F_Cave
F_Cave
F_Cave
F_Cave
F_Cave
F_Cave
F_Cave
F_Cave
F_Cave
F_Cave
F_Cave
F_Cave
F_Cave
F_Cave
F_Cave
F_Cave
F_Cave
F_Cave
F_Cave
F_Cave
F_Cave
F_Cave
F_Cave
F_Cave
F_Cave
F_Cave
F_Cave
F_Cave
F_Cave
F_Cave
F_Cave
F_Cave
F_Cave
F_Cave
F_Cave
F_Cave
F_Cave
F_Cave
F_Cave
F_Cave
F_Cave
F_Cave
F_Cave
F_Cave
F_Cave
F_Cave
F_Cave
F_Cave
F_Cave
F_Cave
F_Cave
F_Cave
F_Cave
F_Cave
F_Cave
F_Cave
F_Cave
F_Cave
F_Cave
F_Cave
F_Cave
F_Cave
F_Cave
F_Cave
F_Cave
F_Cave
F_Cave
F_Cave
F_Cave
F_Cave
F_Cave
F_Cave
F_Cave
F_Cave
F_Cave
F_Cave
F_Cave
F_Cave
F_Cave
F_Cave
F_Cave
F_Cave
F_Cave
F_Cave
F_Cave
F_Cave
F_Cave
F_Cave
F_Cave
F_Cave
F_Cave
F_Cave
F_Cave
F_Cave
F_Cave
F_Cave
F_Cave
F_Cave
F_Cave
F_Cave
F_Cave
F_Cave
F_Cave
F_Cave
F_Cave
F_Cave
F_Cave
F_Cave
F_Cave
F_Cave
F_Cave
F_Cave
F_Cave
F_Cave
F_Cave
F_Cave
F_Cave
F_Cave
F_Cave
F_Cave
F_Cave
F_Cave
F_Cave
F_Cave
F_Cave
F_Cave
F_Cave
F_Cave
F_Cave
F_Cave
F_Cave
F_Cave
F_Cave
F_Cave
F_Cave
F_Cave
F_Cave
F_Cave
F_Cave
F_Cave
F_Cave
F_Cave
F_Cave
F_Cave
F_Cave
F_Cave
F_Cave
F_Cave
F_Cave
F_Cave
F_Cave
F_Cave
F_Cave
F_Cave
F_Cave
F_Cave
F_Cave
F_Cave
F_Cave
F_Cave
F_Cave
F_Cave
F_Cave
F_Cave
F_Cave
F_Cave
F_Cave
F_Cave
F_Cave
F_Cave
F_Cave
F_Cave
F_Cave
F_Cave
F_Cave
F_Cave
F_Cave
F_Cave
F_Cave
F_Cave
F_Cave
F_Cave
F_Cave
F_Cave
F_Cave
F_Cave
F_Cave
F_Cave
F_Cave
F_Cave
F_Cave
F_Cave
F_Cave
F_Cave
F_Cave
F_Cave
F_Cave
F_Cave
F_Cave
F_Cave
F_Cave
F_Cave
F_Cave
F_Cave
F_Cave
F_Cave
F_Cave
F_Cave
F_Cave
F_Cave
F_Cave
F_Cave
F_Cave
F_Cave
F_Cave
F_Cave
F_Cave
F_Cave
F_Cave
F_Cave
F_Cave
F_Cave
F_Cave
F_Cave
F_Cave
F_Cave
F_Cave
F_Cave
F_Cave
F_Cave
F_Cave
F_Cave
F_Cave
F_Cave
F_Cave
F_Cave
F_Cave
F_Cave
F_Cave
F_Cave
F_Cave
F_Cave
F_Cave
F_Cave
F_Cave
F_Cave
F_Cave
F_Cave
F_Cave
F_Cave
F_Cave
F_Cave
F_Cave
F_Cave
F_Cave
F_Cave
F_Cave
F_Cave
F_Cave
F_Cave
F_Cave
F_Cave
F_Cave
F_Cave
F_Cave
F_Cave
F_Cave
F_Cave
F_Cave
F_Cave
F_Cave
F_Cave
F_Cave
F_Cave
F_Cave
F_Cave
F_Cave
F_Cave
F_Cave
F_Cave
F_Cave
F_Cave
F_Cave
F_Cave
F_Cave
F_Cave
F_Cave
F_Cave
F_Cave
F_Cave
F_Cave
F_Cave
F_Cave
F_Cave
F_Cave
F_Cave
F_Cave
F_Cave
F_Cave
F_Cave
F_Cave
F_Cave
F_Cave
F_Cave
F_Cave
F_Cave
F_Cave
F_Cave
F_Cave
F_Cave
F_Cave
F_Cave
F_Cave
F_Cave
F_Cave
F_Cave
F_Cave
F_Cave
F_Cave
F_Cave
F_Cave
F_Cave
F_Cave
F_Cave
F_Cave
F_Cave
F_Cave
F_Cave
F_Cave
F_Cave
F_Cave
F_Cave
F_Cave
F_Cave
F_Cave
F_Cave
F_Cave
F_Cave
F_Cave
F_Cave
F_Cave
F_Cave
F_Cave
F_Cave
F_Cave
F_Cave
F_Cave
F_Cave
F_Cave
F_Cave
F_Cave
F_Cave
F_Cave
F_Cave
F_Cave
F_Cave
F_Cave
F_Cave
F_Cave
F_Cave
F_Cave
F_Cave
F_Cave
F_Cave
F_Cave
F_Cave
F_Cave
F_Cave
F_Cave
F_Cave
F_Cave
F_Cave
F_Cave
F_Cave
F_Cave
F_Cave
F_Cave
F_Cave
F_Cave
F_Cave
F_Cave
F_Cave
F_Cave
F_Cave
F_Cave
F_Cave
F_Cave
F_Cave
F_Cave
F_Cave
F_Cave
F_Cave
F_Cave
F_Cave
F_Cave
F_Cave
F_Cave
F_Cave
F_Cave
F_Cave
F_Cave
F_Cave
F_Cave
F_Cave
F_Cave
F_Cave
F_Cave
F_Cave
F_Cave
F_Cave
F_Cave
F_Cave
F_Cave
F_Cave
F_Cave
F_Cave
F_Cave
F_Cave
F_Cave
F_Cave
F_Cave
F_Cave
F_Cave
F_Cave
F_Cave
F_Cave
F_Cave
F_Cave
F_Cave
F_Cave
F_Cave
F_Cave
F_Cave
F_Cave
F_Cave
F_Cave
F_Cave
F_Cave
F_Cave
F_Cave
F_Cave
F_Cave
F_Cave
F_Cave
F_Cave
F_Cave
F_Cave
F_Cave
F_Cave
F_Cave
F_Cave
F_Cave
F_Cave
F_Cave
F_Cave
F_Cave
F_Cave
F_Cave
F_Cave
F_Cave
F_Cave
F_Cave
F_Cave
F_Cave
F_Cave
F_Cave
F_Cave
F_Cave
F_Cave
F_Cave
F_Cave
F_Cave
F_Cave
F_Cave
F_Cave
F_Cave
F_Cave
F_Cave
F_Cave
F_Cave
F_Cave
F_Cave
F_Cave
F_Cave
F_Cave
F_Cave
W_Cave
W_Cave
W_Cave
W_Cave
W_Cave
W_Cave
W_Cave
W_Cave
W_Cave
W_Cave
W_Cave
W_Cave
W_Cave
W_Cave
W_Cave
W_Cave
W_Cave
W_Cave
W_Cave
W_Cave
W_Cave
W_Cave
W_Rock
W_Void
F_Cave
F_Cave
F_Cave
F_Cave
W_Torch
W_Cave
W_Cave
W_Light
F_Cave
F_Cave
F_Cave
F_Cave
F_Cave
W_Torch
W_Cave
W_Cave
W_Cave
W_Cave
F_Cave
W_Void
P0
F_Cave
W_Void
F_Cave
F_Cave
W_Cave
W_Cave
F_Cave
W_Void
F_Cave
F_Cave
F_Cave
W_Void
F_Cave
W_Cave
W_Cave
W_Cave
W_Cave
F_Cave
F_Cave
F_Cave
F_Cave
W_Rock
F_Cave
F_Cave
W_Cave
W_Cave
F_Cave
F_Cave
W_Cave
W_Cave
F_Cave
F_Cave
F_Cave
W_Cave
W_Cave
W_Cave
W_Cave
F_Cave
F_Cave
F_Cave
F_Cave
F_Cave
F_Cave
F_Cave
W_Cave
W_Cave
F_Cave
F_Cave
W_Cave
W_Cave
F_Cave
F_Cave
F_Cave
W_Cave
W_Cave
W_Cave
W_Cave
F_Cave
F_Cave
F_Cave
F_Cave
F_Cave
F_Cave
F_Cave
W_Cave
W_Cave
F_Cave
W_Void
W_Cave
W_Cave
F_Cave
F_Cave
F_Cave
W_Cave
W_Cave
W_Cave
W_Cave
W_Torch
F_Cave
F_Cave
F_Cave
F_Cave
F_Cave
F_Cave
F_Cave
F_Cave
F_Cave
W_Void
W_Cave
W_Cave
F_Cave
E0
F_Cave
W_Cave
W_Cave
W_Cave
W_Cave
W_Rock
W_Rock
W_Rock
F_Cave
F_Cave
F_Cave
F_Cave
F_Cave
F_Cave
F_Cave
W_Void
W_Cave
W_Cave
F_Cave
F_Cave
W_Light
W_Cave
W_Cave
W_Cave
W_Cave
W_Cave
W_Cave
W_Cave
W_Cave
W_Cave
W_Cave
W_Cave
W_Cave
W_Cave
W_Cave
W_Cave
W_Cave
W_Cave
F_Cave
F_Cave
W_Rock
W_Cave
W_Cave
W_Cave
W_Cave
W_Cave
W_Cave
W_Cave
W_Cave
W_Cave
W_Cave
W_Cave
W_Cave
W_Cave
W_Cave
W_Cave
W_Cave
W_Cave
F_Cave
F_Cave
W_Cave
W_Cave
W_Cave
W_Cave
W_Cave
W_Rock
F_Cave
W_Void
W_Torch
W_Cave
W_Cave
W_Cave
W_Cave
W_Cave
W_Cave
W_Cave
W_Cave
W_Cave
F_Cave
F_Cave
W_Cave
W_Cave
W_Cave
W_Cave
W_Cave
F_Cave
W_Void
W_Void
F_Cave
W_Cave
W_Cave
W_Cave
W_Cave
W_Cave
W_Cave
W_Cave
W_Cave
W_Cave
F_Cave
F_Cave
W_Cave
W_Cave
W_Cave
W_Cave
W_Cave
F_Cave
F_Cave
F_Cave
F_Cave
F_Cave
F_Cave
F_Cave
W_Cave
W_Cave
W_Cave
W_Cave
W_Cave
W_Cave
F_Cave
F_Cave
W_Cave
W_Cave
W_Cave
W_Cave
W_Cave
F_Cave
F_Cave
F_Cave
F_Cave
F_Cave
F_Cave
F_Cave
F_Cave
W_Light
W_Cave
W_Cave
W_Cave
W_Cave
F_Cave
F_Cave
W_Cave
W_Cave
W_Cave
W_Cave
W_Cave
W_Cave
F_Cave
F_Cave
W_Cave
W_Cave
W_Cave
F_Cave
F_Cave
F_Cave
F_Cave
F_Cave
F_Cave
W_Cave
F_Cave
F_Cave
W_Rock
W_Cave
W_Cave
W_Cave
W_Cave
W_Cave
F_Cave
F_Cave
W_Cave
W_Cave
W_Cave
W_Cave
W_Cave
W_Void
F_Cave
F_Cave
F_Cave
F_Cave
F_Cave
F_Cave
F_Cave
W_Cave
W_Cave
W_Cave
W_Cave
W_Cave
F_Cave
F_Cave
W_Cave
W_Cave
W_Cave
W_Cave
W_Cave
W_Cave
W_Cave
F_Cave
F_Cave
F_Cave
F_Cave
W_Void
F_Cave
W_Cave
W_Cave
W_Cave
W_Cave
W_Cave
F_Cave
F_Cave
W_Cave
W_Cave
W_Cave
W_Cave
W_Cave
W_Cave
W_Cave
W_Cave
W_Cave
F_Cave
F_Cave
F_Cave
W_Torch
W_Cave
W_Cave
W_Cave
W_Cave
F_Cave
F_Cave
F_Cave
F_Cave
W_Cave
W_Cave
W_Cave
W_Cave
W_Cave
W_Cave
W_Cave
W_Cave
W_Cave
W_Cave
W_Cave
W_Cave
W_Cave
W_Cave
W_Cave
F_Cave
F_Cave
F_Cave
F_Cave
F_Cave
F_Cave
W_Cave
W_Cave
W_Cave
W_Cave
W_Cave
W_Cave
W_Cave
W_Cave
W_Cave
W_Cave
W_Cave
W_Cave
W_Cave
W_Cave
F_Cave
F_Cave
W_Void
E1
F_Cave
F_Cave
F_Cave
F_Cave
F_Cave
F_Cave
F_Cave
F_Cave
F_Cave
F_Cave
F_Cave
F_Cave
F_Cave
W_Rock
W_Cave
W_Cave
F_Cave
F_Cave
W_Torch
F_Cave
F_Cave
F_Cave
F_Cave
F_Cave
F_Cave
F_Cave
F_Cave
F_Cave
F_Cave
F_Cave
F_Cave
F_Cave
F_Cave
F_Cave
W_Cave
W_Cave
F_Cave
F_Cave
F_Cave
F_Cave
F_Cave
F_Cave
W_Cave
W_Cave
W_Cave
W_Cave
W_Cave
W_Cave
F_Cave
F_Cave
F_Cave
W_Void
F_Cave
F_Cave
W_Cave
W_Cave
W_Cave
F_Cave
F_Cave
F_Cave
F_Cave
W_Cave
W_Cave
W_Cave
W_Cave
W_Cave
W_Cave
W_Cave
F_Cave
F_Cave
F_Cave
W_Torch
F_Cave
F_Cave
W_Cave
W_Cave
W_Cave
W_Cave
W_Cave
W_Cave
W_Cave
W_Cave
W_Cave
W_Cave
W_Cave
W_Cave
W_Cave
W_Cave
F_Cave
F_Cave
F_Cave
F_Cave
F_Cave
F_Cave
W_Cave
W_Cave
W_Cave
W_Cave
W_Cave
W_Cave
W_Cave
W_Cave
W_Cave
W_Cave
W_Cave
W_Cave
W_Cave
W_Cave
W_Rock
F_Cave
F_Cave
F_Cave
F_Cave
F_Cave
W_Cave
W_Cave
W_Cave
W_Cave
W_Cave
W_Cave
W_Cave
W_Cave
W_Cave
W_Cave
W_Cave
W_Cave
W_Cave
W_Cave
W_Cave
F_Cave
F_Cave
F_Cave
F_Cave
W_Cave
W_Cave
W_Cave
W_Cave
W_Cave
W_Cave
W_Cave
W_Cave
W_Cave
W_Cave
W_Cave
W_Cave
W_Rock
F_Cave
F_Cave
F_Cave
F_Cave
F_Cave
W_Cave
W_Cave
W_Cave
W_Cave
W_Cave
W_Cave
W_Cave
W_Cave
W_Cave
W_Cave
W_Cave
W_Cave
W_Cave
W_Light
F_Cave
F_Cave
F_Cave
F_Cave
F_Cave
W_Cave
W_Cave
W_Cave
W_Cave
W_Cave
W_Cave
W_Cave
W_Cave
W_Cave
W_Cave
W_Cave
W_Cave
W_Cave
W_Cave
F_Cave
F_Cave
W_Void
W_Cave
W_Cave
W_Cave
W_Cave
W_Cave
W_Cave
W_Cave
W_Cave
W_Cave
W_Cave
W_Cave
W_Cave
W_Cave
W_Cave
W_Cave
W_Cave
W_Cave
F_Cave
F_Cave
W_Cave
W_Cave
W_Cave
W_Cave
W_Cave
W_Cave
W_Cave
W_Cave
W_Cave
W_Cave
W_Cave
W_Cave
W_Cave
W_Cave
W_Cave
W_Cave
W_Cave
W_Cave
F_Cave
F_Cave
W_Cave
W_Cave
W_Cave
W_Cave
W_Cave
W_Cave
W_Cave
W_Cave
W_Cave
W_Cave
W_Cave
W_Cave
W_Cave
W_Cave
W_Cave
W_Cave
W_Cave
W_Cave
F_Cave
F_Cave
W_Cave
W_Cave
W_Cave
W_Cave
W_Cave
W_Cave
W_Cave
W_Cave
W_Cave
W_Cave
W_Cave
W_Cave
W_Cave
W_Cave
W_Cave
W_Cave
W_Cave
W_Cave
F_Cave
F_Cave
W_Cave
W_Cave
W_Cave
W_Cave
W_Cave
W_Cave
W_Cave
W_Cave
W_Cave
W_Cave
W_Cave
W_Cave
W_Cave
W_Cave
W_Cave
W_Cave
W_Cave
W_Cave
F_Cave
F_Cave
W_Cave
W_Cave
W_Cave
W_Cave
W_Cave
W_Cave
W_Cave
W_Cave
W_Cave
W_Cave
W_Cave
W_Cave
W_Cave
W_Cave
W_Cave
W_Cave
W_Cave
W_Rock
F_Cave
F_Cave
W_Torch
W_Cave
W_Cave
W_Cave
W_Cave
W_Cave
W_Cave
W_Cave
W_Cave
W_Cave
W_Cave
W_Cave
W_Cave
W_Cave
W_Cave
W_Cave
F_Cave
F_Cave
F_Cave
F_Cave
F_Cave
F_Cave
W_Cave
W_Cave
W_Cave
W_Cave
W_Cave
W_Cave
W_Cave
W_Cave
W_Cave
W_Cave
W_Cave
W_Cave
W_Cave
W_Cave
F_Cave
E2
W_Void
F_Cave
E3
F_Cave
W_Cave
W_Cave
W_Cave
W_Cave
W_Cave
W_Cave
W_Cave
W_Cave
W_Cave
W_Cave
W_Cave
W_Cave
W_Cave
W_Cave
F_Cave
F_Cave
F_Cave
F_Cave
F_Cave
F_Cave
W_Cave
W_Cave
W_Cave
W_Cave
W_Cave
W_Cave
W_Cave
W_Cave
W_Cave
W_Cave
W_Cave
W_Cave
W_Cave
W_Cave
W_Cave
W_Cave
W_Cave
W_Cave
W_Cave
W_Cave
W_Cave
W_Cave
W_Cave
W_Cave
W_Cave
W_Cave
W_Cave
