20
15
F_Grass
F_Grass
F_Grass
F_Sand
F_Sand
F_Sand
F_Water
F_Water
F_Water
F_Water
F_Water
F_Water
F_Water
F_Water
F_Water
F_Sand
F_Sand
F_Sand
F_Grass
F_Grass
F_Grass
F_Grass
F_Grass
F_Grass
F_Sand
F_Sand
F_Water
F_Water
F_Water
F_Water
F_Water
F_Water
F_Water
F_Water
F_Water
F_Sand
F_Sand
F_Grass
F_Grass
F_Grass
F_Grass
F_Grass
F_Grass
F_Grass
F_Sand
F_Sand
F_Water
F_Water
F_Water
F_Water
F_Water
F_Water
F_Water
F_Water
F_Sand
F_Sand
F_Sand
F_Grass
F_Grass
F_Grass
F_Grass
F_Grass
F_Grass
F_Sand
F_Sand
F_Water
F_Water
F_Water
F_Water
F_Water
F_Water
F_Water
F_Water
F_Water
F_Sand
F_Sand
F_Sand
F_Grass
F_Grass
F_Grass
F_Grass
F_Grass
F_Grass
F_Sand
F_Sand
F_Sand
F_Water
F_Water
F_Water
F_Water
F_Water
F_Water
F_Water
F_Water
F_Sand
F_Sand
F_Grass
F_Grass
F_Grass
F_Grass
F_Grass
F_Grass
F_Grass
F_Grass
F_Sand
F_Sand
F_Water
F_Water
F_Water
F_Water
F_Water
F_Water
F_Water
F_Water
F_Sand
F_Sand
F_Sand
F_Grass
F_Grass
F_Grass
F_Grass
F_Grass
F_Grass
F_Sand
F_Sand
F_Sand
F_Water
F_Water
F_Water
F_Water
F_Water
F_Water
F_Water
F_Sand
F_Sand
F_Sand
F_Grass
F_Grass
F_Grass
F_Grass
F_Grass
F_Grass
F_Grass
F_Sand
F_Sand
F_Water
F_Water
F_Water
F_Water
F_Water
F_Water
F_Water
F_Water
F_Sand
F_Sand
F_Sand
F_Sand
F_Grass
F_Grass
F_Grass
F_Grass
F_Grass
F_Sand
F_Sand
F_Sand
F_Water
F_Water
F_Water
F_Water
F_Water
F_Water
F_Water
F_Water
F_Sand
F_Sand
F_Sand
F_Sand
F_Grass
F_Grass
F_Grass
F_Grass
F_Grass
F_Grass
F_Sand
F_Sand
F_Water
F_Water
F_Water
F_Water
F_Water
F_Water
F_Water
F_Water
F_Water
F_Sand
F_Sand
F_Sand
F_Grass
F_Grass
F_Grass
F_Grass
F_Grass
F_Sand
F_Sand
F_Water
F_Water
F_Water
F_Water
F_Water
F_Water
F_Water
F_Water
F_Water
F_Sand
F_Sand
F_Sand
F_Sand
F_Grass
F_Grass
F_Grass
F_Grass
F_Grass
F_Sand
F_Sand
F_Sand
F_Water
F_Water
F_Water
F_Water
F_Water
F_Water
F_Water
F_Sand
F_Sand
F_Sand
F_Sand
F_Grass
F_Grass
F_Grass
F_Grass
F_Grass
F_Grass
F_Grass
F_Sand
F_Sand
F_Water
F_Water
F_Water
F_Water
F_Water
F_Water
F_Water
F_Sand
F_Sand
F_Sand
F_Sand
F_Grass
F_Grass
F_Grass
F_Grass
F_Grass
F_Grass
F_Sand
F_Sand
F_Water
F_Water
F_Water
F_Water
F_Water
F_Water
F_Water
F_Water
F_Water
F_Sand
F_Sand
F_Sand
F_Grass
F_Grass
F_Grass
F_Grass
F_Grass
F_Sand
F_Sand
F_Sand
F_Water
F_Water
F_Water
F_Water
F_Water
F_Water
F_Water
F_Water
F_Water
F_Sand
F_Sand
F_Sand
F_Grass
F_Grass
F_Grass
F_Grass
W_Tree
W_Tree
W_Tree
W_Tree
W_Tree
W_Tree
W_DeepWater
W_DeepWater
W_DeepWater
W_DeepWater
W_DeepWater
W_DeepWater
W_DeepWater
W_DeepWater
W_DeepWater
W_Tree
W_Tree
W_Tree
W_Tree
W_Tree
W_Tree
F_Sand
E4
F_Sand
F_Sand
F_Sand
F_Sand
F_Sand
F_Sand
F_Sand
F_Sand
F_Sand
W_WoodFence
F_Sand
F_Sand
F_Sand
F_Sand
F_Sand
F_Sand
W_Tree
W_Tree
F_Sand
F_Sand
F_Sand
F_Sand
F_Sand
F_Sand
F_Sand
F_Sand
F_Sand
F_Sand
F_Sand
F_Sand
F_Sand
F_Sand
F_Sand
E0
F_Sand
F_Sand
W_Tree
W_Tree
F_Sand
F_Sand
F_Sand
F_Sand
F_Sand
F_Sand
F_Sand
W_WoodFence
F_Sand
F_Sand
F_Sand
F_Sand
F_Sand
F_Sand
F_Sand
F_Sand
F_Sand
F_Sand
W_Tree
W_Tree
F_Sand
F_Sand
F_Sand
F_Sand
F_Sand
F_Sand
F_Sand
F_Sand
F_Sand
F_Sand
E3
F_Sand
F_Sand
F_Sand
F_Sand
F_Sand
F_Sand
W_Void
W_Tree
W_Tree
F_Sand
F_Sand
F_Sand
F_Sand
F_Sand
F_Sand
F_Sand
F_Sand
F_Sand
F_Sand
F_Sand
F_Sand
F_Sand
F_Sand
F_Sand
F_Sand
F_Sand
W_Void
W_Tree
W_Tree
F_Sand
P0
F_Sand
F_Sand
F_Sand
F_Sand
F_Sand
F_Sand
F_Sand
F_Sand
F_Sand
F_Sand
F_Sand
F_Sand
F_Sand
F_Sand
F_Sand
W_Void
W_Tree
W_Tree
F_Sand
F_Sand
F_Sand
F_Sand
F_Sand
F_Sand
F_Sand
F_Sand
F_Sand
F_Sand
F_Sand
F_Sand
F_Sand
F_Sand
F_Sand
E2
F_Sand
W_Void
W_Tree
W_Tree
F_Sand
F_Sand
F_Sand
F_Sand
F_Sand
F_Sand
F_Sand
F_Sand
F_Sand
F_Sand
F_Sand
F_Sand
F_Sand
F_Sand
F_Sand
F_Sand
F_Sand
W_Void
W_Tree
W_Tree
F_Sand
F_Sand
F_Sand
F_Sand
F_Sand
F_Sand
F_Sand
F_Sand
F_Sand
F_Sand
F_Sand
F_Sand
F_Sand
F_Sand
F_Sand
F_Sand
F_Sand
F_Sand
W_Tree
W_Tree
F_Sand
F_Sand
F_Sand
F_Sand
F_Sand
F_Sand
F_Sand
F_Sand
F_Sand
W_WoodFence
F_Sand
F_Sand
F_Sand
F_Sand
F_Sand
F_Sand
F_Sand
F_Sand
W_Tree
W_Tree
F_Sand
F_Sand
F_Sand
F_Sand
F_Sand
F_Sand
F_Sand
F_Sand
F_Sand
F_Sand
F_Sand
F_Sand
F_Sand
F_Sand
E1
F_Sand
F_Sand
F_Sand
W_Tree
W_Tree
F_Sand
F_Sand
F_Sand
F_Sand
F_Sand
F_Sand
E3
F_Sand
F_Sand
F_Sand
F_Sand
F_Sand
F_Sand
F_Sand
F_Sand
F_Sand
F_Sand
F_Sand
W_Tree
W_Tree
F_Sand
F_Sand
F_Sand
F_Sand
F_Sand
F_Sand
F_Sand
F_Sand
F_Sand
F_Sand
F_Sand
F_Sand
F_Sand
F_Sand
F_Sand
F_Sand
F_Sand
F_Sand
W_Tree
W_Tree
W_Tree
W_Tree
W_Tree
W_DeepWater
W_DeepWater
W_DeepWater
W_DeepWater
W_DeepWater
W_DeepWater
W_DeepWater
W_DeepWater
W_DeepWater
W_Tree
W_Tree
W_Tree
W_Tree
W_Tree
W_Tree
W_Tree
