20
20
F_Grass
F_Grass
F_Grass
F_Grass
F_Grass
F_Grass
F_Grass
F_Grass
F_Grass
F_Grass
F_Grass
F_Grass
F_Grass
F_Grass
F_Grass
F_Grass
F_Grass
F_Grass
F_Grass
F_Grass
F_Grass
F_Grass
F_Grass
F_Grass
F_Grass
F_Grass
F_Grass
F_Grass
F_Grass
F_Grass
F_Grass
F_Grass
F_Grass
F_Grass
F_Grass
F_Grass
F_Grass
F_Grass
F_Grass
F_Grass
F_Grass
F_Grass
F_Grass
F_Grass
F_Grass
F_Grass
F_Grass
F_Grass
F_Grass
F_Grass
F_Grass
F_Grass
F_Grass
F_Grass
F_Grass
F_Grass
F_Grass
F_Grass
F_Grass
F_Grass
F_Grass
F_Grass
F_Grass
F_Grass
F_Grass
F_Grass
F_Grass
F_Grass
F_Grass
F_Grass
F_Grass
F_Grass
F_Grass
F_Grass
F_Grass
F_Grass
F_Grass
F_Grass
F_Grass
F_Grass
F_Grass
F_Grass
F_Grass
F_Grass
F_Grass
F_Grass
F_Grass
F_Water
F_Grass
F_Grass
F_Grass
F_Grass
F_Grass
F_Dirt
F_Dirt
F_Dirt
F_Grass
F_Grass
F_Grass
F_Grass
F_Grass
F_Grass
F_Grass
F_Grass
F_Grass
F_Grass
F_Grass
F_Water
F_Water
F_Grass
F_Grass
F_Grass
F_Grass
F_Dirt
F_Dirt
F_Dirt
F_Grass
F_Grass
F_Grass
F_Grass
F_Grass
F_Grass
F_Grass
F_Grass
F_Water
F_Grass
F_Water
F_Water
F_Water
F_Water
F_Grass
F_Grass
F_Grass
F_Grass
F_Dirt
F_Dirt
F_Dirt
F_Grass
F_Grass
F_Grass
F_Grass
F_Grass
F_Grass
F_Grass
F_Grass
F_Water
F_Water
F_Water
F_Water
F_Water
F_Grass
F_Grass
F_Grass
F_Grass
F_Dirt
F_Dirt
F_Dirt
F_Grass
F_Grass
F_Grass
F_Grass
F_Grass
F_Grass
F_Grass
F_Grass
F_Grass
F_Water
F_Water
F_Water
F_Water
F_Water
F_Grass
F_Grass
F_Grass
F_Grass
F_Grass
F_Grass
F_Grass
F_Grass
F_Grass
F_Grass
F_Grass
F_Grass
F_Grass
F_Grass
F_Grass
F_Water
F_Water
F_Water
F_Water
F_Grass
F_Grass
F_Grass
F_Grass
F_Grass
F_Grass
F_Grass
F_Grass
F_Grass
F_Grass
F_Grass
F_Grass
F_Grass
F_Grass
F_Grass
F_Grass
F_Dirt
F_Water
F_Dirt
F_Dirt
F_Grass
F_Water
F_Grass
F_Grass
F_Grass
F_Grass
F_Grass
F_Grass
F_Grass
F_Grass
F_Grass
F_Grass
F_Grass
F_Grass
F_Grass
F_Grass
F_Dirt
F_Dirt
F_Dirt
F_Dirt
F_Grass
F_Grass
F_Grass
F_Grass
F_Grass
F_Grass
F_Grass
F_Grass
F_Grass
F_Grass
F_Grass
F_Grass
F_Grass
F_Grass
F_Grass
F_Dirt
F_Dirt
F_Water
F_Dirt
F_Dirt
F_Grass
F_Grass
F_Grass
F_Grass
F_Grass
F_Grass
F_Grass
F_Grass
F_Grass
F_Grass
F_Grass
F_Grass
F_Grass
F_Grass
F_Grass
F_Dirt
F_Dirt
F_Dirt
F_Dirt
F_Grass
F_Grass
F_Grass
F_Grass
F_Grass
F_Grass
F_Grass
F_Grass
F_Grass
F_Grass
F_Grass
F_Grass
F_Grass
F_Grass
F_Grass
F_Grass
F_Dirt
F_Dirt
F_Dirt
F_Dirt
F_Grass
F_Grass
F_Grass
F_Grass
F_Grass
F_Grass
F_Grass
F_Grass
F_Grass
F_Grass
F_Grass
F_Grass
F_Grass
F_Grass
F_Grass
F_Grass
F_Dirt
F_Dirt
F_Dirt
F_Grass
F_Grass
F_Grass
F_Grass
F_Grass
F_Grass
F_Grass
F_Grass
F_Grass
F_Grass
F_Grass
F_Grass
F_Grass
F_Grass
F_Grass
F_Grass
F_Grass
F_Grass
F_Grass
F_Grass
F_Grass
F_Grass
F_Grass
F_Grass
F_Grass
F_Grass
F_Grass
F_Grass
F_Grass
F_Grass
F_Grass
F_Grass
F_Grass
F_Grass
F_Grass
F_Grass
F_Grass
F_Grass
F_Grass
F_Grass
F_Grass
F_Grass
F_Grass
F_Grass
F_Grass
F_Grass
F_Grass
F_Grass
F_Grass
F_Grass
F_Grass
F_Grass
F_Grass
F_Grass
F_Grass
F_Grass
F_Grass
F_Grass
F_Grass
F_Grass
F_Grass
F_Grass
F_Grass
F_Grass
F_Grass
F_Grass
F_Grass
F_Grass
F_Grass
F_Grass
F_Grass
F_Grass
F_Grass
F_Grass
F_Grass
F_Grass
F_Grass
F_Grass
F_Grass
F_Grass
F_Grass
F_Grass
F_Grass
F_Grass
F_Grass
F_Grass
F_Grass
F_Grass
F_Grass
F_Grass
F_Grass
F_Grass
W_Tree
W_Tree
W_Tree
W_Tree
W_Tree
W_Tree
W_Tree
W_Tree
W_Tree
W_Tree
W_Tree
W_Tree
W_Tree
W_Tree
W_Tree
W_Tree
W_Tree
W_Tree
W_Tree
W_Tree
W_Tree
W_Tree
W_Tree
W_Tree
W_Tree
W_Tree
W_Tree
W_Tree
W_Tree
W_Tree
W_Tree
W_Tree
W_Tree
W_Tree
W_Tree
W_Tree
W_Tree
W_Tree
W_Tree
W_Tree
W_Tree
W_Tree
W_Tree
W_Tree
W_Void
W_Void
W_Void
W_Void
W_Void
W_Void
W_Void
W_Void
W_Void
W_Void
W_Void
W_Tree
W_Tree
W_Tree
W_Tree
W_Tree
W_Tree
W_Tree
W_Tree
W_Void
E2
W_Void
W_Void
W_Void
W_Void
F_Grass
F_Grass
W_Void
F_Grass
W_Void
F_Grass
W_Void
W_Void
W_Tree
W_Tree
W_Tree
W_Tree
W_Tree
W_Void
W_Void
W_Void
W_Void
W_Void
W_Void
W_Void
W_Void
W_Void
W_Void
W_Void
F_Dirt
W_Void
W_Void
F_Sand
W_Void
W_Tree
W_Tree
W_Tree
W_Tree
W_Void
W_Void
W_Void
W_Void
W_WoodFence
W_Void
W_Void
W_Void
W_Void
W_Void
W_Void
W_Void
W_Void
W_Void
W_Void
F_Grass
F_Grass
W_Tree
W_Tree
W_Tree
W_Void
F_Grass
F_Grass
F_Grass
F_Grass
W_Void
W_Void
F_Grass
W_WoodFence
F_Grass
F_Grass
F_Grass
F_Grass
F_Grass
F_Grass
F_Grass
F_Grass
W_Tree
W_Tree
W_Void
W_Void
W_Void
F_Grass
F_Grass
F_Grass
W_DeepWater
W_DeepWater
F_Grass
F_Grass
F_Grass
F_Dirt
F_Dirt
F_Dirt
F_Dirt
F_Dirt
F_Dirt
W_Void
W_Tree
W_Tree
W_Void
E0
W_Void
W_Void
F_Grass
F_Grass
W_DeepWater
W_DeepWater
W_Void
F_Grass
F_Grass
F_Grass
F_Grass
F_Grass
F_Grass
F_Grass
F_Grass
W_Void
W_Tree
W_Tree
W_Void
W_Void
W_Void
W_Void
W_WoodFence
W_Void
W_Void
W_Void
W_Void
F_Grass
F_Grass
F_Grass
F_Grass
F_Grass
F_Grass
F_Grass
F_Grass
W_Void
W_Tree
W_Tree
W_Void
W_Void
W_Void
W_Void
W_Void
W_Void
W_Void
W_Void
W_WoodFence
F_Grass
F_Grass
F_Grass
W_Void
W_Void
F_Grass
W_WoodFence_D
W_Void
E1
W_Tree
W_Tree
W_Void
F_Grass
F_Grass
F_Grass
F_Grass
F_Grass
F_Grass
F_Grass
F_Grass
F_Grass
F_Grass
W_Void
W_Void
W_Void
W_Void
W_WoodFence_UD
W_Void
W_Void
W_Tree
W_Tree
W_Void
F_Grass
F_Grass
F_Grass
F_Grass
F_Grass
F_Grass
F_Grass
W_Void
W_Void
W_Void
W_Void
W_Void
W_Void
W_Void
W_WoodFence_UD
W_Void
W_Void
W_Tree
W_Tree
W_Void
W_Void
W_Void
F_Grass
W_Void
W_Void
F_Grass
W_Void
F_Grass
W_Void
W_Void
W_Void
W_Void
W_Void
W_Void
W_WoodFence_UD
W_Void
W_Void
W_Tree
W_Tree
W_Tree
W_Void
W_Void
W_Void
W_Void
P0
W_Void
W_Void
W_Void
W_Void
W_Void
W_Void
W_WoodFence_R
W_WoodFence_RL
W_WoodFence_RL
W_WoodFence_UL
W_Void
W_Void
W_Tree
W_Tree
W_Tree
W_Void
W_Void
W_Void
W_Void
W_Void
W_Void
W_Void
W_Void
W_Tree
W_Void
W_Void
W_Void
W_Void
W_Void
W_Void
W_Void
W_Void
W_Tree
W_Tree
W_Tree
W_Tree
W_Void
W_Void
W_Void
W_Void
W_Void
W_Void
W_Void
W_Tree
W_Tree
W_Void
E1
W_Void
W_Void
W_Void
W_Void
E3
W_Tree
W_Tree
W_Tree
W_Tree
W_Tree
W_Void
W_Void
W_Void
W_Void
W_Void
W_Tree
W_Tree
W_Tree
W_Void
W_Void
W_Void
W_Void
W_Void
W_Void
W_Void
W_Tree
W_Tree
W_Tree
W_Tree
W_Tree
W_Tree
W_Tree
W_Tree
W_Tree
W_Tree
W_Tree
W_Tree
W_Tree
W_Tree
W_Tree
W_Tree
W_Tree
W_Tree
W_Tree
W_Tree
W_Tree
W_Tree
W_Tree
W_Tree
W_Tree
W_Tree
W_Tree
W_Tree
W_Tree
W_Tree
W_Tree
W_Tree
W_Tree
W_Tree
W_Tree
W_Tree
W_Tree
W_Tree
W_Tree
W_Tree
W_Tree
