30
30
F_Cave
F_Cave
F_Cave
F_Cave
F_Cave
F_Cave
F_Cave
F_Cave
F_Cave
F_Cave
F_Cave
F_Cave
F_Cave
F_Cave
F_Cave
F_Cave
F_Cave
F_Cave
F_Cave
F_Cave
F_Cave
F_Cave
F_Cave
F_Cave
F_Cave
F_Cave
F_Cave
F_Cave
F_Cave
F_Cave
F_Cave
F_Cave
F_Cave
F_Cave
F_Cave
F_Cave
F_Cave
F_Cave
F_Cave
F_Cave
F_Cave
F_Cave
F_Cave
F_Cave
F_Cave
F_Cave
F_Cave
F_Cave
F_Cave
F_Cave
F_Cave
F_Cave
F_Cave
F_Cave
F_Water
F_Water
F_Water
F_Water
F_Cave
F_Cave
F_Cave
F_Cave
F_Cave
F_Cave
F_Cave
F_Cave
F_Cave
F_Cave
F_Cave
F_Cave
F_Cave
F_Cave
F_Cave
F_Cave
F_Cave
F_Cave
F_Cave
F_Cave
F_Cave
F_Cave
F_Cave
F_Cave
F_Cave
F_Cave
F_Water
F_Water
F_Water
F_Water
F_Water
F_Water
F_Cave
F_Cave
F_Cave
F_Cave
F_Cave
F_Cave
F_Cave
F_Cave
F_Cave
F_Cave
F_Cave
F_Cave
F_Cave
F_Cave
F_Cave
F_Cave
F_Cave
F_Cave
F_Cave
F_Cave
F_Cave
F_Cave
F_Cave
F_Water
F_Water
F_Water
F_Water
F_Water
F_Water
F_Cave
F_Cave
F_Cave
F_Cave
F_Cave
F_Cave
F_Cave
F_Cave
F_Cave
F_Cave
F_Cave
F_Cave
F_Cave
F_Cave
F_Cave
F_Cave
F_Cave
F_Cave
F_Cave
F_Cave
F_Cave
F_Cave
F_Cave
F_Water
F_Water
F_Water
F_Water
F_Water
F_Water
F_Water
F_Cave
F_Cave
F_Cave
F_Cave
F_Cave
F_Cave
F_Cave
F_Cave
F_Cave
F_Cave
F_Cave
F_Cave
F_Cave
F_Cave
F_Cave
F_Cave
F_Cave
F_Cave
F_Cave
F_Cave
F_Cave
F_Water
F_Water
F_Water
F_Water
F_Water
F_Water
F_Water
F_Water
F_Water
F_Cave
F_Cave
F_Cave
F_Cave
F_Cave
F_Cave
F_Cave
F_Cave
F_Cave
F_Cave
F_Cave
F_Cave
F_Cave
F_Cave
F_Cave
F_Cave
F_Cave
F_Cave
F_Cave
F_Cave
F_Cave
F_Cave
F_Cave
F_Cave
F_Water
F_Water
F_Water
F_Water
F_Water
F_Water
F_Cave
F_Cave
F_Cave
F_Cave
F_Cave
F_Cave
F_Cave
F_Cave
F_Cave
F_Cave
F_Cave
F_Cave
F_Cave
F_Cave
F_Cave
F_Cave
F_Cave
F_Cave
F_Cave
F_Cave
F_Cave
F_Cave
F_Cave
F_Cave
F_Cave
F_Water
F_Water
F_Water
F_Water
F_Water
F_Cave
F_Cave
F_Cave
F_Cave
F_Cave
F_Cave
F_Cave
F_Cave
F_Cave
F_Cave
F_Cave
F_Cave
F_Cave
F_Cave
F_Cave
F_Cave
F_Cave
F_Cave
F_Grass
F_Cave
F_Cave
F_Cave
F_Cave
F_Cave
F_Cave
F_Cave
F_Cave
F_Cave
F_Cave
F_Cave
F_Cave
F_Cave
F_Cave
F_Cave
F_Cave
F_Cave
F_Cave
F_Cave
F_Cave
F_Cave
F_Cave
F_Cave
F_Cave
F_Grass
F_Grass
F_Grass
F_Grass
F_Grass
F_Grass
F_Grass
F_Cave
F_Cave
F_Cave
F_Cave
F_Cave
F_Cave
F_Cave
F_Cave
F_Cave
F_Cave
F_Cave
F_Cave
F_Cave
F_Cave
F_Cave
F_Cave
F_Cave
F_Cave
F_Cave
F_Cave
F_Cave
F_Grass
F_Grass
F_Grass
F_Grass
F_Grass
F_Grass
F_Grass
F_Grass
F_Cave
F_Grass
F_Cave
F_Cave
F_Cave
F_Cave
F_Cave
F_Cave
F_Cave
F_Cave
F_Cave
F_Cave
F_Cave
F_Cave
F_Cave
F_Cave
F_Cave
F_Cave
F_Cave
F_Cave
F_Cave
F_Cave
F_Grass
F_Grass
F_Grass
F_Grass
F_Grass
F_Grass
F_Grass
F_Grass
F_Grass
F_Cave
F_Cave
F_Cave
F_Cave
F_Cave
F_Grass
F_Grass
F_Grass
F_Cave
F_Cave
F_Cave
F_Cave
F_Cave
F_Cave
F_Cave
F_Cave
F_Cave
F_Cave
F_Cave
F_Cave
F_Grass
F_Grass
F_Grass
F_Grass
F_Grass
F_Grass
F_Grass
F_Grass
F_Grass
F_Cave
F_Cave
F_Cave
F_Cave
F_Cave
F_Grass
F_Grass
F_Grass
F_Grass
F_Cave
F_Cave
F_Cave
F_Cave
F_Cave
F_Cave
F_Cave
F_Cave
F_Cave
F_Cave
F_Cave
F_Cave
F_Grass
F_Grass
F_Grass
F_Grass
F_Grass
F_Grass
F_Cave
F_Grass
F_Grass
F_Grass
F_Cave
F_Cave
F_Cave
F_Grass
F_Cave
F_Cave
F_Cave
F_Grass
F_Cave
F_Cave
F_Cave
F_Cave
F_Cave
F_Cave
F_Cave
F_Cave
F_Cave
F_Cave
F_Cave
F_Grass
F_Grass
F_Grass
F_Grass
F_Grass
F_Grass
F_Grass
F_Cave
F_Cave
F_Grass
F_Cave
F_Cave
F_Cave
F_Cave
F_Cave
F_Cave
F_Cave
F_Cave
F_Cave
F_Cave
F_Cave
F_Cave
F_Cave
F_Cave
F_Cave
F_Cave
F_Cave
F_Cave
F_Cave
F_Cave
F_Cave
F_Cave
F_Grass
F_Grass
F_Grass
F_Grass
F_Cave
F_Grass
F_Cave
F_Cave
F_Cave
F_Cave
F_Cave
F_Cave
F_Cave
F_Cave
F_Cave
F_Cave
F_Cave
F_Cave
F_Cave
F_Cave
F_Cave
F_Cave
F_Cave
F_Cave
F_Cave
F_Cave
F_Cave
F_Cave
F_Cave
F_Cave
F_Cave
F_Grass
F_Cave
F_Cave
F_Cave
F_Cave
F_Cave
F_Cave
F_Cave
F_Water
F_Water
F_Cave
F_Cave
F_Cave
F_Water
F_Cave
F_Cave
F_Cave
F_Cave
F_Cave
F_Cave
F_Cave
F_Cave
F_Cave
F_Cave
F_Cave
F_Cave
F_Cave
F_Cave
F_Cave
F_Cave
F_Cave
F_Grass
F_Cave
F_Cave
F_Cave
F_Cave
F_Cave
F_Water
F_Water
F_Water
F_Water
F_Water
F_Water
F_Cave
F_Cave
F_Cave
F_Cave
F_Cave
F_Cave
F_Cave
F_Cave
F_Cave
F_Cave
F_Cave
F_Cave
F_Cave
F_Cave
F_Cave
F_Cave
F_Cave
F_Cave
F_Cave
F_Cave
F_Cave
F_Cave
F_Cave
F_Water
F_Water
F_Water
F_Water
F_Water
F_Water
F_Water
F_Water
F_Water
F_Water
F_Cave
F_Cave
F_Cave
F_Cave
F_Cave
F_Cave
F_Cave
F_Cave
F_Cave
F_Cave
F_Cave
F_Cave
F_Cave
F_Cave
F_Cave
F_Cave
F_Cave
F_Cave
F_Cave
F_Water
F_Water
F_Water
F_Water
F_Water
F_Water
F_Water
F_Water
F_Water
F_Water
F_Water
F_Cave
F_Cave
F_Cave
F_Cave
F_Cave
F_Cave
F_Cave
F_Cave
F_Cave
F_Cave
F_Cave
F_Cave
F_Cave
F_Cave
F_Cave
F_Cave
F_Cave
F_Cave
F_Cave
F_Water
F_Water
F_Water
F_Water
F_Water
F_Water
F_Water
F_Water
F_Water
F_Water
F_Cave
F_Cave
F_Cave
F_Cave
F_Cave
F_Cave
F_Cave
F_Cave
F_Cave
F_Cave
F_Cave
F_Cave
F_Cave
F_Cave
F_Cave
F_Cave
F_Cave
F_Cave
F_Cave
F_Water
F_Water
F_Water
F_Water
F_Water
F_Water
F_Water
F_Water
F_Water
F_Water
F_Cave
F_Cave
F_Cave
F_Water
F_Cave
F_Cave
F_Cave
F_Cave
F_Cave
F_Cave
F_Cave
F_Cave
F_Cave
F_Cave
F_Cave
F_Cave
F_Cave
F_Cave
F_Cave
F_Water
F_Water
F_Water
F_Water
F_Water
F_Water
F_Water
F_Water
F_Cave
F_Cave
F_Cave
F_Water
F_Water
F_Water
F_Water
F_Cave
F_Cave
F_Cave
F_Cave
F_Cave
F_Cave
F_Cave
F_Cave
F_Cave
F_Cave
F_Cave
F_Cave
F_Cave
F_Cave
F_Cave
F_Water
F_Water
F_Water
F_Water
F_Water
F_Water
F_Cave
F_Cave
F_Cave
F_Cave
F_Water
F_Water
F_Water
F_Water
F_Water
F_Cave
F_Cave
F_Cave
F_Cave
F_Cave
F_Cave
F_Cave
F_Cave
F_Cave
F_Cave
F_Cave
F_Cave
F_Cave
F_Cave
F_Cave
F_Cave
F_Cave
F_Cave
F_Water
F_Water
F_Water
F_Cave
F_Cave
F_Cave
F_Water
F_Water
F_Water
F_Water
F_Water
F_Water
F_Cave
F_Cave
F_Cave
F_Cave
F_Cave
F_Cave
F_Cave
F_Cave
F_Cave
F_Cave
F_Cave
F_Cave
F_Cave
F_Cave
F_Cave
F_Cave
F_Cave
F_Cave
F_Cave
F_Water
F_Water
F_Water
F_Cave
F_Water
F_Water
F_Water
F_Water
F_Water
F_Water
F_Water
F_Cave
F_Cave
F_Cave
F_Cave
F_Cave
F_Cave
F_Cave
F_Cave
F_Cave
F_Cave
F_Cave
F_Cave
F_Cave
F_Cave
F_Cave
F_Cave
F_Cave
F_Cave
F_Water
F_Water
F_Water
F_Water
F_Water
F_Water
F_Water
F_Water
F_Water
F_Water
F_Water
F_Water
F_Cave
F_Cave
F_Cave
F_Cave
F_Cave
F_Cave
F_Cave
F_Cave
F_Cave
F_Cave
F_Cave
F_Cave
F_Cave
F_Cave
F_Cave
F_Cave
F_Cave
F_Cave
F_Water
F_Water
F_Water
F_Water
F_Water
F_Water
F_Water
F_Water
F_Water
F_Water
F_Water
F_Water
F_Cave
F_Cave
F_Cave
F_Cave
F_Cave
F_Cave
F_Cave
F_Cave
F_Cave
F_Cave
F_Cave
F_Cave
F_Cave
F_Cave
F_Cave
F_Cave
F_Cave
F_Cave
F_Water
F_Water
F_Water
F_Water
F_Water
F_Water
F_Water
F_Water
F_Water
F_Water
F_Water
F_Water
F_Cave
F_Cave
F_Cave
F_Cave
F_Cave
F_Cave
F_Cave
F_Cave
F_Cave
F_Cave
F_Cave
F_Cave
F_Cave
F_Cave
F_Cave
F_Cave
F_Cave
F_Cave
F_Cave
F_Cave
F_Cave
F_Cave
F_Cave
F_Cave
F_Cave
F_Cave
F_Cave
F_Cave
F_Cave
F_Cave
F_Cave
W_Cave_UDRL
W_Cave_UDRL
W_Cave_UDRL
W_Cave_UDRL
W_Cave_UDRL
W_Cave_UDRL
W_Cave_UDRL
W_Cave_UDRL
W_Cave_UDRL
W_Cave_UDRL
W_Cave_URL
W_Cave_URL
W_Cave_URL
W_Cave_URL
W_Cave_URL
W_Cave_URL
W_Cave_URL
W_Cave_URL
W_Cave_UDRL
W_Cave_UDRL
W_Cave_UDRL
W_Cave_UDRL
W_Cave_UDRL
W_Cave_UDRL
W_Cave_UDRL
W_Cave_URL
W_Cave_URL
W_Cave_URL
W_Cave_UDRL
W_Cave_UDRL
W_Cave_UDRL
W_Cave_UDRL
W_Cave_UDRL
W_Cave_UDRL
W_Cave_UDRL
W_Cave_UDRL
W_Cave_UDRL
W_Cave_UDRL
W_Cave_UDRL
W_Cave_UL
W_Rock
W_Void
W_Void
W_Void
W_Void
W_Void
W_Void
W_Void
W_Cave_UR
W_Cave_UDRL
W_Cave_UDRL
W_Cave_UDRL
W_Cave_UDRL
W_Cave_UDRL
W_Cave_UL
W_Void
W_Void
W_Rock
W_Cave_UR
W_Cave_UDRL
W_Cave_UDRL
W_Cave_UDRL
W_Cave_UDRL
W_Cave_UDRL
W_Cave_UDRL
W_Cave_UDRL
W_Cave_UDRL
W_Cave_UDRL
W_Cave_UDL
W_Void
W_Torch
E1
W_Void
W_Void
W_Void
W_Void
W_Void
W_Void
W_Void
W_Cave_UR
W_Cave_UDRL
W_Cave_UDRL
W_Cave_UDRL
W_Cave_UDL
W_Void
W_Void
W_Void
W_Void
W_Rock
W_Cave_UDR
W_Cave_UDRL
W_Cave_UDRL
W_Cave_UDRL
W_Cave_UDRL
W_Cave_UDRL
W_Cave_UDRL
W_Cave_UDRL
W_Cave_UDRL
W_Cave_UDL
W_Void
W_Void
W_Void
W_Void
W_Void
W_Void
W_Cave_DR
W_Cave_DL
W_Void
W_Void
W_Void
W_Cave_UR
W_Cave_URL
W_Cave_URL
W_Cave_UL
W_Void
W_Void
E9
W_Void
W_Void
W_Cave_UDR
W_Cave_UDRL
W_Cave_UDRL
W_Cave_URL
W_Cave_URL
W_Cave_URL
W_Cave_URL
W_Cave_URL
W_Cave_UDRL
W_Cave_UDL
W_Void
E7
W_Void
W_Void
E3
W_Void
W_Cave_UDR
W_Cave_UDRL
W_Cave_DL
W_Void
W_Void
W_Void
W_Void
W_Void
W_Void
W_Void
W_Void
W_Void
W_Void
W_Void
W_Cave_UDR
W_Cave_UDL
W_Cave_UL
W_Rock
W_Void
W_Void
W_Void
W_Void
W_Cave_UR
W_Cave_UDRL
W_Cave_DL
W_Void
W_Void
W_Void
W_Void
W_Cave_DR
W_Cave_UDRL
W_Cave_UDRL
W_Cave_UDL
W_Void
W_Void
W_Void
W_Void
W_Void
W_Void
W_Void
W_Void
W_Void
W_Void
W_Void
W_Cave_UDR
W_Cave_UDL
W_Void
E0
W_Void
E6
W_Void
W_Void
W_Void
W_Cave_UDR
W_Cave_UDRL
W_Cave_DRL
W_Cave_DRL
W_Cave_DRL
W_Cave_DRL
W_Cave_UDRL
W_Cave_UDRL
W_Cave_UDRL
W_Cave_UDL
W_Void
W_Void
W_Cave_DR
W_Cave_DRL
W_Cave_DRL
W_Cave_DL
W_Void
W_Void
W_Void
W_Void
W_Void
W_Cave_UDR
W_Cave_UDL
W_Void
W_Void
W_Void
W_Void
E2
W_Void
W_Void
W_Cave_UDR
W_Cave_UDRL
W_Cave_UDRL
W_Cave_UDRL
W_Cave_UDRL
W_Cave_UDRL
W_Cave_UDRL
W_Cave_UDRL
W_Cave_UDRL
W_Cave_UL
W_Void
W_Void
W_Cave_UR
W_Cave_UDRL
W_Cave_UDRL
W_Cave_UDRL
W_Cave_DL
W_Void
W_Void
W_Void
W_Cave_DR
W_Cave_UDRL
W_Cave_UDL
W_Void
W_Void
E4
W_Void
W_Void
W_Void
W_Void
W_Cave_UDR
W_Cave_UDRL
W_Cave_UDRL
W_Cave_UDRL
W_Cave_URL
W_Cave_URL
W_Cave_URL
W_Cave_URL
W_Cave_UL
F_Void
F_Void
F_Void
W_Light
W_Cave_UR
W_Cave_URL
W_Cave_UDRL
W_Cave_UDRL
W_Cave_DRL
W_Cave_DRL
W_Cave_DRL
W_Cave_UDRL
W_Cave_UDRL
W_Cave_UDL
W_Void
E10
W_Void
W_Void
E8
W_Void
W_Void
W_Cave_UDR
W_Cave_UDRL
W_Cave_URL
W_Cave_UL
W_Light
F_Void
F_Void
F_Void
F_Void
F_Void
F_Void
F_Void
F_Void
F_Void
F_Void
W_Cave_UR
W_Cave_UDRL
W_Cave_UDRL
W_Cave_UDRL
W_Cave_UDRL
W_Cave_UDRL
W_Cave_UDRL
W_Cave_UDL
W_Void
W_Void
W_Void
W_Void
W_Void
W_Void
W_Rock
W_Cave_UDR
W_Cave_UDL
W_Rock
F_Void
W_Void
F_Void
F_Void
F_Void
F_Void
F_Void
F_Void
F_Void
F_Void
F_Void
F_Void
W_Rock
W_Cave_UR
W_Cave_URL
W_Cave_URL
W_Cave_UDRL
W_Cave_UDRL
W_Cave_UDRL
W_Cave_UDRL
W_Cave_DL
W_Light
W_Void
W_Void
W_Void
W_Void
W_Cave_DR
W_Cave_UDRL
W_Cave_UL
F_Void
F_Void
F_Void
F_Void
F_Void
F_Void
F_Void
F_Void
F_Void
F_Void
F_Void
F_Void
F_Void
W_Void
W_Void
F_Void
W_Rock
W_Cave_UDR
W_Cave_UDRL
W_Cave_UDRL
W_Cave_UDRL
W_Cave_UDRL
W_Cave_DRL
W_Cave_DL
W_Void
W_Void
W_Void
W_Cave_UDR
W_Cave_UDL
F_Void
F_Void
F_Void
F_Void
F_Void
F_Void
F_Void
F_Void
P0
F_Void
F_Void
F_Void
F_Void
F_Void
W_Void
F_Void
F_Void
F_Void
W_Cave_UDR
W_Cave_UDRL
W_Cave_UDRL
W_Cave_UDRL
W_Cave_UDRL
W_Cave_UDRL
W_Cave_UDL
W_Void
W_Void
W_Void
W_Cave_UR
W_Cave_UL
F_Void
F_Void
F_Void
F_Void
F_Void
W_Torch
F_Void
F_Void
F_Void
F_Void
F_Void
F_Void
F_Void
W_Torch
F_Void
F_Void
F_Void
F_Void
W_Cave_UDR
W_Cave_UDRL
W_Cave_UDRL
W_Cave_UDRL
W_Cave_UDRL
W_Cave_UDRL
W_Cave_UDL
W_Void
W_Void
W_Void
W_Void
W_Void
W_Void
F_Void
F_Void
F_Void
F_Void
F_Void
F_Void
F_Void
F_Void
F_Void
F_Void
F_Void
F_Void
F_Void
F_Void
F_Void
F_Void
F_Void
W_Cave_UDR
W_Cave_UDRL
W_Cave_UDRL
W_Cave_UDRL
W_Cave_UDRL
W_Cave_UDRL
W_Cave_UDRL
W_Cave_DL
W_Void
W_Void
W_Void
W_Void
F_Void
F_Void
F_Void
F_Void
F_Void
F_Void
F_Void
F_Void
F_Void
W_Rock
W_Rock
F_Void
F_Void
F_Void
F_Void
F_Void
F_Void
W_Light
W_Cave_UDR
W_Cave_UDRL
W_Cave_UDRL
W_Cave_UDRL
W_Cave_UDRL
W_Cave_UDRL
W_Cave_UDRL
W_Cave_UDRL
W_Cave_DRL
W_Cave_DRL
W_Cave_DRL
W_Cave_DL
W_Light
F_Void
F_Void
F_Void
F_Void
F_Void
F_Void
F_Void
W_Rock
W_Rock
F_Void
F_Void
F_Void
F_Void
F_Void
F_Void
F_Void
W_Cave_DR
W_Cave_UDRL
W_Cave_UDRL
W_Cave_UDRL
W_Cave_UDRL
W_Cave_UDRL
W_Cave_UDRL
W_Cave_UDRL
W_Cave_UDRL
W_Cave_UDRL
W_Cave_UDRL
W_Cave_URL
W_Cave_UL
F_Void
F_Void
F_Void
F_Void
F_Void
F_Void
F_Void
W_Rock
W_Rock
F_Void
F_Void
F_Void
F_Void
F_Void
F_Void
F_Void
F_Void
W_Cave_UDR
W_Cave_UDRL
W_Cave_UDRL
W_Cave_UDRL
W_Cave_UDRL
W_Cave_UDRL
W_Cave_UDRL
W_Cave_UDRL
W_Cave_UDRL
W_Cave_UDRL
W_Cave_UL
W_Void
W_Void
W_Void
W_Void
F_Void
W_Void
F_Void
F_Void
W_Rock
W_Rock
F_Void
F_Void
F_Void
F_Void
F_Void
F_Void
F_Void
F_Void
F_Void
W_Cave_UDR
W_Cave_UDRL
W_Cave_UDRL
W_Cave_UDRL
W_Cave_UDRL
W_Cave_UDRL
W_Cave_UDRL
W_Cave_UDRL
W_Cave_UDRL
W_Cave_UL
W_Void
W_Void
W_Void
W_Void
W_Void
W_Void
W_Void
F_Void
W_Torch
W_Rock
F_Void
F_Void
F_Void
F_Void
F_Void
W_Rock
F_Void
F_Void
F_Void
W_Cave_DR
W_Cave_UDRL
W_Cave_UDRL
W_Cave_UDRL
W_Cave_UDRL
W_Cave_UDRL
W_Cave_UDRL
W_Cave_UDRL
W_Cave_UDRL
W_Cave_UL
W_Void
W_Void
W_Void
W_Cave_DR
W_Cave_DRL
W_Cave_DL
W_Void
W_Void
F_Void
F_Void
F_Void
F_Void
F_Void
F_Void
F_Void
F_Void
F_Void
F_Void
F_Void
W_Cave_DR
W_Cave_UDRL
W_Cave_UDRL
W_Cave_UDRL
W_Cave_UDRL
W_Cave_UDRL
W_Cave_UDRL
W_Cave_UDRL
W_Cave_UDRL
W_Cave_UDL
W_Void
W_Void
W_Void
W_Cave_DR
W_Cave_UDRL
W_Cave_UDRL
W_Cave_UDL
W_Rock
W_Void
W_Void
W_Void
W_Void
W_Void
W_Void
W_Void
F_Void
F_Void
F_Void
W_Cave_DR
W_Cave_DRL
W_Cave_UDRL
W_Cave_UDRL
W_Cave_URL
W_Cave_URL
W_Cave_UDRL
W_Cave_UDRL
W_Cave_UDRL
W_Cave_UDRL
W_Cave_UDRL
W_Cave_UDL
W_Void
W_Void
W_Cave_R
W_Cave_UDRL
W_Cave_UDRL
W_Cave_UDRL
W_Cave_UDRL
W_Cave_DL
W_Void
W_Void
W_Void
W_Void
W_Void
W_Cave_D
F_Void
W_Void
W_Cave_D
F_Void
W_Cave_UDR
W_Cave_UDRL
W_Cave_UDRL
W_Cave_UL
W_Void
W_Void
W_Cave_UR
W_Cave_UDRL
W_Cave_UDRL
W_Cave_UDRL
W_Cave_UDRL
W_Cave_UL
W_Void
W_Void
W_Rock
W_Cave_UR
W_Cave_URL
W_Cave_UDRL
W_Cave_UDRL
W_Cave_UDRL
W_Cave_DRL
W_Cave_DL
W_Void
W_Void
W_Cave_DR
W_Cave_UDL
W_Void
W_Void
W_Cave_UDR
W_Cave_DRL
W_Cave_UDRL
W_Cave_UDRL
W_Cave_UDL
W_Void
W_Void
W_Void
W_Void
W_Cave_UDR
W_Cave_UDRL
W_Cave_UDRL
W_Cave_UL
W_Void
W_Void
W_Void
W_Void
W_Void
W_Void
W_Cave_UR
W_Cave_UDRL
W_Cave_UDRL
W_Cave_UDRL
W_Cave_UDRL
W_Cave_DRL
W_Cave_DRL
W_Cave_UDRL
W_Cave_UDL
W_Void
W_Void
W_Cave_UDR
W_Cave_UDRL
W_Cave_UDRL
W_Cave_UDRL
W_Cave_UL
W_Void
W_Void
W_Void
W_Void
W_Cave_UDR
W_Cave_UDRL
W_Cave_UDL
W_Void
E8
W_Void
E7
W_Void
W_Void
E3
W_Void
W_Cave_UDR
W_Cave_UDRL
W_Cave_UDRL
W_Cave_UDRL
W_Cave_UDRL
W_Cave_UDRL
W_Cave_UDRL
W_Cave_UL
W_Void
W_Void
W_Cave_UR
W_Cave_UDRL
W_Cave_UDRL
W_Cave_UL
W_Void
W_Void
W_Void
W_Void
W_Void
W_Cave_UDR
W_Cave_UDRL
W_Cave_UDL
W_Void
W_Void
W_Void
W_Void
W_Void
W_Void
W_Void
W_Light
W_Cave_UDR
W_Cave_UDRL
W_Cave_UDRL
W_Cave_UDRL
W_Cave_UDRL
W_Cave_UDRL
W_Cave_UDL
W_Void
W_Void
W_Void
W_Void
W_Cave_UR
W_Cave_UL
W_Void
W_Void
W_Void
E9
W_Void
W_Void
W_Cave_UDR
W_Cave_UDRL
W_Cave_UDL
W_Void
E2
W_Void
W_Void
E5
W_Void
W_Void
W_Cave_DR
W_Cave_UDRL
W_Cave_UDRL
W_Cave_UDRL
W_Cave_UDRL
W_Cave_UDRL
W_Cave_UDRL
W_Cave_UDL
W_Void
W_Void
W_Void
W_Void
W_Void
W_Void
W_Void
W_Void
W_Void
W_Void
W_Void
W_Void
W_Cave_UDR
W_Cave_UDRL
W_Cave_UDRL
W_Cave_DL
W_Void
W_Void
W_Void
W_Void
W_Void
W_Cave_DR
W_Cave_UDRL
W_Cave_UDRL
W_Cave_UDRL
W_Cave_UDRL
W_Cave_UDRL
W_Cave_UDRL
W_Cave_UDRL
W_Cave_UDRL
W_Cave_DL
W_Void
W_Void
W_Void
W_Void
W_Void
W_Void
W_Cave_DR
W_Cave_DL
W_Void
W_Void
W_Cave_DR
W_Cave_UDRL
W_Cave_UDRL
W_Cave_UDRL
W_Cave_UDRL
W_Cave_DRL
W_Cave_DRL
W_Cave_DRL
W_Cave_DRL
W_Cave_DRL
W_Cave_UDRL
W_Cave_UDRL
W_Cave_UDRL
W_Cave_UDRL
W_Cave_UDRL
W_Cave_UDRL
W_Cave_UDRL
W_Cave_UDRL
W_Cave_UDRL
W_Cave_UDRL
W_Cave_DRL
W_Cave_DRL
W_Cave_DRL
W_Cave_DRL
W_Cave_DRL
W_Cave_DRL
W_Cave_UDRL
W_Cave_UDRL
W_Cave_DRL
W_Cave_DRL
W_Cave_UDRL
W_Cave_UDRL
