20
15
F_Cave
F_Cave
F_Cave
F_Cave
F_Cave
F_Cave
F_Cave
F_Cave
F_Cave
F_Cave
F_Cave
F_Cave
F_Cave
F_Cave
F_Cave
F_Cave
F_Cave
F_Cave
F_Cave
F_Cave
F_Cave
F_Cave
F_Cave
F_Cave
F_Cave
F_IceFloor
F_IceFloor
F_IceFloor
F_IceFloor
F_IceFloor
F_IceFloor
F_IceFloor
F_IceFloor
F_Cave
F_Cave
F_Cave
F_Cave
F_Cave
F_Void
F_Void
F_Cave
F_Cave
F_Cave
F_Cave
F_Cave
F_Cave
F_IceFloor
F_IceFloor
F_IceFloor
F_IceFloor
F_IceFloor
F_IceFloor
F_Cave
F_IceFloor
F_IceFloor
F_Cave
F_Cave
F_Cave
F_Cave
F_Cave
F_Cave
F_Cave
F_Cave
F_Cave
F_Cave
F_IceFloor
F_Cave
F_IceFloor
F_IceFloor
F_IceFloor
F_IceFloor
F_IceFloor
F_IceFloor
F_IceFloor
F_IceFloor
F_IceFloor
F_Cave
F_IceFloor
F_Void
F_Cave
F_Cave
F_Cave
F_Cave
F_Cave
F_Cave
F_Cave
F_IceFloor
F_IceFloor
F_IceFloor
F_IceFloor
F_IceFloor
F_IceFloor
F_IceFloor
F_IceFloor
F_IceFloor
F_IceFloor
F_IceFloor
F_Cave
F_Cave
F_Cave
F_Cave
F_Cave
F_Cave
F_IceFloor
F_IceFloor
F_Cave
F_IceFloor
F_IceFloor
F_IceFloor
F_IceFloor
F_IceFloor
F_IceFloor
F_IceFloor
F_IceFloor
F_IceFloor
F_IceFloor
F_Void
F_Void
F_Void
F_Cave
F_Cave
F_Cave
F_Cave
F_Cave
F_IceFloor
F_IceFloor
F_IceFloor
F_IceFloor
F_IceFloor
F_IceFloor
F_IceFloor
F_IceFloor
F_IceFloor
F_IceFloor
F_IceFloor
F_IceFloor
F_IceFloor
F_Cave
F_Cave
F_Cave
F_Void
F_Void
F_Void
F_IceFloor
F_IceFloor
F_IceFloor
F_IceFloor
F_IceFloor
F_IceFloor
F_IceFloor
F_IceFloor
F_IceFloor
F_IceFloor
F_IceFloor
F_IceFloor
F_IceFloor
F_IceFloor
F_Cave
F_Cave
F_Void
F_Cave
F_Cave
F_IceFloor
F_IceFloor
F_IceFloor
F_IceFloor
F_IceFloor
F_IceFloor
F_IceFloor
F_IceFloor
F_IceFloor
F_IceFloor
F_IceFloor
F_IceFloor
F_IceFloor
F_IceFloor
F_Cave
F_Cave
F_Cave
F_Cave
F_Cave
F_Cave
F_IceFloor
F_IceFloor
F_IceFloor
F_IceFloor
F_IceFloor
F_IceFloor
F_IceFloor
F_IceFloor
F_IceFloor
F_IceFloor
F_IceFloor
F_IceFloor
F_IceFloor
F_IceFloor
F_Cave
F_Void
F_Void
F_Void
F_Cave
F_Cave
F_IceFloor
F_Cave
F_Cave
F_IceFloor
F_IceFloor
F_IceFloor
F_IceFloor
F_IceFloor
F_IceFloor
F_IceFloor
F_IceFloor
F_IceFloor
F_IceFloor
F_Cave
F_IceFloor
F_Cave
F_Cave
F_Cave
F_Void
F_Void
F_Cave
F_Cave
F_Cave
F_Cave
F_IceFloor
F_IceFloor
F_IceFloor
F_IceFloor
F_IceFloor
F_IceFloor
F_IceFloor
F_IceFloor
F_IceFloor
F_Cave
F_Cave
F_Cave
F_Void
F_Void
F_Cave
F_Cave
F_Cave
F_Cave
F_Cave
F_Cave
F_Cave
F_Cave
F_IceFloor
F_IceFloor
F_IceFloor
F_IceFloor
F_IceFloor
F_IceFloor
F_Cave
F_Cave
F_Cave
F_Cave
F_Cave
F_Cave
F_Cave
F_Cave
F_Cave
F_Cave
F_Cave
F_Cave
F_Cave
F_Cave
F_Cave
F_Cave
F_Cave
F_Cave
F_Cave
F_IceFloor
F_Cave
F_Cave
F_Void
F_Void
F_Void
F_Void
F_Cave
F_Cave
F_Cave
F_Cave
F_Cave
F_Cave
F_Cave
F_Cave
F_Cave
F_Cave
F_Cave
F_Cave
F_Cave
F_Cave
F_Cave
F_Cave
F_Cave
F_Cave
F_Cave
F_Cave
W_Cave
W_Cave
W_Cave
W_Cave
W_Cave
W_Cave
W_Cave
W_Cave
W_Cave
W_Cave
W_Cave
W_Cave
W_Cave
W_Cave
W_Cave
W_Cave
W_Cave
W_Cave
W_Cave
W_Cave
W_Cave
W_Cave
W_Cave
F_IceFloor
F_IceFloor
F_IceFloor
W_Cave
W_Void
F_IceFloor
W_Cave
W_Cave
W_Cave
W_Cave
W_Cave
W_Cave
W_Cave
F_Cave
F_Cave
W_Cave
W_Cave
W_Cave
W_Cave
F_Void
F_Void
F_Void
F_Void
F_Void
F_Void
F_Void
F_Void
F_Void
W_Cave
W_Cave
W_Cave
F_Void
F_Void
F_Void
F_Void
F_Void
W_Cave
W_Cave
F_Cave
F_Cave
E3
P0
F_IceFloor
F_IceFloor
F_IceFloor
F_IceFloor
F_IceFloor
F_IceFloor
F_IceFloor
W_Cave
F_IceFloor
F_IceFloor
F_Cave
E0
F_Cave
F_Cave
W_Cave
W_Cave
F_Void
F_Void
F_Void
F_Void
F_Void
F_Void
F_Void
F_Void
F_Void
F_Void
F_Void
F_Void
F_Void
F_Void
F_Void
F_Void
F_Void
F_Void
W_Cave
W_Cave
W_Cave
F_Cave
F_IceFloor
F_IceFloor
F_IceFloor
F_Cave
F_IceFloor
F_IceFloor
F_IceFloor
F_IceFloor
F_IceFloor
F_IceFloor
W_IceRock
F_Cave
F_Cave
F_Cave
F_Cave
F_Cave
W_Cave
W_Cave
F_Void
F_Void
F_Void
F_Void
F_Void
F_Void
F_Void
F_Void
F_Void
F_Void
F_Void
F_Void
F_Void
W_IceRock
F_Void
F_Void
F_Void
W_Cave
W_Cave
W_Cave
F_Cave
F_Cave
F_Cave
F_Cave
F_IceFloor
W_IceRock
F_Cave
F_IceFloor
F_IceFloor
F_IceFloor
F_IceFloor
F_IceFloor
F_IceFloor
F_Cave
F_Cave
F_Cave
F_Cave
W_Cave
W_Cave
W_Cave
F_Void
F_Void
F_Void
F_Void
W_IceRock
F_Void
F_Void
F_Void
F_Void
F_Void
F_Void
F_Void
F_Void
F_Void
F_Void
F_Void
F_Void
F_Void
W_Cave
W_Cave
W_Cave
F_Cave
F_Cave
F_Cave
F_Cave
F_Cave
F_IceFloor
F_IceFloor
F_IceFloor
F_IceFloor
F_IceFloor
F_IceFloor
F_IceFloor
F_IceFloor
F_Cave
F_Cave
F_Cave
F_Cave
W_Cave
W_Cave
W_Cave
F_Void
F_Void
F_Void
F_Void
F_Void
W_IceRock
F_Void
F_Void
F_Void
F_Void
F_Void
W_IceRock
F_Void
F_Void
E1
F_Void
F_Void
W_Cave
W_Cave
W_Cave
F_Cave
F_Cave
E2
F_Cave
F_Cave
F_IceFloor
F_IceFloor
F_Cave
F_Cave
W_IceRock
W_IceRock
F_Cave
F_IceFloor
F_IceFloor
F_Cave
F_Cave
W_Cave
W_Cave
W_Cave
W_Cave
W_Cave
F_Void
F_Void
F_Void
F_Void
W_Cave
F_Void
F_Void
F_Void
F_Void
F_Void
F_Void
F_Void
F_Void
F_Void
F_Void
W_Cave
W_Cave
W_Cave
W_Cave
W_Cave
W_Cave
F_Cave
F_Cave
W_Cave
W_Cave
W_Cave
W_Cave
W_Cave
W_Cave
W_Cave
F_Cave
F_Cave
F_Cave
F_Cave
W_Cave
W_Cave
W_Cave
W_Cave
W_Cave
W_Cave
W_Cave
W_Cave
W_Cave
W_Cave
W_Cave
W_Cave
W_Cave
W_Cave
W_Cave
W_Cave
W_Cave
W_Cave
W_Cave
W_Cave
W_Cave
W_Cave
W_Cave
