40
30
Field_Wall_Tree
Field_Wall_Tree
Field_Wall_Tree
Field_Wall_Tree
Field_Wall_Tree
Field_Wall_Tree
Field_Wall_Tree
Field_Wall_Tree
Field_Wall_Tree
Field_Wall_Tree
Field_Wall_Tree
Field_Wall_Tree
Field_Wall_Tree
Field_Wall_Tree
Field_Wall_Tree
Field_Wall_Tree
Field_Wall_Tree
Field_Wall_Tree
Field_Wall_Tree
Field_Wall_Tree
Field_Wall_Tree
Field_Wall_Tree
Field_Wall_Tree
Field_Wall_Tree
Field_Wall_Tree
Field_Wall_Tree
Field_Wall_Tree
Field_Wall_Tree
Field_Wall_Tree
Field_Wall_Tree
Field_Wall_Tree
Field_Wall_Tree
Field_Wall_Tree
Field_Wall_Tree
Field_Wall_Tree
Field_Wall_Tree
Field_Wall_Tree
Field_Wall_Tree
Field_Wall_Tree
Field_Wall_Tree
Field_Wall_Tree
Field_IceFloor
Field_Grass
Field_IceFloor
Field_Grass
Field_Grass
Field_Grass
Field_IceFloor
Field_Grass
Field_IceFloor
Field_Grass
Field_Grass
Field_Grass
Field_Grass
Field_Grass
Field_IceFloor
Field_IceFloor
Field_Grass
Field_Grass
Field_Grass
Field_Grass
Field_Grass
Field_IceFloor
Field_Grass
Field_Grass
Field_IceFloor
Field_Grass
Field_Grass
Field_Grass
Field_IceFloor
Field_Grass
Field_Grass
Field_Grass
Field_Grass
Field_Grass
Field_Grass
Field_Grass
Field_Grass
Field_Grass
Field_Wall_Tree
Field_Wall_Tree
Field_IceFloor
Field_IceFloor
Field_Grass
Field_Grass
Field_Wall_Log_Burning
Field_Wall_Log_Burning
Field_Wall_Log_Burning
Field_Wall_Log_Burning
Field_Wall_Log_Burning
Field_IceFloor
Field_IceFloor
Field_Grass
Field_Grass
Field_Grass
Field_Grass
Field_Grass
Field_IceFloor
Field_Grass
Field_Grass
Field_Grass
Field_Grass
Field_Grass
Field_Grass
Field_Grass
Field_Grass
Field_Wall_Log_Burning
Field_Wall_Log_Burning
Field_Wall_Log_Burning
Field_Wall_Log_Burning
Field_Grass
Field_Grass
Field_IceFloor
Field_Grass
Field_Grass
Field_Grass
Field_Grass
Field_IceFloor
Field_IceFloor
Field_Wall_Tree
Field_Wall_Tree
Field_Wall_WoodFence
Field_IceFloor
Field_IceFloor
Field_Grass
Field_Grass
Field_Grass
Field_Grass
Field_Grass
Field_Grass
Field_IceFloor
Field_Grass
Field_Grass
Field_Grass
Field_Grass
Field_Grass
Field_Grass
Field_IceFloor
Field_Grass
Field_Grass
Field_Grass
Field_IceFloor
Field_IceFloor
Field_Grass
Field_Grass
Field_Grass
Field_IceFloor
Field_Grass
Field_Grass
Field_Grass
Field_IceFloor
Field_IceFloor
Field_Grass
Field_Wall_Log_Burning
Field_Wall_Log_Burning
Field_Wall_Log_Burning
Field_Wall_Log_Burning
Field_Wall_Log_Burning
Field_Wall_Log_Burning
Field_Wall_Tree
Field_Wall_Tree
Field_Wall_WoodFence
Field_IceFloor
Field_IceFloor
Field_Grass
Field_Grass
Field_Grass
Field_IceFloor
Field_Grass
Field_Grass
Field_Grass
Field_IceFloor
Field_IceFloor
Field_Grass
Field_Wall_Log_Burning
Field_Wall_Log_Burning
Field_Wall_Log_Burning
Field_Wall_Log_Burning
Field_Wall_Log_Burning
Field_Grass
Field_Grass
Field_IceFloor
Field_IceFloor
Field_IceFloor
Field_Grass
Field_Grass
Field_IceFloor
Field_Grass
Field_Grass
Field_IceFloor
Field_Grass
Field_Grass
Field_Grass
Field_IceFloor
Field_Grass
Field_Grass
Field_Grass
Field_Grass
Field_IceFloor
Field_Wall_Tree
Field_Wall_Tree
Field_Wall_WoodFence
Field_IceFloor
Field_Grass
Field_IceFloor
Field_Grass
Field_Grass
Field_Grass
Field_Grass
Field_Grass
Field_IceFloor
Field_Grass
Field_IceFloor
Field_Grass
Field_IceFloor
Field_Grass
Field_IceFloor
Field_Grass
Field_IceFloor
Field_Grass
Field_Grass
Field_Grass
Field_IceFloor
Field_Grass
Field_IceFloor
Field_Grass
Field_Grass
Field_IceFloor
Field_Grass
Field_IceFloor
Field_IceFloor
Field_IceFloor
Field_IceFloor
Field_Grass
Field_Grass
Field_Grass
Field_IceFloor
Field_IceFloor
Field_IceFloor
Field_Wall_Tree
Field_Wall_Tree
Field_Wall_WoodFence
Field_Grass
Field_IceFloor
Field_IceFloor
Field_IceFloor
Field_IceFloor
Field_Grass
Field_IceFloor
Field_IceFloor
Field_Grass
Field_IceFloor
Field_Grass
Field_Grass
Field_IceFloor
Field_Grass
Field_IceFloor
Field_Grass
Field_IceFloor
Field_Grass
Field_Grass
Field_Grass
Field_Grass
Field_IceFloor
Field_IceFloor
Field_IceFloor
Field_Grass
Field_Grass
Field_Grass
Field_Grass
Field_IceFloor
Field_Grass
Field_Grass
Field_Grass
Field_Grass
Field_Grass
Field_Grass
Field_Grass
Field_Grass
Field_Wall_Tree
Field_Wall_Tree
Field_Wall_WoodFence
Field_Grass
Field_Grass
Field_Grass
Field_Grass
Field_Grass
Field_Grass
Field_Grass
Field_Grass
Field_Grass
Field_Grass
Field_Grass
Field_Grass
Field_Grass
Field_Grass
Field_Grass
Field_Grass
Field_Grass
Field_Grass
Field_Grass
Field_Wall_Tree
Field_Wall_Tree
Field_Wall_Tree
Field_Wall_Tree
Field_Wall_Tree
Field_Wall_Tree
Field_Wall_Tree
Field_Wall_Tree
Field_Wall_Tree
Field_Wall_Tree
Field_Wall_Tree
Field_Wall_Tree
Field_Wall_Tree
Field_Grass
Field_Wall_Tree
Field_Wall_Tree
Field_Wall_Tree
Field_Wall_Tree
Field_Wall_Tree
Field_Wall_Tree
Field_Grass
Field_Grass
Field_Grass
Field_Grass
Field_Grass
Field_Grass
Field_Grass
Field_Wall_Log_Burned
Field_Wall_Log_Burned
Field_Grass
Field_Grass
Field_Grass
Field_Grass
Field_Grass
Field_Grass
Field_Grass
Field_Grass
Field_Grass
Field_Grass
Field_Wall_Tree
Field_Wall_Tree
Field_Wall_Tree
Field_Wall_Tree
Field_Wall_Tree
Field_Wall_Tree
Field_Wall_Tree
Field_Wall_Tree
Field_Wall_Tree
Field_Wall_Tree
Field_Wall_Tree
Field_Wall_Tree
Field_Wall_Tree
Field_Wall_Tree
Field_Grass
Field_Wall_Tree
Field_Wall_Tree
Field_Wall_Tree
Field_Wall_Tree
Field_Wall_Tree
Field_Wall_Tree
Field_Grass
Field_Grass
Field_Grass
Field_Grass
Field_IceFloor
Field_Grass
Field_Grass
Field_Grass
Field_Grass
Field_Grass
Field_IceFloor
Field_Grass
Field_Grass
Field_IceFloor
Field_Grass
Field_IceFloor
Field_Grass
Field_Grass
Field_Grass
Field_Wall_Tree
Field_Wall_Tree
Field_Wall_Tree
Field_Wall_Tree
Field_Wall_Tree
Field_Wall_Log_Burning
Field_Wall_Log_Burning
Field_Wall_Log_Burning
Field_Wall_Log_Burning
Field_Wall_Log_Burning
Field_Wall_Log_Burning
Field_Wall_Tree
Field_Wall_Tree
Field_Wall_Tree
Field_Grass
Field_Grass
Field_Wall_Log_Burned
Field_Grass
Field_Grass
Field_Wall_Tree
Field_Wall_Tree
Field_Grass
Field_Grass
Field_Grass
Field_Grass
Field_IceFloor
Field_Grass
Field_Grass
Field_Grass
Field_Grass
Field_Grass
Field_IceFloor
Field_Grass
Field_Grass
Field_Grass
Field_Grass
Field_Grass
Field_Grass
Field_IceFloor
Field_Grass
Field_Grass
Field_Wall_Tree
Field_Wall_Tree
Field_Wall_Tree
Field_Wall_Tree
Field_Wall_Log_Burning
Field_Wall_Log_Burning
Field_Wall_Log_Burning
Field_Wall_Log_Burning
Field_Wall_Log_Burning
Field_Wall_Log_Burning
Field_Wall_Tree
Field_Wall_Tree
Field_Wall_Tree
Field_Grass
Field_IceFloor
Field_Grass
Field_IceFloor
Field_Grass
Field_Wall_Tree
Field_Wall_Tree
Field_Grass
Field_Grass
Field_Grass
Field_IceFloor
Field_Grass
Field_Grass
Field_IceFloor
Field_Grass
Field_Grass
Field_IceFloor
Field_IceFloor
Field_IceFloor
Field_IceFloor
Field_IceFloor
Field_IceFloor
Field_Grass
Field_Grass
Field_Grass
Field_Grass
Field_IceFloor
Field_Wall_Tree
Field_Wall_Tree
Field_Wall_Tree
Field_Wall_Tree
Field_Wall_Log_Burning
Field_Wall_Log_Burning
Field_Wall_Log_Burning
Field_Wall_Log_Burning
Field_Wall_Log_Burning
Field_Wall_Log_Burning
Field_Wall_Tree
Field_Wall_Tree
Field_Wall_Tree
Field_Wall_Log_Burned
Field_Grass
Field_IceFloor
Field_Grass
Field_Wall_Log_Burned
Field_Wall_Tree
Field_Wall_Tree
Field_Grass
Field_Grass
Field_Grass
Field_IceFloor
Field_Grass
Field_Grass
Field_IceFloor
Field_Grass
Field_Grass
Field_IceFloor
Field_Grass
Field_Grass
Field_IceFloor
Field_Grass
Field_Grass
Field_Grass
Field_Grass
Field_Grass
Field_Grass
Field_IceFloor
Field_Wall_Log_Burning
Field_Wall_Log_Burning
Field_Wall_Log_Burning
Field_Wall_Log_Burning
Field_Wall_Log_Burning
Field_Wall_Log_Burning
Field_Wall_Log_Burning
Field_Wall_Log_Burning
Field_Wall_Log_Burning
Field_Wall_Log_Burning
Field_Wall_Tree
Field_Wall_Tree
Field_Wall_Tree
Field_Grass
Field_IceFloor
Field_Grass
Field_IceFloor
Field_Grass
Field_Wall_Tree
Field_Wall_Tree
Field_Grass
Field_Grass
Field_IceFloor
Field_Grass
Field_Grass
Field_IceFloor
Field_IceFloor
Field_IceFloor
Field_Grass
Field_Grass
Field_Grass
Field_Grass
Field_IceFloor
Field_Grass
Field_Grass
Field_Grass
Field_Grass
Field_IceFloor
Field_IceFloor
Field_Grass
Field_Wall_Log_Burning
Field_Wall_Log_Burning
Field_Wall_Log_Burning
Field_Wall_Log_Burning
Field_Wall_Log_Burning
Field_Wall_Log_Burning
Field_Wall_Log_Burning
Field_Wall_Log_Burning
Field_Wall_Log_Burning
Field_Wall_Log_Burning
Field_Wall_Tree
Field_Wall_Tree
Field_Wall_Tree
Field_Grass
Field_Grass
Field_Wall_Log_Burned
Field_Grass
Field_Grass
Field_Wall_Tree
Field_Wall_Tree
Field_Grass
Field_IceFloor
Field_IceFloor
Field_IceFloor
Field_IceFloor
Field_Grass
Field_Grass
Field_IceFloor
Field_Grass
Field_Grass
Field_Grass
Field_IceFloor
Field_Grass
Field_Grass
Field_Grass
Field_Grass
Field_Grass
Field_Grass
Field_Grass
Field_Grass
Field_Wall_Tree
Field_Wall_Tree
Field_Wall_Tree
Field_Wall_Tree
Field_Wall_Tree
Field_Wall_Tree
Field_Wall_Tree
Field_Wall_Tree
Field_Wall_Tree
Field_Wall_Tree
Field_Wall_Tree
Field_Wall_Tree
Field_Wall_Tree
Field_Wall_Tree
Field_Wall_Tree
Field_Wall_Tree
Field_Wall_Tree
Field_Wall_Tree
Field_Wall_Tree
Field_Wall_Tree
Field_Grass
Field_Grass
Field_Grass
Field_Grass
Field_Grass
Field_Grass
Field_Grass
Field_Grass
Field_Grass
Field_Grass
Field_Grass
Field_Grass
Field_Grass
Field_Grass
Field_Grass
Field_Grass
Field_Grass
Field_Grass
Field_Grass
Field_Wall_Tree
Field_Wall_Tree
Field_Wall_Tree
Field_Wall_Tree
Field_Wall_Tree
Field_Wall_Tree
Field_Wall_Tree
Field_Wall_Tree
Field_Wall_Tree
Field_Wall_Tree
Field_Wall_Tree
Field_Wall_Tree
Field_Wall_Tree
Field_Wall_Tree
Field_Wall_Tree
Field_Wall_Tree
Field_Wall_Tree
Field_Wall_Tree
Field_Wall_Tree
Field_Wall_Tree
Field_Wall_Tree
Field_Grass
Field_Grass
Field_Grass
Field_Grass
Field_Grass
Field_Grass
Field_Grass
Field_Grass
Field_Grass
Field_Grass
Field_Grass
Field_Grass
Field_Grass
Field_Grass
Field_Grass
Field_Grass
Field_Grass
Field_Grass
Field_Grass
Field_Grass
Field_Wall_Tree
Field_Wall_Tree
Field_Wall_Tree
Field_Wall_Tree
Field_Wall_Tree
Field_Wall_Tree
Field_Wall_Tree
Field_Wall_Tree
Field_Wall_Tree
Field_Wall_Tree
Field_Wall_Tree
Field_Wall_Tree
Field_Wall_Tree
Field_Wall_Tree
Field_Wall_Tree
Field_Wall_Tree
Field_Wall_Tree
Field_Wall_Tree
Field_Wall_Tree
Field_Wall_Tree
Field_Grass
Field_Grass
Field_Grass
Field_Grass
Field_Grass
Field_Grass
Field_Grass
Field_Grass
Field_Grass
Field_Grass
Field_Grass
Field_Grass
Field_Grass
Field_Grass
Field_Grass
Field_Grass
Field_Grass
Field_Grass
Field_Grass
Field_Wall_Tree
Field_Wall_Tree
Field_Wall_Tree
Field_Wall_Tree
Field_Wall_Tree
Field_Wall_Tree
Field_Wall_Tree
Field_Wall_Tree
Field_Wall_Tree
Field_Wall_Tree
Field_Wall_Tree
Field_Wall_Tree
Field_Wall_Tree
Field_Wall_Tree
Field_Wall_Tree
Field_Wall_Tree
Field_Wall_Tree
Field_Wall_Tree
Field_Wall_Tree
Field_Wall_Tree
Field_Wall_Tree
Field_Grass
Field_Grass
Field_Grass
Field_IceFloor
Field_Grass
Field_Grass
Field_Grass
Field_Grass
Field_Grass
Field_Grass
Field_Grass
Field_Grass
Field_Grass
Field_Grass
Field_Grass
Field_Grass
Field_Grass
Field_Grass
Field_Grass
Field_Wall_Tree
Field_Wall_Tree
Field_Wall_Tree
Field_Wall_Tree
Field_Wall_Tree
Field_Wall_Tree
Field_Wall_Tree
Field_Wall_Tree
Field_Wall_Tree
Field_Wall_Tree
Field_Wall_Tree
Field_Wall_Tree
Field_Wall_Tree
Field_Wall_Tree
Field_Wall_Tree
Field_Wall_Tree
Field_Wall_Tree
Field_Wall_Tree
Field_Wall_Tree
Field_Wall_Tree
Field_Wall_Tree
Field_Grass
Field_IceFloor
Field_IceFloor
Field_IceFloor
Field_IceFloor
Field_IceFloor
Field_Grass
Field_IceFloor
Field_IceFloor
Field_Grass
Field_Grass
Field_IceFloor
Field_Grass
Field_IceFloor
Field_IceFloor
Field_IceFloor
Field_IceFloor
Field_IceFloor
Field_Grass
Field_Wall_Tree
Field_Wall_Tree
Field_Wall_Tree
Field_Wall_Tree
Field_Wall_Tree
Field_Wall_Tree
Field_Wall_Tree
Field_Wall_Tree
Field_Wall_Tree
Field_Wall_Tree
Field_Wall_Tree
Field_Wall_Tree
Field_Wall_Tree
Field_Wall_Tree
Field_Wall_Tree
Field_Wall_Tree
Field_Wall_Tree
Field_Wall_Tree
Field_Wall_Tree
Field_Wall_Tree
Field_Wall_Tree
Field_Grass
Field_IceFloor
Field_Grass
Field_Grass
Field_Grass
Field_IceFloor
Field_Grass
Field_Grass
Field_IceFloor
Field_IceFloor
Field_Grass
Field_IceFloor
Field_Grass
Field_Grass
Field_Grass
Field_Grass
Field_Grass
Field_IceFloor
Field_Grass
Field_Wall_Tree
Field_Wall_Tree
Field_Wall_Tree
Field_Wall_Tree
Field_Wall_Tree
Field_Wall_Tree
Field_Wall_Tree
Field_Wall_Tree
Field_Wall_Tree
Field_Wall_Tree
Field_Wall_Tree
Field_Wall_Tree
Field_Wall_Tree
Field_Wall_Tree
Field_Wall_Tree
Field_Wall_Tree
Field_Wall_Tree
Field_Wall_Tree
Field_Wall_Tree
Field_Wall_Tree
Field_Wall_Tree
Field_Grass
Field_Grass
Field_Grass
Field_Grass
Field_Grass
Field_IceFloor
Field_Grass
Field_Grass
Field_Grass
Field_Grass
Field_Grass
Field_IceFloor
Field_Grass
Field_Grass
Field_Grass
Field_Grass
Field_Grass
Field_IceFloor
Field_Grass
Field_Wall_Tree
Field_Wall_Tree
Field_Wall_Tree
Field_Wall_Tree
Field_Wall_Tree
Field_Wall_Tree
Field_Wall_Tree
Field_Wall_Tree
Field_Wall_Tree
Field_Wall_Tree
Field_Wall_Tree
Field_Wall_Tree
Field_Wall_Tree
Field_Wall_Tree
Field_Wall_Tree
Field_Wall_Tree
Field_Wall_Tree
Field_Wall_Tree
Field_Wall_Tree
Field_Wall_Tree
Field_Wall_Tree
Field_Grass
Field_Grass
Field_Grass
Field_Grass
Field_IceFloor
Field_Grass
Field_Grass
Field_Grass
Field_Grass
Field_Grass
Field_Grass
Field_IceFloor
Field_Grass
Field_Grass
Field_Grass
Field_Grass
Field_Grass
Field_IceFloor
Field_Grass
Field_Wall_Tree
Field_Wall_Tree
Field_Wall_Tree
Field_Wall_Tree
Field_Wall_Tree
Field_Wall_Tree
Field_Wall_Tree
Field_Wall_Tree
Field_Wall_Tree
Field_Wall_Tree
Field_Wall_Tree
Field_Wall_Tree
Field_Wall_Tree
Field_Wall_Tree
Field_Wall_Tree
Field_Wall_Tree
Field_Wall_Tree
Field_Wall_Tree
Field_Wall_Tree
Field_Wall_Tree
Field_Wall_Tree
Field_Grass
Field_Grass
Field_Grass
Field_IceFloor
Field_Grass
Field_Grass
Field_Grass
Field_IceFloor
Field_IceFloor
Field_IceFloor
Field_IceFloor
Field_Grass
Field_Grass
Field_IceFloor
Field_IceFloor
Field_IceFloor
Field_IceFloor
Field_IceFloor
Field_Grass
Field_Wall_Tree
Field_Wall_Tree
Field_Wall_Tree
Field_Wall_Tree
Field_Wall_Tree
Field_Wall_Tree
Field_Wall_Tree
Field_Wall_Tree
Field_Wall_Tree
Field_Wall_Tree
Field_Wall_Tree
Field_Wall_Tree
Field_Wall_Tree
Field_Wall_Tree
Field_Wall_Tree
Field_Wall_Tree
Field_Wall_Tree
Field_Wall_Tree
Field_Wall_Tree
Field_Wall_Tree
Field_Wall_Tree
Field_Grass
Field_Grass
Field_Grass
Field_Wall_WoodFence_D
Field_Grass
Field_Grass
Field_Grass
Field_Grass
Field_Grass
Field_Grass
Field_Grass
Field_Grass
Field_Grass
Field_Grass
Field_Grass
Field_Grass
Field_Grass
Field_Grass
Field_Grass
Field_Wall_Tree
Field_Wall_Tree
Field_Wall_Tree
Field_Wall_Tree
Field_Wall_Tree
Field_Wall_Tree
Field_Wall_Tree
Field_Wall_Tree
Field_Wall_Tree
Field_Wall_Tree
Field_Wall_Tree
Field_Wall_Tree
Field_Wall_Tree
Field_Wall_Tree
Field_Wall_Tree
Field_Wall_Tree
Field_Wall_Tree
Field_Wall_Tree
Field_Wall_Tree
Field_Wall_Tree
Field_Wall_Tree
Field_Grass
Field_Wall_WoodFence_DR
Field_Wall_WoodFence_RL
Field_Wall_WoodFence_URL
Field_Wall_WoodFence_RL
Field_Wall_WoodFence_DL
Field_Grass
Field_Wall_WoodFence_R
Field_Wall_WoodFence_L
Field_Grass
Field_Wall_WoodFence_D
Field_Grass
Field_Wall_WoodFence_R
Field_Wall_WoodFence_RL
Field_Wall_WoodFence_RL
Field_Wall_WoodFence_DL
Field_Grass
Field_Grass
Field_Grass
Field_Wall_Tree
Field_Wall_Tree
Field_Wall_Tree
Field_Wall_Tree
Field_Wall_Tree
Field_Wall_Tree
Field_Wall_Tree
Field_Wall_Tree
Field_Wall_Tree
Field_Wall_Tree
Field_Wall_Tree
Field_Wall_Tree
Field_Wall_Tree
Field_Wall_Tree
Field_Wall_Tree
Field_Wall_Tree
Field_Wall_Tree
Field_Wall_Tree
Field_Wall_Tree
Field_Wall_Tree
Field_Wall_Tree
Field_Grass
Field_Wall_WoodFence_U
Field_Grass
Field_Grass
Field_Grass
Field_Wall_WoodFence_UD
Field_Grass
Field_Grass
Field_Grass
Field_Grass
Field_Wall_WoodFence_UD
Field_Grass
Field_Grass
Field_Grass
Field_Grass
Field_Wall_WoodFence_UD
Field_Grass
Field_Grass
Field_Grass
Field_Wall_Tree
Field_Wall_Tree
Field_Wall_Tree
Field_Wall_Tree
Field_Wall_Tree
Field_Wall_Tree
Field_Wall_Tree
Field_Wall_Tree
Field_Wall_Tree
Field_Wall_Tree
Field_Wall_Tree
Field_Wall_Tree
Field_Wall_Tree
Field_Wall_Tree
Field_Wall_Tree
Field_Wall_Tree
Field_Wall_Tree
Field_Wall_Tree
Field_Wall_Tree
Field_Wall_Tree
Field_Wall_Tree
Field_Grass
Field_Grass
Field_Grass
Field_Grass
Field_Wall_WoodFence_DR
Field_Wall_WoodFence_UL
Field_Grass
Field_Grass
Field_Grass
Field_Grass
Field_Wall_WoodFence_UD
Field_Grass
Field_Grass
Field_Grass
Field_Grass
Field_Wall_WoodFence_UD
Field_Grass
Field_Grass
Field_Grass
Field_Wall_Tree
Field_Wall_Tree
Field_Wall_Tree
Field_Wall_Tree
Field_Wall_Tree
Field_Wall_Tree
Field_Wall_Tree
Field_Wall_Tree
Field_Wall_Tree
Field_Wall_Tree
Field_Wall_Tree
Field_Wall_Tree
Field_Wall_Tree
Field_Wall_Tree
Field_Wall_Tree
Field_Wall_Tree
Field_Wall_Tree
Field_Wall_Tree
Field_Wall_Tree
Field_Wall_Tree
Field_Wall_Tree
Field_Grass
Field_Grass
Field_Wall_WoodFence_R
Field_Wall_WoodFence_RL
Field_Wall_WoodFence_UL
Field_Grass
Field_Grass
Field_Wall_WoodFence_R
Field_Wall_WoodFence_RL
Field_Wall_WoodFence_RL
Field_Wall_WoodFence_UL
Field_Grass
Field_Wall_WoodFence_R
Field_Wall_WoodFence_RL
Field_Wall_WoodFence_RL
Field_Wall_WoodFence_UL
Field_Grass
Field_Grass
Field_Grass
Field_Wall_Tree
Field_Wall_Tree
Field_Wall_Tree
Field_Wall_Tree
Field_Wall_Tree
Field_Wall_Tree
Field_Wall_Tree
Field_Wall_Tree
Field_Wall_Tree
Field_Wall_Tree
Field_Wall_Tree
Field_Wall_Tree
Field_Wall_Tree
Field_Wall_Tree
Field_Wall_Tree
Field_Wall_Tree
Field_Wall_Tree
Field_Wall_Tree
Field_Wall_Tree
Field_Wall_Tree
Field_Wall_Tree
Field_Wall_Tree
Field_Wall_Tree
Field_Wall_Tree
Field_Wall_Tree
Field_Wall_Tree
Field_Wall_Tree
Field_Wall_Tree
Field_Wall_Tree
Field_Wall_Tree
Field_Wall_Tree
Field_Wall_Tree
Field_Wall_Tree
Field_Wall_Tree
Field_Wall_Tree
Field_Wall_Tree
Field_Wall_Tree
Field_Wall_Tree
Field_Wall_Tree
Field_Wall_Tree
Field_Wall_Tree
Field_Wall_Tree
Field_Wall_Tree
Field_Wall_Tree
Field_Wall_Tree
Field_Wall_Tree
Field_Wall_Tree
Field_Wall_Tree
Field_Wall_Tree
Field_Wall_Tree
Field_Wall_Tree
Field_Wall_Tree
Field_Wall_Tree
Field_Wall_Tree
Field_Wall_Tree
Field_Wall_Tree
Field_Wall_Tree
Field_Wall_Tree
Field_Wall_Tree
Field_Wall_Tree
