20
60
F_Grass
F_Grass
F_Grass
F_Grass
F_Grass
F_Grass
F_Grass
F_Grass
F_Grass
F_Grass
F_Grass
F_Grass
F_Grass
F_Grass
F_Grass
F_Grass
F_Grass
F_Grass
F_Grass
F_Grass
F_Grass
F_Grass
F_Grass
F_IceFloor
F_Grass
F_Grass
F_Grass
F_Grass
F_Grass
F_Grass
F_Grass
F_IceFloor
F_Grass
F_Grass
F_Grass
F_Grass
F_Grass
F_Grass
F_Grass
F_Grass
F_Grass
F_Grass
F_Grass
F_IceFloor
F_Grass
F_IceFloor
F_IceFloor
F_IceFloor
F_IceFloor
F_IceFloor
F_Grass
F_IceFloor
F_Grass
F_IceFloor
F_IceFloor
F_IceFloor
F_IceFloor
F_IceFloor
F_Grass
F_Grass
F_Grass
F_Grass
F_Grass
F_IceFloor
F_Grass
F_Grass
F_Grass
F_IceFloor
F_Grass
F_Grass
F_Grass
F_IceFloor
F_Grass
F_Grass
F_Grass
F_IceFloor
F_Grass
F_Grass
F_Grass
F_Grass
F_Grass
F_Grass
F_IceFloor
F_IceFloor
F_IceFloor
F_IceFloor
F_Grass
F_IceFloor
F_Grass
F_IceFloor
F_IceFloor
F_IceFloor
F_IceFloor
F_IceFloor
F_Grass
F_IceFloor
F_Grass
F_IceFloor
F_IceFloor
F_Grass
F_Grass
F_Grass
F_Grass
F_Grass
F_Grass
F_Grass
F_Grass
F_IceFloor
F_Grass
F_Grass
F_Grass
F_Grass
F_Grass
F_Grass
F_Grass
F_IceFloor
F_Grass
F_Grass
F_Grass
F_Grass
F_Grass
F_IceFloor
F_IceFloor
F_IceFloor
F_IceFloor
F_IceFloor
F_IceFloor
F_IceFloor
F_IceFloor
F_IceFloor
F_IceFloor
F_IceFloor
F_IceFloor
F_IceFloor
F_IceFloor
F_IceFloor
F_IceFloor
F_IceFloor
F_Grass
F_Grass
F_Grass
F_Grass
F_Grass
F_Grass
F_IceFloor
F_Grass
F_Grass
F_Grass
F_IceFloor
F_Grass
F_Grass
F_Grass
F_IceFloor
F_Grass
F_Grass
F_Grass
F_IceFloor
F_Grass
F_Grass
F_Grass
F_Grass
F_Grass
F_IceFloor
F_Grass
F_IceFloor
F_Grass
F_IceFloor
F_Grass
F_IceFloor
F_Grass
F_IceFloor
F_Grass
F_IceFloor
F_Grass
F_IceFloor
F_Grass
F_IceFloor
F_Grass
F_IceFloor
F_Grass
F_Grass
F_Grass
F_IceFloor
F_Grass
F_Grass
F_Grass
F_IceFloor
F_Grass
F_Grass
F_Grass
F_IceFloor
F_Grass
F_Grass
F_Grass
F_IceFloor
F_Grass
F_Grass
F_Grass
F_IceFloor
F_Grass
F_Grass
F_Grass
F_IceFloor
F_IceFloor
F_IceFloor
F_IceFloor
F_IceFloor
F_IceFloor
F_IceFloor
F_IceFloor
F_IceFloor
F_IceFloor
F_IceFloor
F_IceFloor
F_IceFloor
F_IceFloor
F_IceFloor
F_IceFloor
F_IceFloor
F_Grass
F_Grass
F_Grass
F_Grass
F_Grass
F_Grass
F_Grass
F_Grass
F_Grass
F_Grass
F_Grass
F_Grass
F_Grass
F_Grass
F_Grass
F_Grass
F_Grass
F_Grass
F_Grass
F_Grass
F_Grass
F_Grass
F_Grass
F_Grass
F_Grass
F_Grass
F_Grass
F_Grass
F_Grass
F_Grass
F_Grass
F_Grass
F_Grass
F_Grass
F_Grass
F_Grass
F_Grass
F_Grass
F_Grass
F_Grass
F_Grass
F_Grass
F_Grass
F_Grass
F_Grass
F_Grass
F_Grass
F_Grass
F_Grass
F_Grass
F_Grass
F_Grass
F_Grass
F_Grass
F_Grass
F_Grass
F_Grass
F_Grass
F_Grass
F_Grass
F_Grass
F_Grass
F_Grass
F_Grass
F_Grass
F_Grass
F_Grass
F_Grass
F_Grass
F_Grass
F_Grass
F_Grass
F_Grass
F_Grass
F_Grass
F_Grass
F_Grass
F_Grass
F_Grass
F_Grass
F_Grass
F_Grass
F_Grass
F_Grass
F_Grass
F_Grass
F_Grass
F_Grass
F_Grass
F_Grass
F_Grass
F_Grass
F_Grass
F_Grass
F_Grass
F_Grass
F_Grass
F_Grass
F_Grass
F_Grass
F_Grass
F_Grass
F_Grass
F_Grass
F_Grass
F_Grass
F_Grass
F_Grass
F_Grass
F_Grass
F_Grass
F_Grass
F_Grass
F_Grass
F_Grass
F_Grass
F_Grass
F_Grass
F_Grass
F_Grass
F_Grass
F_Grass
F_Grass
F_Grass
F_Grass
F_Grass
F_Grass
F_Grass
F_Grass
F_Grass
F_Grass
F_Grass
F_Grass
F_Grass
F_Grass
F_Grass
F_Grass
F_Grass
F_Grass
F_Grass
F_Grass
F_Grass
F_Grass
F_Grass
F_Grass
F_Grass
F_Grass
F_Grass
F_Grass
F_Grass
F_Grass
F_Grass
F_Grass
F_Grass
F_Grass
F_Grass
F_Grass
F_Grass
F_Grass
F_Grass
F_Grass
F_Grass
F_Grass
F_Grass
F_Grass
F_Grass
F_Grass
F_Grass
F_Grass
F_Grass
F_Grass
F_Grass
F_Grass
F_Grass
F_Grass
F_Grass
F_Grass
F_Grass
F_Grass
F_Grass
F_Grass
F_Grass
F_Grass
F_Grass
F_Grass
F_Grass
F_Grass
F_Grass
F_Grass
F_Grass
F_Grass
F_Grass
F_Grass
F_Grass
F_Grass
F_Grass
F_Grass
F_Grass
F_Grass
F_Grass
F_Grass
F_Grass
F_Grass
F_Grass
F_Grass
F_Grass
F_Grass
F_Grass
F_Grass
F_Grass
F_Grass
F_Grass
F_Grass
F_Grass
F_Grass
F_Grass
F_Grass
F_Grass
F_Grass
F_Grass
F_Grass
F_Grass
F_Grass
F_Grass
F_Grass
F_Grass
F_Grass
F_Grass
F_Grass
F_Grass
F_Grass
F_Grass
F_Grass
F_Grass
F_Grass
F_Grass
F_Grass
F_Grass
F_Grass
F_Grass
F_Grass
F_Grass
F_Grass
F_Grass
F_Grass
F_Grass
F_Grass
F_Grass
F_Grass
F_Grass
F_Grass
F_Grass
F_Grass
F_Grass
F_Grass
F_Grass
F_Grass
F_Grass
F_Grass
F_Grass
F_Grass
F_Grass
F_Grass
F_Grass
F_Grass
F_Grass
F_Grass
F_Grass
F_Grass
F_Grass
F_Grass
F_Grass
F_Grass
F_Grass
F_Grass
F_Grass
F_Grass
F_Grass
F_Grass
F_Grass
F_Grass
F_Grass
F_Grass
F_Grass
F_Grass
F_Grass
F_Grass
F_Grass
F_Grass
F_Grass
F_Grass
F_Grass
F_Grass
F_Grass
F_Grass
F_Grass
F_Grass
F_Grass
F_Grass
F_Grass
F_Grass
F_Grass
F_Grass
F_Grass
F_Grass
F_Grass
F_Grass
F_Grass
F_Grass
F_Grass
F_Grass
F_Grass
F_Grass
F_Grass
F_Grass
F_Grass
F_Grass
F_Grass
F_Grass
F_Grass
F_Grass
F_Grass
F_Grass
F_Grass
F_Grass
F_Grass
F_Grass
F_Grass
F_Grass
F_Grass
F_Grass
F_Grass
F_Grass
F_Grass
F_Grass
F_Grass
F_Grass
F_Grass
F_Grass
F_Grass
F_Grass
F_Grass
F_Grass
F_Grass
F_Grass
F_Grass
F_Grass
F_Grass
F_Grass
F_Grass
F_Grass
F_Grass
F_Grass
F_Grass
F_Grass
F_Grass
F_Grass
F_Grass
F_Grass
F_Grass
F_Grass
F_Grass
F_Grass
F_Grass
F_Grass
F_Grass
F_Grass
F_Grass
F_Grass
F_Grass
F_Grass
F_Grass
F_Grass
F_Grass
F_Grass
F_Grass
F_Grass
F_Grass
F_Grass
F_Grass
F_Grass
F_Grass
F_Grass
F_Grass
F_Grass
F_Grass
F_Grass
F_Grass
F_Grass
F_Grass
F_Grass
F_Grass
F_Grass
F_Grass
F_Grass
F_Grass
F_Grass
F_Grass
F_Grass
F_Grass
F_Grass
F_Grass
F_Grass
F_Grass
F_Grass
F_Grass
F_Grass
F_Grass
F_Grass
F_Grass
F_Grass
F_Grass
F_Grass
F_Grass
F_Grass
F_Grass
F_Grass
F_Grass
F_Grass
F_Grass
F_Grass
F_Grass
F_Grass
F_Grass
F_Grass
F_Grass
F_Grass
F_Grass
F_Grass
F_Grass
F_Grass
F_Grass
F_Grass
F_Grass
F_Grass
F_Grass
F_Grass
F_Grass
F_Grass
F_Grass
F_Grass
F_Grass
F_Grass
F_Grass
F_Grass
F_Grass
F_Grass
F_Grass
F_Grass
F_Grass
F_Grass
F_Grass
F_Grass
F_Grass
F_Grass
F_Grass
F_Grass
F_Grass
F_Grass
F_Grass
F_Grass
F_Grass
F_Grass
F_Grass
F_Grass
F_Grass
F_Grass
F_Grass
F_Grass
F_Grass
F_Grass
F_Grass
F_Grass
F_Grass
F_Grass
F_Grass
F_Grass
F_Grass
F_Grass
F_Grass
F_Grass
F_Grass
F_Grass
F_Grass
F_Grass
F_Grass
F_Grass
F_Grass
F_Grass
F_Grass
F_Grass
F_Grass
F_Grass
F_Grass
F_Grass
F_Grass
F_Grass
F_Grass
F_Grass
F_Grass
F_Grass
F_Grass
F_Grass
F_Grass
F_Grass
F_Grass
F_Grass
F_Grass
F_Grass
F_Grass
F_Grass
F_Grass
F_Grass
F_Grass
F_Grass
F_Grass
F_Grass
F_Grass
F_Grass
F_Grass
F_Grass
F_Grass
F_Grass
F_Grass
F_Grass
F_Grass
F_Grass
F_Grass
F_Grass
F_Grass
F_Grass
F_Grass
F_Grass
F_Grass
F_Grass
F_Grass
F_Grass
F_Grass
F_Grass
F_Grass
F_Grass
F_Grass
F_Grass
F_Grass
F_Grass
F_Grass
F_Grass
F_Grass
F_Grass
F_Grass
F_Grass
F_Grass
F_Grass
F_Grass
F_Grass
F_Grass
F_Grass
F_Grass
F_Grass
F_Grass
F_Grass
F_Grass
F_Grass
F_Grass
F_Grass
F_Grass
F_Grass
F_Grass
F_Grass
F_Grass
F_Grass
F_Grass
F_Grass
F_Grass
F_Grass
F_Grass
F_Grass
F_Grass
F_Grass
F_Grass
F_Grass
F_Grass
F_Grass
F_Grass
F_Grass
F_Grass
F_Grass
F_Grass
F_Grass
F_Grass
F_Grass
F_Grass
F_Grass
F_Grass
F_Grass
F_Grass
F_Grass
F_Grass
F_Grass
F_Grass
F_Grass
F_Grass
F_Grass
F_Grass
F_Grass
F_Grass
F_Grass
F_Grass
F_Grass
F_Grass
F_Grass
F_Grass
F_Grass
F_Grass
F_Grass
F_Grass
F_Grass
F_Grass
F_Grass
F_Grass
F_Grass
F_Grass
F_Grass
F_Grass
F_Grass
F_Grass
F_Grass
F_Grass
F_Grass
F_Grass
F_Grass
F_Grass
F_Grass
F_Grass
F_Grass
F_Grass
F_Grass
F_Grass
F_Grass
F_Grass
F_Grass
F_Grass
F_Grass
F_Grass
F_Grass
F_Grass
F_Grass
F_Grass
F_Grass
F_Grass
F_Grass
F_Grass
F_Grass
F_Grass
F_Grass
F_Grass
F_Grass
F_Grass
F_Grass
F_Grass
F_Grass
F_Grass
F_Grass
F_Grass
F_Grass
F_Grass
F_Grass
F_Grass
F_Grass
F_Grass
F_Grass
F_Grass
F_Grass
F_Grass
F_Grass
F_Grass
F_Grass
F_Grass
F_Grass
F_Grass
F_Grass
F_Grass
F_Grass
F_Grass
F_Grass
F_Grass
F_Grass
F_Grass
F_Grass
F_Grass
F_Grass
F_Grass
F_Grass
F_Grass
F_Grass
F_Grass
F_Grass
F_Grass
F_Grass
F_Grass
F_Grass
F_Grass
F_Grass
F_Grass
F_Grass
F_Grass
F_Grass
F_Grass
F_Grass
F_Grass
F_Grass
F_Grass
F_Grass
F_Grass
F_Grass
F_Grass
F_Grass
F_Grass
F_Grass
F_Grass
F_Grass
F_Grass
F_Grass
F_Grass
F_Grass
F_Grass
F_Grass
F_Grass
F_Grass
F_Grass
F_Grass
F_Grass
F_Grass
F_Grass
F_Grass
F_Grass
F_Grass
F_Grass
F_Grass
F_Grass
F_Grass
F_Grass
F_Grass
F_Grass
F_Grass
F_Grass
F_Grass
F_Grass
F_Grass
F_Grass
F_Grass
F_Grass
F_Grass
F_Grass
F_Grass
F_Grass
F_Grass
F_Grass
F_Grass
F_Grass
F_Grass
F_Grass
F_Grass
F_Grass
F_Grass
F_Grass
F_Grass
F_Grass
F_Grass
F_Grass
F_Grass
F_Grass
F_Grass
F_Grass
F_Grass
F_Grass
F_Grass
F_Grass
F_Grass
F_Grass
F_Grass
F_Grass
F_Grass
F_Grass
F_Grass
F_Grass
F_Grass
F_Grass
F_Grass
F_Grass
F_Grass
F_Grass
F_Grass
F_Grass
F_Grass
F_Grass
F_Grass
F_Grass
F_Grass
F_Grass
F_Grass
F_Grass
F_Grass
F_Grass
F_Grass
F_Grass
F_Grass
F_Grass
F_Grass
F_Grass
F_Grass
F_Grass
F_Grass
F_Grass
F_Grass
F_Grass
F_Grass
F_Grass
F_Grass
F_Grass
F_Grass
F_Grass
F_Grass
F_Grass
F_Grass
F_Grass
F_Grass
F_Grass
F_Grass
F_Grass
F_Grass
F_Grass
F_Grass
F_Grass
F_Grass
F_Grass
F_Grass
F_Grass
F_Grass
F_Grass
F_Grass
F_Grass
F_Grass
F_Grass
F_Grass
F_Grass
F_Grass
F_Grass
F_Grass
F_Grass
F_Grass
F_Grass
F_Grass
F_Grass
F_Grass
F_Grass
F_Grass
F_Grass
F_Grass
F_Grass
F_Grass
F_Grass
F_Grass
F_Grass
F_Grass
F_Grass
F_Grass
F_Grass
F_Grass
F_Grass
F_Grass
F_Grass
F_Grass
F_Grass
F_Grass
F_Grass
F_Grass
F_Grass
F_Grass
F_Grass
F_Grass
F_Grass
F_Grass
F_Grass
F_Grass
F_Grass
F_Grass
F_Grass
F_Grass
F_Grass
F_Grass
F_Grass
F_Grass
F_Grass
F_Grass
F_Grass
F_Grass
F_Grass
F_Grass
F_Grass
F_Grass
F_Grass
F_Grass
F_Grass
F_Grass
F_Grass
F_Grass
F_Grass
F_Grass
F_Grass
F_Grass
F_Grass
F_Grass
F_Grass
F_Grass
F_Grass
F_Grass
F_Grass
F_Grass
F_Grass
F_Grass
F_Grass
F_Grass
F_Grass
F_Grass
F_Grass
F_Grass
F_Grass
F_Grass
F_Grass
F_Grass
F_Grass
F_Grass
F_Grass
F_Grass
F_Grass
F_Grass
F_Grass
F_Grass
F_Grass
F_Grass
F_Grass
F_Grass
F_Grass
F_Grass
F_Grass
F_Grass
F_Grass
F_Grass
F_Grass
F_Grass
F_Grass
F_Grass
F_Grass
F_Grass
F_Grass
F_Grass
F_Grass
F_Grass
F_Grass
F_Grass
F_Grass
F_Grass
F_Grass
F_Grass
F_Grass
F_Grass
F_Grass
F_Grass
F_Grass
F_Grass
F_Grass
F_Grass
F_Grass
F_Grass
F_Grass
F_Grass
F_Grass
F_Grass
F_Grass
F_Grass
W_Tree
W_Tree
W_Tree
W_Tree
W_Tree
W_Tree
W_Tree
W_Tree
W_Tree
W_Tree
W_Tree
W_Tree
W_Tree
W_Tree
W_Tree
W_Tree
W_Tree
W_Tree
W_Tree
W_Tree
W_Tree
W_Void
W_Void
W_Void
W_Void
W_Void
W_Void
W_Void
W_Void
W_Void
W_Void
W_Void
W_Void
W_Void
W_Void
W_Void
W_Void
W_Void
W_Void
W_Tree
W_Tree
W_Void
W_Void
W_Void
W_Void
W_Void
W_Void
W_Void
W_Void
W_Void
W_Void
W_Void
W_Void
W_Void
W_Void
W_Void
W_Void
W_Void
W_Void
W_Tree
W_Tree
W_Void
W_Void
W_Void
W_Void
W_Void
W_Void
W_Void
W_Void
W_Void
W_Void
W_Void
W_Void
W_Void
W_Void
W_Void
W_Void
W_Void
W_Void
W_Tree
W_Tree
W_Void
W_Void
W_Void
W_Void
W_Void
W_Void
W_Void
W_Void
W_Void
W_Void
W_Void
W_Void
W_Void
W_Void
W_Void
W_Void
W_Void
W_Void
W_Tree
W_Tree
W_Void
W_Void
W_Void
W_Void
W_Void
W_Void
W_Void
W_Void
W_Void
W_Void
W_Void
W_Void
W_Void
W_Void
W_Void
W_Void
W_Void
W_Void
W_Tree
W_Tree
W_Void
W_Void
W_Void
W_Void
W_Void
W_Void
W_Void
W_Void
W_Void
W_Void
W_Void
W_Void
W_Void
W_Void
W_Void
W_Void
W_Void
W_Void
W_Tree
W_Tree
W_Void
W_Void
W_Void
W_Void
W_Void
W_Void
W_Void
W_Void
W_Void
W_Void
W_Void
W_Void
W_Void
W_Void
W_Void
W_Void
W_Void
W_Void
W_Tree
W_Tree
W_Void
W_Void
W_Void
W_Void
W_Void
W_Void
W_Void
W_Void
W_Void
W_Void
W_Void
W_Void
W_Void
W_Void
W_Void
W_Void
W_Void
W_Void
W_Tree
W_Tree
W_Void
W_Void
W_Void
W_Void
W_Void
W_Void
W_Void
W_Void
W_Void
W_Void
W_Void
W_Void
W_Void
W_Void
W_Void
W_Void
W_Void
W_Void
W_Tree
W_Tree
W_Void
W_Void
W_Void
W_Void
W_Void
W_Void
W_Void
W_Void
W_Void
W_Void
W_Void
W_Void
W_Void
W_Void
W_Void
W_Void
W_Void
W_Void
W_Tree
W_Tree
W_Void
W_Void
W_Void
W_Void
W_Void
W_Void
W_Void
W_Void
W_Void
W_Void
W_Void
W_Void
W_Void
W_Void
W_Void
W_Void
W_Void
W_Void
W_Tree
W_Tree
W_Void
W_Void
W_Void
W_Void
W_Void
W_Void
W_Void
W_Void
W_Void
W_Void
W_Void
W_Void
W_Void
W_Void
W_Void
W_Void
W_Void
W_Void
W_Tree
W_Tree
W_Void
W_Void
W_Void
W_Void
W_Void
W_Void
W_Void
W_Void
W_Void
W_Void
W_Void
W_Void
W_Void
W_Void
W_Void
W_Void
W_Void
W_Void
W_Tree
W_Tree
W_Void
W_Void
W_Void
W_Void
W_Void
W_Void
W_Void
W_Void
W_Void
W_Void
W_Void
W_Void
W_Void
W_Void
W_Void
W_Void
W_Void
W_Void
W_Tree
W_Tree
W_Void
W_Void
W_Void
W_Void
W_Void
W_Void
W_Void
W_Void
W_Void
W_Void
W_Void
W_Void
W_Void
W_Void
W_Void
W_Void
W_Void
W_Void
W_Tree
W_Tree
W_Void
W_Void
W_Void
W_Void
W_Void
W_Void
W_Void
W_Void
W_Void
W_Void
W_Void
W_Void
W_Void
W_Void
W_Void
W_Void
W_Void
W_Void
W_Tree
W_Tree
W_Void
W_Void
W_Void
W_Void
W_Void
W_Void
W_Void
W_Void
W_Void
W_Void
W_Void
W_Void
W_Void
W_Void
W_Void
W_Void
W_Void
W_Void
W_Tree
W_Tree
W_Void
W_Void
W_Void
W_Void
W_Void
W_Void
W_Void
W_Void
W_Void
W_Void
W_Void
W_Void
W_Void
W_Void
W_Void
W_Void
W_Void
W_Void
W_Tree
W_Tree
W_Void
W_Void
W_Void
W_Void
W_Void
W_Void
W_Void
W_Void
W_Void
W_Void
W_Void
W_Void
W_Void
W_Void
W_Void
W_Void
W_Void
W_Void
W_Tree
W_Tree
W_Void
W_Void
W_Void
W_Void
W_Void
W_Void
W_Void
W_Void
W_Void
W_Void
W_Void
W_Void
W_Void
W_Void
W_Void
W_Void
W_Void
W_Void
W_Tree
W_Tree
W_Void
W_Void
W_Void
W_Void
W_Void
W_Void
W_Void
W_Void
W_Void
W_Void
W_Void
W_Void
W_Void
W_Void
W_Void
W_Void
W_Void
W_Void
W_Tree
W_Tree
W_Void
W_Void
W_Void
W_Void
W_Void
W_Void
W_Void
W_Void
W_Void
W_Void
W_Void
W_Void
W_Void
W_Void
W_Void
W_Void
W_Void
W_Void
W_Tree
W_Tree
W_Void
W_Void
W_Void
W_Void
W_Void
W_Void
W_Void
W_Void
W_Void
W_Void
W_Void
W_Void
W_Void
W_Void
W_Void
W_Void
W_Void
W_Void
W_Tree
W_Tree
W_Void
W_Void
W_Void
W_Void
W_Void
W_Void
W_Void
W_Void
W_Void
W_Void
W_Void
W_Void
W_Void
W_Void
W_Void
W_Void
W_Void
W_Void
W_Tree
W_Tree
W_Void
W_Void
W_Void
W_Void
W_Void
W_Void
W_Void
W_Void
W_Void
W_Void
W_Void
W_Void
W_Void
W_Void
W_Void
W_Void
W_Void
W_Void
W_Tree
W_Tree
W_Void
W_Void
W_Void
W_Void
W_Void
W_Void
W_Void
W_Void
W_Void
W_Void
W_Void
W_Void
W_Void
W_Void
W_Void
W_Void
W_Void
W_Void
W_Tree
W_Tree
W_Void
W_Void
W_Void
W_Void
W_Void
W_Void
W_Void
W_Void
W_Void
W_Void
W_Void
W_Void
W_Void
W_Void
W_Void
W_Void
W_Void
W_Void
W_Tree
W_Tree
W_Void
W_Void
W_Void
W_Void
W_Void
W_Void
W_Void
W_Void
W_Void
W_Void
W_Void
W_Void
W_Void
W_Void
W_Void
W_Void
W_Void
W_Void
W_Tree
W_Tree
W_Void
W_Void
W_Void
W_Void
W_Void
W_Void
W_Void
W_Void
W_Void
W_Void
W_Void
W_Void
W_Void
W_Void
W_Void
W_Void
W_Void
W_Void
W_Tree
W_Tree
W_Void
W_Void
W_Void
W_Void
W_Void
W_Void
W_Void
W_Void
W_Void
W_Void
W_Void
W_Void
W_Void
W_Void
W_Void
W_Void
W_Void
W_Void
W_Tree
W_Tree
W_Void
W_Void
W_Void
W_Void
W_Void
W_Void
W_Void
W_Void
W_Void
W_Void
W_Void
W_Void
W_Void
W_Void
W_Void
W_Void
W_Void
W_Void
W_Tree
W_Tree
W_Void
W_Void
W_Void
W_Void
W_Void
W_Void
W_Void
W_Void
W_Void
W_Void
W_Void
W_Void
W_Void
W_Void
W_Void
W_Void
W_Void
W_Void
W_Tree
W_Tree
W_Void
W_Void
W_Void
W_Void
W_Void
W_Void
W_Void
W_Void
W_Void
W_Void
W_Void
W_Void
W_Void
W_Void
W_Void
W_Void
W_Void
W_Void
W_Tree
W_Tree
W_Void
W_Void
W_Void
W_Void
W_Void
W_Void
W_Void
W_Void
W_Void
W_Void
W_Void
W_Void
W_Void
W_Void
W_Void
W_Void
W_Void
W_Void
W_Tree
W_Tree
W_Void
W_Void
W_Void
W_Void
W_Void
W_Void
W_Void
W_Void
W_Void
W_Void
W_Void
W_Void
W_Void
W_Void
W_Void
W_Void
W_Void
W_Void
W_Tree
W_Tree
W_Void
W_Void
W_Void
W_Void
W_Void
W_Void
W_Void
W_Void
W_Void
W_Void
W_Void
W_Void
W_Void
W_Void
W_Void
W_Void
W_Void
W_Void
W_Tree
W_Tree
W_Void
W_Void
W_Void
W_Void
W_Void
W_Void
W_Void
W_Void
W_Void
W_Void
W_Void
W_Void
W_Void
W_Void
W_Void
W_Void
W_Void
W_Void
W_Tree
W_Tree
W_Void
W_Void
W_Void
W_Void
W_Void
W_Void
W_Void
W_Void
W_Void
W_Void
W_Void
W_Void
W_Void
W_Void
W_Void
W_Void
W_Void
W_Void
W_Tree
W_Tree
W_Void
W_Void
W_Void
W_Void
W_Void
W_Void
W_Void
W_Void
W_Void
W_Void
W_Void
W_Void
W_Void
W_Void
W_Void
W_Void
W_Void
W_Void
W_Tree
W_Tree
W_Void
W_Void
W_Void
W_Void
W_Void
W_Void
W_Void
W_Void
W_Void
W_Void
W_Void
W_Void
W_Void
W_Void
W_Void
W_Void
W_Void
W_Void
W_Tree
W_Tree
W_Void
W_Void
W_Void
W_Void
W_Void
W_Void
W_Void
W_Void
W_Void
W_Void
W_Void
W_Void
W_Void
W_Void
W_Void
W_Void
W_Void
W_Void
W_Tree
W_Tree
W_Void
W_Void
W_Void
W_Void
W_Void
W_Void
W_Void
W_Void
W_Void
W_Void
W_Void
W_Void
W_Void
W_Void
W_Void
W_Void
W_Void
W_Void
W_Tree
W_Tree
W_Void
W_Void
W_Void
W_Void
W_Void
W_Void
W_Void
W_Void
W_Void
W_Void
W_Void
W_Void
W_Void
W_Void
W_Void
W_Void
W_Void
W_Void
W_Tree
W_Tree
W_Void
W_Void
W_Void
W_Void
W_Void
W_Void
W_Void
W_Void
W_Void
W_Void
W_Void
W_Void
W_Void
W_Void
W_Void
W_Void
W_Void
W_Void
W_Tree
W_Tree
W_Void
W_Void
W_Void
W_Void
W_Void
W_Void
W_Void
W_Void
W_Void
W_Void
W_Void
W_Void
W_Void
W_Void
W_Void
W_Void
W_Void
W_Void
W_Tree
W_Tree
W_Void
W_Void
W_Void
W_Void
W_Void
W_Void
W_Void
W_Void
W_Void
W_Void
W_Void
W_Void
W_Void
W_Void
W_Void
W_Void
W_Void
W_Void
W_Tree
W_Tree
W_Void
W_Void
W_Void
W_Void
W_Void
W_Void
W_Void
W_Void
W_Void
W_Void
W_Void
W_Void
W_Void
W_Void
W_Void
W_Void
W_Void
W_Void
W_Tree
W_Tree
W_Void
W_Void
W_Void
W_Void
W_Void
W_Void
W_Void
W_Void
W_Void
W_Void
W_Void
W_Void
W_Void
W_Void
W_Void
W_Void
W_Void
W_Void
W_Tree
W_Tree
W_Void
W_Void
W_Void
W_Void
W_Void
W_Void
W_Void
W_Void
W_Void
W_Void
W_Void
W_Void
W_Void
W_Void
W_Void
W_Void
W_Void
W_Void
W_Tree
W_Tree
W_Void
W_Void
W_Void
W_Void
W_Void
W_Void
W_Void
W_Void
W_Void
W_Void
W_Void
W_Void
W_Void
W_Void
W_Void
W_Void
W_Void
W_Void
W_Tree
W_Tree
W_Void
W_Void
W_Void
W_Void
W_Void
W_Void
W_Void
W_Void
W_Void
W_Void
W_Void
W_Void
W_Void
W_Void
W_Void
W_Void
W_Void
W_Void
W_Tree
W_Tree
W_Void
W_Void
W_Void
W_Void
W_Void
W_Void
W_Void
W_Void
W_Void
W_Void
W_Void
W_Void
W_Void
W_Void
W_Void
W_Void
W_Void
W_Void
W_Tree
W_Tree
W_Void
W_Void
W_Void
W_Void
W_Void
W_Void
W_Void
W_Void
W_Void
W_Void
W_Void
W_Void
W_Void
W_Void
W_Void
W_Void
W_Void
W_Void
W_Tree
W_Tree
W_Void
W_Void
W_Void
W_Void
W_Void
W_Void
W_Void
W_Void
W_Void
W_Void
W_Void
W_Void
W_Void
W_Void
W_Void
W_Void
W_Void
W_Void
W_Tree
W_Tree
W_Void
W_Void
W_Void
W_Void
W_Void
W_Void
W_Void
W_Void
W_Void
W_Void
W_Void
W_Void
W_Void
W_Void
W_Void
W_Void
W_Void
W_Void
W_Tree
W_Tree
W_Void
W_Void
W_Void
W_Void
W_Void
W_Void
W_Void
W_Void
W_Void
W_Void
W_Void
W_Void
W_Void
W_Void
W_Void
W_Void
W_Void
W_Void
W_Tree
W_Tree
W_Void
W_Void
W_Void
W_Void
W_Void
W_Void
W_Void
W_Void
W_Void
W_Void
W_Void
W_Void
W_Void
W_Void
W_Void
W_Void
W_Void
W_Void
W_Tree
W_Tree
W_Void
W_Void
W_Void
W_Void
W_Void
W_Void
W_Void
W_Void
W_Void
W_Void
W_Void
W_Void
W_Void
W_Void
W_Void
W_Void
W_Void
W_Void
W_Tree
W_Tree
W_Tree
W_Tree
W_Tree
W_Tree
W_Tree
W_Tree
W_Tree
W_Tree
W_Tree
W_Tree
W_Tree
W_Tree
W_Tree
W_Tree
W_Tree
W_Tree
W_Tree
W_Tree
W_Tree
