20
15
Field_Wall_Tree
Field_Wall_Tree
Field_Wall_Tree
Field_Wall_Tree
Field_Wall_Tree
Field_Wall_Tree
Field_Wall_Tree
Field_Wall_Tree
Field_Wall_Tree
Field_Wall_Tree
Field_Wall_Tree
Field_Wall_Tree
Field_Wall_Tree
Field_Wall_Tree
Field_Wall_Tree
Field_Wall_Tree
Field_Wall_Tree
Field_Wall_Tree
Field_Wall_Tree
Field_Wall_Tree
Field_Wall_Tree
Field_Grass
Field_Grass
Field_Grass
Field_Grass
Field_Grass
Field_Grass
Field_Wall_Log_Burning
Field_Wall_Log_Burning
Field_Wall_Log_Burning
Field_Wall_Log_Burning
Field_Grass
Field_Wall_Log_Burning
Field_Wall_Log_Burning
Field_Wall_Log_Burning
Field_Grass
Field_Grass
Field_Grass
Field_Grass
Field_Wall_Tree
Field_Wall_Tree
Field_Grass
Field_Grass
Field_IceFloor
Field_Grass
Field_Grass
Field_Grass
Field_IceFloor
Field_Grass
Field_IceFloor
Field_Grass
Field_Grass
Field_Grass
Field_Grass
Field_Grass
Field_IceFloor
Field_IceFloor
Field_Grass
Field_Grass
Field_Wall_Tree
Field_Wall_Tree
Field_Grass
Field_IceFloor
Field_Grass
Field_Grass
Field_IceFloor
Field_Grass
Field_Grass
Field_Grass
Field_IceFloor
Field_Grass
Field_Grass
Field_Grass
Field_Grass
Field_Grass
Field_Grass
Field_Grass
Field_Grass
Field_Grass
Field_Wall_Tree
Field_Wall_Tree
Field_IceFloor
Field_IceFloor
Field_Grass
Field_Grass
Field_Wall_Log_Burning
Field_Wall_Log_Burning
Field_Wall_Log_Burning
Field_Wall_Log_Burning
Field_Wall_Log_Burning
Field_IceFloor
Field_IceFloor
Field_Grass
Field_Grass
Field_Grass
Field_Grass
Field_Grass
Field_IceFloor
Field_Grass
Field_Wall_Tree
Field_Wall_Tree
Field_Grass
Field_Grass
Field_Grass
Field_Grass
Field_Grass
Field_Wall_Log_Burning
Field_Wall_Log_Burning
Field_Wall_Log_Burning
Field_Wall_Log_Burning
Field_Grass
Field_Grass
Field_IceFloor
Field_Grass
Field_Grass
Field_Grass
Field_Grass
Field_IceFloor
Field_IceFloor
Field_Wall_Tree
Field_Wall_Tree
Field_Grass
Field_IceFloor
Field_IceFloor
Field_Grass
Field_Grass
Field_Grass
Field_Grass
Field_Grass
Field_Grass
Field_IceFloor
Field_Grass
Field_Grass
Field_Grass
Field_Grass
Field_Grass
Field_Grass
Field_IceFloor
Field_Grass
Field_Wall_Tree
Field_Wall_Tree
Field_IceFloor
Field_IceFloor
Field_Grass
Field_Grass
Field_Grass
Field_IceFloor
Field_Grass
Field_Grass
Field_Grass
Field_IceFloor
Field_IceFloor
Field_Grass
Field_Wall_Log_Burning
Field_Wall_Log_Burning
Field_Wall_Log_Burning
Field_Wall_Log_Burning
Field_Wall_Log_Burning
Field_Wall_Log_Burning
Field_Wall_Tree
Field_Wall_Tree
Field_Grass
Field_IceFloor
Field_IceFloor
Field_Grass
Field_Grass
Field_Grass
Field_IceFloor
Field_Grass
Field_Grass
Field_Grass
Field_IceFloor
Field_IceFloor
Field_Grass
Field_Wall_Log_Burning
Field_Wall_Log_Burning
Field_Wall_Log_Burning
Field_Wall_Log_Burning
Field_Wall_Log_Burning
Field_Wall_Tree
Field_Wall_Tree
Field_IceFloor
Field_IceFloor
Field_IceFloor
Field_Grass
Field_Grass
Field_IceFloor
Field_Grass
Field_Grass
Field_IceFloor
Field_Grass
Field_Grass
Field_Grass
Field_IceFloor
Field_Grass
Field_Grass
Field_Grass
Field_Grass
Field_IceFloor
Field_Wall_Tree
Field_Wall_Tree
Field_IceFloor
Field_IceFloor
Field_Grass
Field_IceFloor
Field_Grass
Field_Grass
Field_Grass
Field_Grass
Field_Grass
Field_IceFloor
Field_Grass
Field_IceFloor
Field_Grass
Field_IceFloor
Field_Grass
Field_IceFloor
Field_Grass
Field_IceFloor
Field_Wall_Tree
Field_Wall_Tree
Field_Grass
Field_IceFloor
Field_Grass
Field_IceFloor
Field_Grass
Field_Grass
Field_IceFloor
Field_Grass
Field_IceFloor
Field_IceFloor
Field_IceFloor
Field_IceFloor
Field_Grass
Field_Grass
Field_Grass
Field_IceFloor
Field_IceFloor
Field_IceFloor
Field_Wall_Tree
Field_Wall_Tree
Field_Grass
Field_Grass
Field_IceFloor
Field_IceFloor
Field_IceFloor
Field_IceFloor
Field_Grass
Field_IceFloor
Field_IceFloor
Field_Grass
Field_IceFloor
Field_Grass
Field_Grass
Field_IceFloor
Field_Grass
Field_IceFloor
Field_Grass
Field_IceFloor
Field_Wall_Tree
Field_Wall_Tree
Field_Grass
Field_Grass
Field_IceFloor
Field_IceFloor
Field_IceFloor
Field_Grass
Field_Grass
Field_Grass
Field_Grass
Field_IceFloor
Field_Grass
Field_Grass
Field_Grass
Field_Grass
Field_Grass
Field_Grass
Field_Grass
Field_Grass
Field_Wall_Tree
Field_Wall_Tree
Field_Wall_Tree
Field_Wall_Tree
Field_Wall_Tree
Field_Wall_Tree
Field_Wall_Tree
Field_Wall_Tree
Field_Wall_Tree
Field_Wall_Tree
Field_Wall_Tree
Field_Wall_Tree
Field_Wall_Tree
Field_Wall_Tree
Field_Wall_Tree
Field_Wall_Tree
Field_Wall_Tree
Field_Wall_Tree
Field_Wall_Tree
Field_Wall_Tree
Field_Wall_Tree
