20
40
F_Cave
F_Cave
F_Cave
F_Cave
F_Cave
F_Cave
F_Cave
F_Cave
F_Cave
F_Cave
F_Cave
F_Cave
F_Cave
F_Cave
F_Cave
F_Cave
F_Cave
F_Cave
F_Cave
F_Cave
F_Cave
F_Cave
F_Cave
F_Cave
F_Cave
F_Cave
F_Cave
F_Cave
F_Cave
F_Cave
F_Cave
F_Cave
F_Cave
F_Cave
F_Cave
F_Cave
F_Cave
F_Cave
F_Cave
F_Cave
F_Cave
F_Cave
F_Cave
F_Cave
F_Cave
F_Cave
F_Cave
F_Cave
F_Cave
F_Cave
F_Cave
F_Cave
F_Cave
F_Cave
F_Cave
F_Cave
F_Cave
F_Cave
F_Cave
F_Cave
F_Cave
F_Cave
F_Cave
F_Cave
F_Cave
F_Cave
F_Cave
F_Cave
F_Cave
F_Cave
F_Lava
F_Lava
F_Cave
F_Cave
F_Cave
F_Cave
F_Cave
F_Cave
F_Cave
F_Cave
F_Cave
F_Cave
F_Cave
F_Cave
F_Cave
F_Cave
F_Cave
F_Lava
F_Lava
F_Lava
F_Lava
F_Lava
F_Lava
F_Lava
F_Lava
F_Cave
F_Cave
F_Cave
F_Cave
F_Cave
F_Cave
F_Cave
F_Cave
F_Cave
F_Cave
F_Cave
F_Cave
F_Lava
F_Lava
F_Lava
F_Lava
F_Lava
F_Lava
F_Lava
F_Lava
F_Cave
F_Cave
F_Cave
F_Cave
F_Cave
F_Cave
F_Cave
F_Cave
F_Cave
F_Cave
F_Cave
F_Lava
F_Lava
F_Lava
F_Lava
F_Lava
F_Lava
F_Lava
F_Lava
F_Lava
F_Cave
F_Cave
F_Cave
F_Cave
F_Cave
F_Cave
F_Cave
F_Cave
F_Cave
F_Cave
F_Lava
F_Lava
F_Lava
F_Lava
F_Lava
F_Lava
F_Lava
F_Lava
F_Lava
F_Lava
F_Cave
F_Cave
F_Cave
F_Cave
F_Cave
F_Cave
F_Cave
F_Cave
F_Cave
F_Cave
F_Lava
F_Lava
F_Lava
F_Lava
F_Lava
F_Lava
F_Lava
F_Lava
F_Lava
F_Lava
F_Cave
F_Cave
F_Cave
F_Cave
F_Cave
F_Cave
F_Cave
F_Cave
F_Cave
F_Cave
F_Cave
F_Lava
F_Lava
F_Lava
F_Lava
F_Lava
F_Lava
F_Lava
F_Lava
F_Lava
F_Cave
F_Cave
F_Cave
F_Cave
F_Cave
F_Cave
F_Cave
F_Cave
F_Cave
F_Cave
F_Cave
F_Lava
F_Lava
F_Lava
F_Lava
F_Lava
F_Lava
F_Lava
F_Lava
F_Lava
F_Cave
F_Cave
F_Cave
F_Cave
F_Cave
F_Cave
F_Cave
F_Cave
F_Cave
F_Cave
F_Cave
F_Lava
F_Lava
F_Lava
F_Lava
F_Lava
F_Lava
F_Lava
F_Lava
F_Cave
F_Cave
F_Cave
F_Cave
F_Cave
F_Cave
F_Cave
F_Cave
F_Cave
F_Cave
F_Cave
F_Cave
F_Lava
F_Lava
F_Lava
F_Lava
F_Lava
F_Lava
F_Lava
F_Cave
F_Cave
F_Cave
F_Cave
F_Cave
F_Cave
F_Cave
F_Cave
F_Cave
F_Cave
F_Cave
F_Cave
F_Cave
F_Cave
F_Lava
F_Lava
F_Lava
F_Lava
F_Lava
F_Cave
F_Cave
F_Cave
F_Cave
F_Cave
F_Cave
F_Cave
F_Cave
F_Cave
F_Cave
F_Cave
F_Cave
F_Cave
F_Cave
F_Cave
F_Lava
F_Lava
F_Lava
F_Lava
F_Cave
F_Cave
F_Cave
F_Cave
F_Cave
F_Cave
F_Cave
F_Cave
F_Cave
F_Cave
F_Cave
F_Cave
F_Cave
F_Cave
F_Cave
F_Cave
F_Cave
F_Cave
F_Lava
F_Lava
F_Lava
F_Cave
F_Cave
F_Cave
F_Cave
F_Cave
F_Cave
F_Cave
F_Cave
F_Cave
F_Cave
F_Cave
F_Cave
F_Cave
F_Cave
F_Cave
F_Cave
F_Lava
F_Lava
F_Lava
F_Lava
F_Lava
F_Cave
F_Cave
F_Cave
F_Cave
F_Cave
F_Cave
F_Cave
F_Cave
F_Cave
F_Cave
F_Cave
F_Cave
F_Lava
F_Lava
F_Lava
F_Lava
F_Lava
F_Lava
F_Lava
F_Lava
F_Lava
F_Lava
F_Lava
F_Cave
F_Cave
F_Cave
F_Cave
F_Cave
F_Cave
F_Cave
F_Lava
F_Lava
F_Lava
F_Lava
F_Lava
F_Lava
F_Lava
F_Lava
F_Lava
F_Lava
F_Lava
F_Lava
F_Lava
F_Lava
F_Cave
F_Cave
F_Cave
F_Cave
F_Cave
F_Cave
F_Lava
F_Lava
F_Lava
F_Lava
F_Lava
F_Lava
F_Lava
F_Lava
F_Lava
F_Lava
F_Lava
F_Lava
F_Lava
F_Lava
F_Cave
F_Cave
F_Cave
F_Cave
F_Cave
F_Lava
F_Lava
F_Lava
F_Lava
F_Lava
F_Lava
F_Lava
F_Lava
F_Lava
F_Lava
F_Lava
F_Lava
F_Lava
F_Lava
F_Lava
F_Lava
F_Lava
F_Cave
F_Cave
F_Cave
F_Lava
F_Lava
F_Lava
F_Lava
F_Lava
F_Lava
F_Lava
F_Lava
F_Lava
F_Lava
F_Lava
F_Lava
F_Lava
F_Lava
F_Lava
F_Lava
F_Lava
F_Cave
F_Cave
F_Cave
F_Lava
F_Lava
F_Lava
F_Lava
F_Lava
F_Lava
F_Cave
F_Cave
F_Cave
F_Cave
F_Lava
F_Lava
F_Lava
F_Lava
F_Lava
F_Lava
F_Cave
F_Cave
F_Cave
F_Cave
F_Lava
F_Lava
F_Lava
F_Lava
F_Lava
F_Cave
F_Cave
F_Cave
F_Cave
F_Cave
F_Cave
F_Lava
F_Lava
F_Lava
F_Lava
F_Lava
F_Cave
F_Cave
F_Cave
F_Cave
F_Lava
F_Lava
F_Lava
F_Lava
F_Cave
F_Cave
F_Cave
F_Cave
F_Cave
F_Cave
F_Cave
F_Lava
F_Lava
F_Lava
F_Lava
F_Lava
F_Cave
F_Cave
F_Cave
F_Cave
F_Lava
F_Lava
F_Lava
F_Lava
F_Cave
F_Cave
F_Cave
F_Cave
F_Cave
F_Cave
F_Cave
F_Lava
F_Lava
F_Lava
F_Lava
F_Lava
F_Lava
F_Cave
F_Cave
F_Cave
F_Lava
F_Lava
F_Lava
F_Lava
F_Cave
F_Cave
F_Cave
F_Cave
F_Cave
F_Cave
F_Cave
F_Cave
F_Lava
F_Lava
F_Lava
F_Lava
F_Lava
F_Cave
F_Cave
F_Cave
F_Lava
F_Lava
F_Lava
F_Lava
F_Lava
F_Cave
F_Cave
F_Cave
F_Cave
F_Cave
F_Cave
F_Cave
F_Lava
F_Lava
F_Lava
F_Lava
F_Lava
F_Cave
F_Cave
F_Cave
F_Lava
F_Lava
F_Lava
F_Lava
F_Lava
F_Lava
F_Cave
F_Cave
F_Cave
F_Cave
F_Cave
F_Lava
F_Lava
F_Lava
F_Lava
F_Lava
F_Lava
F_Cave
F_Cave
F_Cave
F_Lava
F_Lava
F_Lava
F_Lava
F_Lava
F_Lava
F_Cave
F_Cave
F_Cave
F_Cave
F_Cave
F_Cave
F_Lava
F_Lava
F_Lava
F_Lava
F_Lava
F_Cave
F_Cave
F_Cave
F_Lava
F_Lava
F_Lava
F_Lava
F_Lava
F_Lava
F_Lava
F_Cave
F_Cave
F_Cave
F_Cave
F_Cave
F_Lava
F_Lava
F_Lava
F_Lava
F_Cave
F_Cave
F_Cave
F_Cave
F_Cave
F_Lava
F_Lava
F_Lava
F_Lava
F_Lava
F_Lava
F_Cave
F_Cave
F_Cave
F_Cave
F_Lava
F_Lava
F_Lava
F_Lava
F_Lava
F_Cave
F_Cave
F_Cave
F_Cave
F_Cave
F_Cave
F_Cave
F_Cave
F_Lava
F_Lava
F_Cave
F_Cave
F_Cave
F_Cave
F_Lava
F_Lava
F_Cave
F_Cave
F_Cave
F_Cave
F_Cave
F_Cave
F_Cave
F_Cave
F_Cave
F_Cave
F_Cave
F_Cave
F_Cave
F_Cave
F_Cave
F_Cave
F_Cave
F_Cave
F_Lava
F_Cave
F_Cave
F_Cave
F_Cave
F_Cave
F_Cave
F_Cave
F_Cave
F_Cave
F_Cave
F_Cave
F_Cave
F_Cave
F_Cave
F_Cave
F_Cave
F_Cave
F_Cave
F_Cave
F_Cave
F_Cave
F_Cave
F_Cave
F_Cave
F_Cave
F_Cave
F_Cave
F_Cave
F_Cave
F_Cave
F_Cave
F_Cave
F_Cave
F_Cave
F_Cave
F_Cave
F_Cave
F_Cave
F_Cave
F_Cave
F_Cave
F_Cave
F_Cave
F_Cave
F_Cave
F_Cave
F_Cave
F_Cave
F_Cave
F_Cave
F_Cave
F_Cave
F_Cave
F_Cave
F_Cave
F_Cave
F_Cave
F_Cave
F_Cave
F_Cave
F_Cave
F_Cave
F_Cave
F_Cave
F_Cave
F_Cave
F_Cave
F_Cave
F_Cave
F_Cave
F_Cave
F_Cave
F_Cave
F_Cave
F_Cave
F_Cave
F_Cave
F_Cave
F_Cave
F_Cave
F_Cave
F_Cave
F_Cave
F_Cave
F_Cave
F_Cave
F_Cave
F_Cave
F_Cave
F_Cave
F_Cave
F_Cave
F_Cave
F_Cave
F_Cave
F_Cave
F_Cave
F_Cave
F_Cave
F_Cave
F_Cave
F_Cave
F_Cave
F_Cave
F_Cave
F_Cave
F_Cave
F_Cave
F_Cave
F_Cave
F_Cave
F_Cave
F_Cave
F_Cave
F_Cave
F_Cave
F_Cave
F_Cave
F_Cave
F_Cave
F_Cave
F_Cave
F_Cave
F_Cave
F_Cave
F_Cave
F_Cave
W_Cave
W_Cave
W_Cave
W_Cave
W_Cave
W_Cave
W_Cave
W_Cave
W_Cave
W_Cave
W_Cave
W_Cave
W_Cave
W_Cave
W_Cave
W_Cave
W_Cave
W_Cave
W_Cave
W_Cave
W_Cave
W_Cave
W_Cave
W_Cave
W_Cave
W_Cave
W_Cave
W_Cave
W_Cave
W_Cave
W_Cave
W_Cave
W_Cave
W_Cave
W_Cave
W_Cave
W_Cave
W_Cave
W_Cave
W_Cave
W_Cave
W_Cave
W_Cave
W_Cave
W_Cave
W_Cave
W_Cave
W_Cave
W_Cave
W_Cave
W_Cave
W_Cave
W_Cave
W_Cave
W_Cave
W_Cave
W_Cave
W_Cave
W_Cave
W_Cave
W_Cave
W_Cave
W_Cave
W_Cave
W_Cave
W_Cave
W_Cave
W_Cave
W_Cave
W_Cave
W_Cave
W_Cave
W_Cave
W_Cave
W_Cave
W_Cave
W_Cave
W_Cave
W_Cave
W_Cave
W_Cave
W_Cave
W_Cave
W_Cave
W_Cave
W_Cave
W_Cave
W_Cave
W_Void
W_Void
W_Void
W_Void
W_Void
W_Void
W_Cave
W_Cave
W_Cave
W_Cave
W_Cave
W_Cave
W_Cave
W_Cave
W_Cave
W_Cave
W_Cave
W_Cave
W_Cave
W_Void
W_Void
W_Void
W_Void
W_Void
W_Void
W_Void
W_Void
W_Cave
W_Cave
W_Cave
W_Cave
W_Cave
W_Cave
W_Cave
W_Cave
W_Cave
W_Cave
W_Cave
W_Cave
W_Void
W_Void
W_Void
E7
W_Void
W_Void
W_Void
W_Void
W_Cave
W_Cave
W_Cave
W_Cave
W_Cave
W_Cave
W_Cave
W_Cave
W_Cave
W_Cave
W_Cave
W_Void
W_Void
W_Void
W_Void
W_Void
W_Void
W_Void
W_Void
W_Void
W_Cave
W_Cave
W_Cave
W_Cave
W_Cave
W_Cave
W_Cave
W_Cave
W_Cave
W_Cave
W_Cave
W_Void
W_Void
W_Void
W_Void
W_Void
E6
W_Void
W_Void
W_Void
W_Cave
W_Cave
W_Cave
W_Cave
W_Cave
W_Cave
W_Cave
W_Cave
W_Cave
W_Cave
W_Cave
W_Void
W_Void
W_Void
E5
W_Void
W_Void
W_Void
W_Void
W_Void
W_Cave
W_Cave
W_Cave
W_Cave
W_Cave
W_Cave
W_Cave
W_Cave
W_Cave
W_Cave
W_Cave
W_Void
W_Void
W_Void
W_Void
W_Void
W_Void
W_Void
W_Void
W_Cave
W_Cave
W_Cave
W_Cave
W_Cave
W_Cave
W_Cave
W_Cave
W_Cave
W_Cave
W_Cave
W_Cave
W_Cave
W_Void
W_Void
W_Void
W_Void
W_Void
W_Void
W_Cave
W_Cave
W_Cave
W_Cave
W_Cave
W_Cave
W_Cave
W_Cave
W_Cave
W_Cave
W_Cave
W_Cave
W_Cave
W_Cave
W_Cave
W_Void
W_Void
W_Void
W_Void
W_Void
W_Cave
W_Cave
W_Cave
W_Cave
W_Cave
W_Cave
W_Cave
W_Cave
W_Cave
W_Cave
W_Cave
W_Cave
W_Cave
W_Cave
W_Cave
W_Cave
W_Void
W_Void
W_Cave
W_Cave
W_Cave
W_Cave
W_Cave
W_Cave
W_Cave
W_Cave
W_Cave
W_Cave
W_Cave
W_Cave
W_Cave
W_Cave
W_Cave
W_Cave
W_Cave
W_Cave
W_Void
W_Void
W_Cave
W_Cave
W_Cave
W_Cave
W_Cave
W_Cave
W_Cave
W_Cave
W_Cave
W_Cave
W_Cave
W_Cave
W_Cave
W_Cave
W_Cave
W_Cave
W_Cave
W_Cave
W_Void
W_Void
W_Cave
W_Cave
W_Cave
W_Cave
W_Cave
W_Cave
W_Cave
W_Cave
W_Cave
W_Cave
W_Cave
W_Cave
W_Cave
W_Cave
W_Cave
W_Cave
W_Cave
W_Cave
W_Void
W_Void
W_Void
W_Cave
W_Cave
W_Cave
W_Cave
W_Cave
W_Cave
W_Cave
W_Cave
W_Cave
W_Cave
W_Cave
W_Cave
W_Cave
W_Cave
F_Void
F_Void
F_Void
F_Void
F_Void
F_Void
F_Void
F_Void
W_Cave
W_Cave
W_Cave
W_Cave
W_Cave
W_Cave
W_Cave
W_Cave
W_Cave
W_Cave
F_Void
F_Void
F_Void
F_Void
F_Void
E2
F_Void
F_Void
F_Void
F_Void
F_Void
F_Void
W_Cave
W_Cave
W_Cave
W_Cave
W_Cave
W_Cave
W_Cave
F_Void
F_Void
F_Void
F_Void
F_Void
F_Void
F_Void
F_Void
F_Void
F_Void
F_Void
F_Void
F_Void
F_Void
W_Cave
W_Cave
W_Cave
W_Cave
W_Cave
W_Cave
F_Void
F_Void
F_Void
F_Void
F_Void
F_Void
F_Void
F_Void
F_Void
F_Void
F_Void
F_Void
F_Void
F_Void
W_Cave
W_Cave
W_Cave
W_Cave
W_Cave
F_Void
F_Void
F_Void
F_Void
F_Void
F_Void
F_Void
F_Void
F_Void
F_Void
F_Void
F_Void
E3
F_Void
F_Void
F_Void
W_Cave
W_Cave
W_Cave
W_Cave
F_Void
F_Void
E1
F_Void
F_Void
F_Void
F_Void
F_Void
F_Void
F_Void
F_Void
F_Void
F_Void
F_Void
F_Void
F_Void
W_Cave
W_Cave
W_Cave
W_Cave
F_Void
F_Void
F_Void
F_Void
F_Void
F_Void
W_Rock
F_Void
F_Void
F_Void
F_Void
F_Void
F_Void
F_Void
F_Void
F_Void
W_Cave
W_Cave
W_Cave
W_Cave
F_Void
F_Void
F_Void
F_Void
F_Void
F_Void
F_Void
F_Void
F_Void
F_Void
F_Void
F_Void
F_Void
F_Void
F_Void
F_Void
W_Cave
W_Cave
W_Cave
W_Cave
F_Void
F_Void
F_Void
F_Void
F_Void
F_Void
F_Void
F_Void
F_Void
W_Rock
F_Void
F_Void
F_Void
F_Void
F_Void
F_Void
W_Cave
W_Cave
W_Cave
W_Cave
F_Void
F_Void
F_Void
F_Void
F_Void
F_Void
F_Void
W_Void
F_Void
F_Void
F_Void
F_Void
F_Void
F_Void
F_Void
F_Void
W_Cave
W_Cave
W_Cave
W_Cave
F_Void
F_Void
F_Void
F_Void
F_Void
F_Void
F_Void
F_Void
F_Void
F_Void
F_Void
F_Void
F_Void
F_Void
F_Void
F_Void
W_Cave
W_Cave
W_Cave
W_Cave
F_Void
F_Void
F_Void
F_Void
F_Void
F_Void
F_Void
F_Void
F_Void
F_Void
F_Void
F_Void
F_Void
F_Void
E4
F_Void
W_Cave
W_Cave
W_Cave
W_Cave
F_Void
F_Void
F_Void
E0
F_Void
F_Void
F_Void
F_Void
F_Void
F_Void
F_Void
F_Void
F_Void
F_Void
F_Void
F_Void
W_Cave
W_Cave
W_Cave
W_Cave
W_Cave
F_Void
F_Void
F_Void
F_Void
F_Void
F_Void
F_Void
F_Void
F_Void
F_Void
F_Void
F_Void
F_Void
F_Void
W_Cave
W_Cave
W_Cave
W_Cave
W_Cave
W_Cave
W_Cave
F_Void
F_Void
F_Void
F_Void
F_Void
F_Void
F_Void
F_Void
F_Void
F_Void
F_Void
F_Void
W_Cave
W_Cave
W_Cave
W_Cave
W_Cave
W_Cave
W_Cave
W_Cave
W_Cave
W_Cave
W_Cave
F_Void
F_Void
F_Void
F_Void
F_Void
F_Void
W_Cave
W_Cave
W_Cave
W_Cave
W_Cave
W_Cave
W_Cave
W_Cave
W_Cave
W_Cave
W_Cave
W_Cave
W_Cave
W_Cave
F_Void
F_Void
F_Void
F_Void
F_Void
F_Void
W_Cave
W_Cave
W_Cave
W_Cave
W_Cave
W_Cave
W_Cave
W_Cave
W_Cave
W_Cave
W_Cave
W_Cave
W_Cave
W_Cave
F_Void
F_Void
F_Void
F_Void
F_Void
F_Void
W_Cave
W_Cave
W_Cave
W_Cave
W_Cave
W_Cave
W_Cave
W_Cave
W_Cave
W_Cave
W_Cave
W_Cave
W_Cave
W_Cave
F_Void
F_Void
F_Void
P0
F_Void
F_Void
W_Cave
W_Cave
W_Cave
W_Cave
W_Cave
W_Cave
W_Cave
W_Cave
W_Cave
W_Cave
W_Cave
W_Cave
W_Cave
W_Cave
F_Void
F_Void
F_Void
F_Void
F_Void
F_Void
W_Cave
W_Cave
W_Cave
W_Cave
W_Cave
W_Cave
W_Cave
W_Cave
W_Cave
W_Cave
W_Cave
W_Cave
W_Cave
W_Cave
W_Cave
F_Void
F_Void
F_Void
F_Void
W_Cave
W_Cave
W_Cave
W_Cave
W_Cave
W_Cave
W_Cave
W_Cave
W_Cave
W_Cave
W_Cave
W_Cave
W_Cave
W_Cave
W_Cave
W_Cave
W_Cave
W_Cave
W_Cave
W_Cave
W_Cave
W_Cave
W_Cave
W_Cave
W_Cave
W_Cave
W_Cave
W_Cave
W_Cave
W_Cave
W_Cave
W_Cave
W_Cave
W_Cave
W_Cave
W_Cave
W_Cave
W_Cave
W_Cave
W_Cave
W_Cave
W_Cave
W_Cave
W_Cave
W_Cave
W_Cave
W_Cave
W_Cave