20
15
F_Cave
F_Cave
F_Cave
F_Cave
F_Cave
F_Cave
F_Cave
F_Cave
F_Cave
F_Cave
F_Cave
F_Cave
F_Cave
F_Cave
F_Cave
F_Cave
F_Cave
F_Cave
F_Cave
F_Cave
F_Cave
F_Cave
F_Cave
F_Cave
F_Cave
F_Cave
F_Cave
F_Cave
F_Cave
F_Cave
F_Cave
F_Cave
F_Cave
F_Cave
F_Cave
F_Cave
F_Cave
F_Cave
F_Cave
F_Cave
F_Cave
F_Cave
F_Cave
F_Cave
F_Cave
F_Cave
F_Cave
F_Cave
F_Cave
F_Cave
F_Cave
F_Cave
F_Cave
F_Cave
F_Cave
F_Cave
F_Cave
F_Cave
F_Cave
F_Cave
F_Cave
F_Cave
F_Cave
F_Cave
F_Cave
F_Cave
F_Cave
F_Cave
F_Cave
F_Cave
F_Cave
F_Cave
F_Cave
F_Cave
F_Cave
F_Cave
F_Cave
F_Cave
F_Cave
F_Cave
F_Cave
F_Cave
F_Cave
F_Cave
F_Cave
F_Cave
F_Cave
F_Cave
F_Cave
F_Cave
F_Cave
F_Cave
F_Cave
F_Cave
F_Cave
F_Cave
F_Cave
F_Cave
F_Cave
F_Cave
F_Cave
F_Cave
F_Cave
F_Cave
F_Cave
F_Cave
F_Cave
F_Cave
F_Cave
F_Cave
F_Cave
F_Lava
F_Cave
F_Lava
F_Cave
F_Cave
F_Cave
F_Cave
F_Cave
F_Cave
F_Cave
F_Cave
F_Cave
F_Cave
F_Cave
F_Cave
F_Lava
F_Cave
F_Lava
F_Lava
F_Lava
F_Lava
F_Lava
F_Cave
F_Cave
F_Cave
F_Cave
F_Cave
F_Cave
F_Cave
F_Cave
F_Cave
F_Cave
F_Cave
F_Cave
F_Cave
F_Cave
F_Lava
F_Lava
F_Lava
F_Lava
F_Lava
F_Lava
F_Cave
F_Cave
F_Cave
F_Cave
F_Cave
F_Cave
F_Cave
F_Cave
F_Cave
F_Cave
F_Cave
F_Cave
F_Cave
F_Cave
F_Lava
F_Lava
F_Lava
F_Lava
F_Lava
F_Lava
F_Lava
F_Cave
F_Cave
F_Cave
F_Cave
F_Cave
F_Cave
F_Cave
F_Cave
F_Cave
F_Cave
F_Cave
F_Cave
F_Cave
F_Cave
F_Lava
F_Lava
F_Lava
F_Lava
F_Cave
F_Cave
F_Lava
F_Cave
F_Cave
F_Cave
F_Cave
F_Cave
F_Cave
F_Cave
F_Cave
F_Cave
F_Cave
F_Cave
F_Cave
F_Lava
F_Cave
F_Cave
F_Cave
F_Cave
F_Cave
F_Cave
F_Cave
F_Cave
F_Cave
F_Cave
F_Cave
F_Cave
F_Cave
F_Cave
F_Cave
F_Cave
F_Cave
F_Cave
F_Cave
F_Cave
F_Cave
F_Cave
F_Cave
F_Cave
F_Cave
F_Cave
F_Cave
F_Cave
F_Cave
F_Cave
F_Cave
F_Cave
F_Cave
F_Cave
F_Cave
F_Cave
F_Cave
F_Cave
F_Cave
F_Cave
F_Cave
F_Cave
F_Cave
F_Cave
F_Cave
F_Cave
F_Cave
F_Cave
F_Cave
F_Cave
F_Cave
F_Cave
F_Cave
F_Cave
F_Cave
F_Cave
F_Cave
F_Cave
F_Cave
F_Cave
F_Cave
F_Cave
F_Cave
F_Cave
F_Cave
F_Cave
F_Cave
F_Cave
F_Cave
F_Cave
F_Cave
F_Cave
F_Cave
F_Cave
F_Cave
F_Cave
F_Cave
F_Cave
F_Cave
F_Cave
F_Cave
F_Cave
F_Cave
F_Cave
F_Cave
F_Cave
F_Cave
F_Cave
F_Cave
F_Cave
F_Cave
F_Cave
W_Cave_UDRL
W_Cave_UDRL
W_Cave_URL
W_Cave_URL
W_Cave_URL
W_Cave_URL
W_Cave_URL
W_Cave_UDRL
W_Cave_UDRL
W_Cave_UDRL
W_Cave_UDRL
W_Cave_URL
W_Cave_URL
W_Cave_URL
W_Cave_URL
W_Cave_URL
W_Cave_URL
W_Cave_URL
W_Cave_UDRL
W_Cave_UDRL
W_Cave_UDRL
W_Cave_UL
F_Void
F_Void
F_Void
F_Void
F_Void
W_Cave_UR
W_Cave_UDRL
W_Cave_URL
W_Cave_UL
F_Void
F_Void
F_Void
F_Void
F_Void
F_Void
F_Void
W_Cave_UR
W_Cave_UDRL
W_Cave_UDL
F_Void
F_Void
F_Void
F_Void
F_Void
F_Void
F_Void
W_Cave_U
F_Void
F_Void
F_Void
F_Void
F_Void
F_Void
F_Void
F_Void
F_Void
F_Void
W_Cave_UDR
W_Cave_UDL
F_Void
F_Void
P0
F_Void
F_Void
F_Void
F_Void
F_Void
F_Void
F_Void
F_Void
F_Void
F_Void
F_Void
F_Void
E0
F_Void
F_Void
W_Cave_UDR
W_Cave_UDL
F_Void
F_Void
F_Void
F_Void
F_Void
F_Void
F_Void
F_Void
F_Void
F_Void
F_Void
F_Void
F_Void
F_Void
F_Void
F_Void
F_Void
F_Void
W_Cave_UDR
W_Cave_UDL
F_Void
F_Void
F_Void
F_Void
F_Void
F_Void
F_Void
F_Void
F_Void
F_Void
F_Void
F_Void
F_Void
F_Void
F_Void
F_Void
F_Void
W_Cave_DR
W_Cave_UDRL
W_Cave_UDRL
W_Cave_L
F_Void
F_Void
F_Void
F_Void
F_Void
F_Void
F_Void
F_Void
F_Void
F_Void
F_Void
F_Void
F_Void
F_Void
F_Void
F_Void
W_Cave_UR
W_Cave_UDRL
W_Cave_UDL
F_Void
F_Void
F_Void
F_Void
F_Void
F_Void
F_Void
F_Void
F_Void
E3
F_Void
F_Void
F_Void
F_Void
F_Void
F_Void
F_Void
F_Void
W_Cave_UDR
W_Cave_UDL
F_Void
F_Void
F_Void
F_Void
F_Void
F_Void
F_Void
F_Void
F_Void
F_Void
F_Void
F_Void
F_Void
F_Void
F_Void
F_Void
F_Void
F_Void
W_Cave_UDR
W_Cave_UDL
F_Void
F_Void
F_Void
F_Void
F_Void
F_Void
F_Void
F_Void
F_Void
F_Void
F_Void
F_Void
F_Void
F_Void
F_Void
F_Void
F_Void
F_Void
W_Cave_UDR
W_Cave_UDL
F_Void
F_Void
F_Void
F_Void
F_Void
F_Void
F_Void
F_Void
F_Void
F_Void
F_Void
F_Void
F_Void
F_Void
F_Void
F_Void
F_Void
F_Void
W_Cave_UDR
W_Cave_UDRL
W_Cave_DL
F_Void
F_Void
E1
F_Void
F_Void
F_Void
F_Void
F_Void
F_Void
F_Void
F_Void
F_Void
F_Void
F_Void
E2
F_Void
F_Void
W_Cave_UDR
W_Cave_UDRL
W_Cave_UDL
F_Void
F_Void
F_Void
F_Void
F_Void
F_Void
F_Void
F_Void
F_Void
F_Void
F_Void
F_Void
F_Void
F_Void
F_Void
F_Void
F_Void
W_Cave_UDR
W_Cave_UDRL
W_Cave_UDRL
W_Cave_DL
F_Void
F_Void
F_Void
F_Void
F_Void
F_Void
F_Void
W_Cave_DR
W_Cave_DRL
W_Cave_DL
F_Void
F_Void
F_Void
F_Void
F_Void
W_Cave_DR
W_Cave_UDRL
W_Cave_UDRL
W_Cave_UDRL
W_Cave_UDRL
W_Cave_DRL
W_Cave_DRL
W_Cave_DRL
W_Cave_DRL
W_Cave_DRL
W_Cave_DRL
W_Cave_DRL
W_Cave_UDRL
W_Cave_UDRL
W_Cave_UDRL
W_Cave_DRL
W_Cave_DRL
W_Cave_DRL
W_Cave_DRL
W_Cave_DRL
W_Cave_UDRL
W_Cave_UDRL
