20
40
F_Grass
F_Grass
F_Grass
F_Grass
F_Grass
F_Grass
F_Grass
F_Grass
F_Grass
F_Grass
F_Grass
F_Grass
F_Grass
F_Grass
F_Grass
F_Grass
F_Grass
F_Grass
F_Grass
F_Grass
F_Grass
F_Grass
F_Grass
F_Grass
F_Grass
F_Grass
F_Grass
F_Grass
F_Grass
F_Grass
F_Grass
F_Grass
F_Grass
F_Grass
F_Grass
F_Grass
F_Grass
F_Grass
F_Grass
F_Grass
F_Grass
F_Grass
F_Grass
F_Grass
F_Grass
F_Grass
F_Grass
F_Grass
F_Grass
F_Grass
F_Grass
F_Grass
F_Grass
F_Grass
F_Grass
F_Grass
F_Grass
F_Grass
F_Grass
F_Grass
F_Grass
F_Grass
F_Grass
F_Grass
F_Grass
F_Grass
F_Grass
F_Grass
F_Grass
F_Grass
F_Grass
F_Grass
F_Grass
F_Grass
F_Grass
F_Grass
F_Grass
F_Grass
F_Grass
F_Grass
F_Grass
F_Grass
F_Grass
F_Grass
F_Grass
F_Grass
F_Grass
F_Grass
F_Grass
F_Grass
F_Grass
F_Grass
F_Grass
F_Grass
F_Grass
F_Grass
F_Grass
F_Grass
F_Grass
F_Grass
F_Grass
F_Grass
F_Grass
F_Grass
F_Grass
F_Grass
F_Grass
F_Grass
F_Grass
F_Grass
F_Grass
F_Grass
F_Grass
F_Grass
F_Grass
F_Grass
F_Grass
F_Grass
F_Grass
F_Grass
F_Grass
F_Grass
F_Grass
F_Grass
F_Grass
F_Grass
F_Grass
F_Grass
F_Grass
F_Grass
F_Grass
F_Grass
F_Grass
F_Grass
F_Grass
F_Grass
F_Grass
F_Grass
F_Grass
F_Grass
F_Grass
F_Grass
F_Grass
F_Grass
F_Grass
F_Grass
F_Grass
F_Grass
F_Grass
F_Grass
F_Grass
F_Grass
F_Grass
F_Grass
F_Grass
F_Grass
F_Grass
F_Grass
F_Grass
F_Grass
F_Grass
F_Grass
F_Grass
F_Grass
F_Grass
F_Grass
F_Grass
F_Grass
F_Grass
F_Grass
F_Grass
F_Grass
F_Grass
F_Grass
F_Grass
F_Grass
F_Grass
F_Grass
F_Grass
F_Grass
F_Grass
F_Grass
F_Grass
F_Grass
F_Grass
F_Grass
F_Grass
F_Grass
F_Grass
F_Grass
F_Grass
F_Grass
F_Grass
F_Grass
F_Grass
F_Grass
F_Grass
F_Grass
F_Grass
F_Grass
F_Grass
F_Grass
F_Grass
F_Grass
F_Grass
F_Grass
F_Grass
F_Grass
F_Grass
F_Grass
F_Grass
F_Grass
F_Grass
F_Grass
F_Grass
F_Grass
F_Grass
F_Grass
F_Grass
F_Grass
F_Grass
F_Grass
F_Grass
F_Grass
F_Grass
F_Grass
F_Grass
F_Grass
F_Grass
F_Grass
F_Grass
F_Grass
F_Grass
F_Grass
F_Grass
F_Grass
F_Grass
F_Grass
F_Grass
F_Grass
F_Grass
F_Grass
F_Grass
F_Grass
F_Grass
F_Grass
F_Grass
F_Grass
F_Grass
F_Grass
F_Grass
F_Grass
F_Grass
F_Grass
F_Grass
F_Grass
F_Grass
F_Grass
F_Grass
F_Grass
F_Grass
F_Grass
F_Grass
F_Grass
F_Grass
F_Grass
F_Grass
F_Grass
F_Grass
F_Grass
F_Grass
F_Grass
F_Grass
F_Grass
F_Grass
F_Grass
F_Grass
F_Grass
F_Grass
F_Grass
F_Grass
F_Grass
F_Grass
F_Grass
F_Grass
F_Grass
F_Grass
F_Grass
F_Grass
F_Grass
F_Grass
F_Grass
F_Grass
F_Grass
F_Grass
F_Grass
F_Grass
F_Grass
F_Grass
F_Grass
F_Grass
F_Grass
F_Grass
F_Grass
F_Grass
F_Grass
F_Grass
F_Grass
F_Grass
F_Grass
F_Grass
F_Grass
F_Grass
F_Grass
F_Grass
F_Grass
F_Grass
F_Grass
F_Grass
F_Grass
F_Grass
F_Grass
F_Grass
F_Grass
F_Grass
F_Grass
F_Grass
F_Grass
F_Grass
F_Grass
F_Grass
F_Grass
F_Grass
F_Grass
F_Grass
F_Grass
F_Grass
F_Grass
F_Grass
F_Grass
F_Grass
F_Grass
F_Grass
F_Grass
F_Grass
F_Grass
F_Grass
F_Grass
F_Grass
F_Grass
F_Grass
F_Grass
F_Grass
F_Grass
F_Grass
F_Grass
F_Grass
F_Grass
F_Grass
F_Grass
F_Grass
F_Grass
F_Grass
F_Grass
F_Grass
F_Grass
F_Grass
F_Grass
F_Grass
F_Grass
F_Grass
F_Grass
F_Grass
F_Grass
F_Grass
F_Grass
F_Grass
F_Grass
F_Grass
F_Grass
F_Grass
F_Grass
F_Grass
F_Grass
F_Grass
F_Grass
F_Grass
F_Grass
F_Grass
F_Grass
F_Grass
F_Grass
F_Grass
F_Grass
F_Grass
F_Grass
F_Grass
F_Grass
F_Grass
F_Grass
F_Grass
F_Grass
F_Grass
F_Grass
F_Grass
F_Grass
F_Grass
F_Grass
F_Grass
F_Grass
F_Grass
F_Grass
F_Grass
F_Grass
F_Grass
F_Grass
F_Grass
F_Grass
F_Grass
F_Grass
F_Grass
F_Grass
F_Grass
F_Grass
F_Grass
F_Grass
F_Grass
F_Grass
F_Grass
F_Grass
F_Grass
F_Grass
F_Grass
F_Grass
F_Grass
F_Grass
F_Grass
F_Grass
F_Grass
F_Grass
F_Grass
F_Grass
F_Grass
F_Grass
F_Grass
F_Grass
F_Grass
F_Grass
F_Grass
F_Grass
F_Grass
F_Grass
F_Grass
F_Grass
F_Grass
F_Grass
F_Grass
F_Grass
F_Grass
F_Grass
F_Grass
F_Grass
F_Grass
F_Grass
F_Grass
F_Grass
F_Grass
F_Grass
F_Grass
F_Grass
F_Grass
F_Grass
F_Grass
F_Grass
F_Grass
F_Grass
F_Grass
F_Grass
F_Grass
F_Grass
F_Grass
F_Grass
F_Grass
F_Grass
F_Grass
F_Grass
F_Grass
F_Grass
F_Grass
F_Grass
F_Grass
F_Grass
F_Grass
F_Grass
F_Grass
F_Grass
F_Grass
F_Grass
F_Grass
F_Grass
F_Grass
F_Grass
F_Grass
F_Grass
F_Grass
F_Grass
F_Grass
F_Grass
F_Grass
F_Grass
F_Grass
F_Grass
F_Grass
F_Grass
F_Grass
F_Grass
F_Grass
F_Grass
F_Grass
F_Grass
F_Grass
F_Grass
F_Grass
F_Grass
F_Grass
F_Grass
F_Grass
F_Grass
F_Grass
F_Grass
F_Grass
F_Grass
F_Grass
F_Grass
F_Grass
F_Grass
F_Grass
F_Grass
F_Grass
F_Grass
F_Grass
F_Grass
F_Grass
F_Grass
F_Grass
F_Grass
F_Grass
F_Grass
F_Grass
F_Grass
F_Grass
F_Grass
F_Grass
F_Grass
F_Grass
F_Grass
F_Grass
F_Grass
F_Grass
F_Grass
F_Grass
F_Grass
F_Grass
F_Grass
F_Grass
F_Grass
F_Grass
F_Grass
F_Grass
F_Grass
F_Grass
F_Grass
F_Grass
F_Grass
F_Grass
F_Grass
F_Grass
F_Grass
F_Grass
F_Grass
F_Grass
F_Grass
F_Grass
F_Grass
F_Grass
F_Grass
F_Grass
F_Grass
F_Grass
F_Grass
F_Grass
F_Grass
F_Grass
F_Grass
F_Grass
F_Grass
F_Grass
F_Grass
F_Grass
F_Grass
F_Grass
F_Grass
F_Grass
F_Grass
F_Grass
F_Grass
F_Grass
F_Grass
F_Grass
F_Grass
F_Grass
F_Grass
F_Grass
F_Grass
F_Grass
F_Grass
F_Grass
F_Grass
F_Grass
F_Grass
F_Grass
F_Grass
F_Grass
F_Grass
F_Grass
F_Grass
F_Grass
F_Grass
F_Grass
F_Grass
F_Grass
F_Grass
F_Grass
F_Grass
F_Grass
F_Grass
F_Grass
F_Grass
F_Grass
F_Grass
F_Grass
F_Grass
F_Grass
F_Grass
F_Grass
F_Grass
F_Grass
F_Grass
F_Grass
F_Grass
F_Grass
F_Grass
F_Grass
F_Grass
F_Grass
F_Grass
F_Grass
F_Grass
F_Grass
F_Grass
F_Grass
F_Grass
F_Grass
F_Grass
F_Grass
F_Grass
F_Grass
F_Grass
F_Grass
F_Grass
F_Grass
F_Grass
F_Grass
F_Grass
F_Grass
F_Grass
F_Grass
F_Grass
F_Grass
F_Grass
F_Grass
F_Grass
F_Grass
F_Grass
F_Grass
F_Grass
F_Grass
F_Grass
F_Grass
F_Grass
F_Grass
F_Grass
F_Grass
F_Grass
F_Grass
F_Grass
F_Grass
F_Grass
F_Grass
F_Grass
F_Grass
F_Grass
F_Grass
F_Grass
F_Grass
F_Grass
F_Grass
F_Grass
F_Grass
F_Grass
F_Grass
F_Grass
F_Grass
F_Grass
F_Grass
F_Grass
F_Grass
F_Grass
F_Grass
F_Grass
F_Grass
F_Grass
F_Grass
F_Grass
F_Grass
F_Grass
F_Grass
F_Grass
F_Grass
F_Grass
F_Grass
F_Grass
F_Grass
F_Grass
F_Grass
F_Grass
F_Grass
F_Grass
F_Grass
F_Grass
F_Grass
F_Grass
F_Grass
F_Grass
F_Grass
F_Grass
F_Grass
F_Grass
F_Grass
F_Grass
F_Grass
F_Grass
F_Grass
F_Grass
F_Grass
F_Grass
F_Grass
F_Grass
F_Grass
F_Grass
F_Grass
F_Grass
F_Grass
F_Grass
F_Grass
F_Grass
F_Grass
F_Grass
F_Grass
F_Grass
F_Grass
F_Grass
F_Grass
F_Grass
F_Grass
F_Grass
F_Grass
F_Grass
F_Grass
F_Grass
F_Grass
F_Grass
F_Grass
F_Grass
F_Grass
F_Grass
F_Grass
F_Grass
F_Grass
F_Grass
F_Grass
F_Grass
F_Grass
F_Grass
F_Grass
F_Grass
F_Grass
F_Grass
F_Grass
F_Grass
W_Tree
W_Tree
W_Tree
W_Tree
W_Tree
W_Tree
W_Tree
W_Tree
W_Tree
W_Tree
W_Tree
W_Tree
W_Tree
W_Tree
W_Tree
W_Tree
W_Tree
W_Tree
W_Tree
W_Tree
W_Tree
W_Tree
W_Tree
W_Tree
W_Tree
W_Tree
W_Tree
W_Tree
W_Tree
W_Tree
W_Tree
W_Tree
W_Tree
W_Tree
W_Tree
W_Tree
W_Tree
W_Tree
W_Tree
W_Tree
W_Tree
W_Tree
W_Tree
W_Tree
W_Tree
W_Tree
W_Tree
W_Tree
W_Tree
W_Tree
W_Tree
W_Tree
W_Tree
W_Tree
W_Tree
W_Tree
W_Tree
W_Tree
W_Tree
W_Tree
W_Tree
W_Tree
W_Tree
W_Tree
W_Tree
W_Tree
F_Void
F_Void
F_Void
F_Void
F_Void
F_Void
F_Void
F_Void
W_Tree
W_Tree
W_Tree
W_Tree
W_Tree
W_Tree
W_Tree
W_Tree
W_Tree
W_Tree
F_Void
F_Void
E0
F_Void
E1
F_Void
E2
F_Void
E3
F_Void
F_Void
F_Void
W_Tree
W_Tree
W_Tree
W_Tree
W_Tree
W_Tree
W_Tree
F_Void
F_Void
F_Void
F_Void
F_Void
F_Void
F_Void
F_Void
F_Void
F_Void
F_Void
F_Void
F_Void
F_Void
W_Tree
W_Tree
W_Tree
W_Tree
W_Tree
W_Tree
F_Void
F_Void
F_Void
E4
F_Void
E5
F_Void
E6
F_Void
E7
F_Void
F_Void
F_Void
F_Void
W_Tree
W_Tree
W_Tree
W_Tree
W_Tree
W_Tree
F_Void
F_Void
F_Void
F_Void
F_Void
F_Void
F_Void
F_Void
F_Void
F_Void
F_Void
F_Void
F_Void
F_Void
W_Tree
W_Tree
W_Tree
W_Tree
W_Tree
W_Tree
F_Void
F_Void
F_Void
F_Void
F_Void
F_Void
F_Void
F_Void
F_Void
F_Void
F_Void
F_Void
F_Void
F_Void
W_Tree
W_Tree
W_Tree
W_Tree
W_Tree
W_Tree
W_Void
F_Void
F_Void
F_Void
F_Void
F_Void
F_Void
F_Void
F_Void
F_Void
F_Void
F_Void
F_Void
F_Void
W_Tree
W_Tree
W_Tree
W_Tree
W_Tree
W_Tree
W_Tree
F_Void
F_Void
F_Void
F_Void
F_Void
F_Void
F_Void
F_Void
F_Void
F_Void
F_Void
F_Void
W_Tree
W_Tree
W_Tree
W_Tree
W_Tree
W_Tree
W_Tree
W_Tree
W_Tree
W_Tree
F_Void
F_Void
F_Void
F_Void
F_Void
F_Void
F_Void
F_Void
W_Tree
W_Tree
W_Tree
W_Tree
W_Tree
W_Tree
W_Tree
W_Tree
W_Tree
W_Tree
W_Tree
W_Tree
W_Tree
W_Tree
W_Tree
F_Void
F_Void
W_Tree
W_Tree
W_Tree
W_Tree
W_Tree
W_Tree
W_Tree
W_Tree
W_Tree
W_Tree
W_Tree
W_Tree
W_Tree
W_Tree
W_Tree
W_Tree
W_Tree
W_Tree
F_Void
F_Void
W_Tree
W_Tree
W_Tree
W_Tree
W_Tree
W_Tree
W_Tree
W_Tree
W_Tree
W_Tree
W_Tree
W_Tree
W_Tree
W_Tree
W_Tree
W_Tree
W_Tree
W_Tree
F_Void
F_Void
W_Tree
W_Tree
W_Tree
W_Tree
W_Tree
W_Tree
W_Tree
W_Tree
W_Tree
W_Tree
W_Tree
W_Tree
W_Tree
W_Tree
W_Tree
W_Tree
W_Tree
W_Tree
F_Void
F_Void
W_Tree
W_Tree
W_Tree
W_Tree
W_Tree
W_Tree
W_Tree
W_Tree
W_Tree
W_Tree
W_Tree
W_Tree
W_Tree
W_Tree
W_Tree
W_Tree
W_Tree
W_Tree
F_Void
F_Void
W_Tree
W_Tree
W_Tree
W_Tree
W_Tree
W_Tree
W_Tree
W_Tree
W_Tree
W_Tree
W_Tree
W_Tree
W_Tree
W_Tree
W_Tree
W_Tree
W_Tree
W_Tree
F_Void
F_Void
W_Tree
W_Tree
W_Tree
W_Tree
W_Tree
W_Tree
W_Tree
W_Tree
W_Tree
W_Tree
W_Tree
W_Tree
W_Tree
W_Tree
W_Tree
W_Tree
W_Tree
W_Tree
F_Void
F_Void
W_Tree
W_Tree
W_Tree
W_Tree
W_Tree
W_Tree
W_Tree
W_Tree
W_Tree
W_Tree
W_Tree
W_Tree
W_Tree
W_Tree
W_Tree
W_Tree
W_Tree
W_Tree
F_Void
F_Void
W_Tree
W_Tree
W_Tree
W_Tree
W_Tree
W_Tree
W_Tree
W_Tree
W_Tree
W_Tree
W_Tree
W_Tree
W_Tree
W_Tree
W_Tree
W_Tree
W_Tree
F_Void
F_Void
F_Void
F_Void
W_Tree
W_Tree
W_Tree
W_Tree
W_Tree
W_Tree
W_Tree
W_Tree
W_Tree
W_Tree
W_Tree
W_Tree
W_Tree
W_Tree
W_Tree
W_Tree
F_Void
F_Void
F_Void
F_Void
W_Tree
W_Tree
W_Tree
W_Tree
W_Tree
W_Tree
W_Tree
W_Tree
W_Tree
W_Tree
W_Tree
W_Tree
W_Tree
W_Tree
W_Tree
W_Tree
F_Void
F_Void
F_Void
F_Void
W_Tree
W_Tree
W_Tree
W_Tree
W_Tree
W_Tree
W_Tree
W_Tree
W_Tree
W_Tree
W_Tree
W_Tree
W_Tree
W_Tree
W_Tree
F_Void
F_Void
F_Void
F_Void
F_Void
F_Void
W_Tree
W_Tree
W_Tree
W_Tree
W_Tree
W_Tree
W_Tree
W_Tree
W_Tree
W_Tree
W_Tree
W_Tree
W_Tree
W_Tree
W_WoodFence_RL
W_WoodFence_L
F_Void
F_Void
W_WoodFence_R
W_WoodFence_RL
W_Tree
W_Tree
W_Tree
W_Tree
W_Tree
W_Tree
W_Tree
W_Tree
W_Tree
W_Tree
W_Tree
W_Tree
W_Void
F_Void
F_Void
F_Void
F_Void
F_Void
F_Void
F_Void
F_Void
W_Void
W_Tree
W_Tree
W_Tree
W_Tree
W_Tree
W_Tree
W_Tree
W_Tree
F_Void
F_Void
F_Void
F_Void
F_Void
F_Void
F_Void
F_Void
F_Void
F_Void
F_Void
F_Void
F_Void
F_Void
W_Tree
W_Tree
W_Tree
W_Tree
W_Tree
F_Void
F_Void
F_Void
W_Torch
F_Void
F_Void
W_Rock
W_Rock
W_Rock
W_Rock
F_Void
F_Void
F_Void
W_Torch
F_Void
F_Void
W_Tree
W_Tree
W_Tree
F_Void
F_Void
F_Void
F_Void
F_Void
F_Void
F_Void
F_Void
F_Void
F_Void
F_Void
F_Void
F_Void
F_Void
F_Void
F_Void
F_Void
F_Void
W_Tree
W_Tree
F_Void
F_Void
F_Void
F_Void
F_Void
W_Void
F_Void
F_Void
F_Void
F_Void
F_Void
F_Void
F_Void
F_Void
F_Void
F_Void
F_Void
F_Void
W_Tree
W_Tree
F_Void
F_Void
F_Void
F_Void
F_Void
F_Void
F_Void
F_Void
F_Void
F_Void
F_Void
F_Void
F_Void
F_Void
F_Void
F_Void
F_Void
F_Void
W_Tree
W_Tree
F_Void
F_Void
W_Rock
W_Rock
W_Rock
F_Void
F_Void
F_Void
F_Void
F_Void
F_Void
F_Void
F_Void
W_Rock
W_Rock
W_Rock
F_Void
F_Void
W_Tree
W_Tree
F_Void
F_Void
F_Void
F_Void
F_Void
F_Void
F_Void
F_Void
F_Void
F_Void
F_Void
F_Void
F_Void
F_Void
W_Void
F_Void
F_Void
F_Void
W_Tree
W_Tree
F_Void
F_Void
F_Void
F_Void
F_Void
F_Void
F_Void
F_Void
F_Void
F_Void
F_Void
F_Void
F_Void
F_Void
F_Void
F_Void
F_Void
F_Void
W_Tree
W_Tree
F_Void
F_Void
F_Void
W_Void
W_Torch
F_Void
F_Void
F_Void
F_Void
P0
F_Void
F_Void
F_Void
F_Void
W_Torch
F_Void
F_Void
F_Void
W_Tree
W_Tree
F_Void
F_Void
F_Void
F_Void
F_Void
F_Void
F_Void
F_Void
F_Void
F_Void
F_Void
F_Void
F_Void
F_Void
F_Void
F_Void
F_Void
F_Void
W_Tree
W_Tree
W_Tree
F_Void
F_Void
F_Void
F_Void
F_Void
F_Void
F_Void
F_Void
F_Void
F_Void
F_Void
F_Void
F_Void
F_Void
F_Void
F_Void
F_Void
W_Tree
W_Tree
W_Tree
W_Tree
W_Void
F_Void
F_Void
F_Void
F_Void
F_Void
F_Void
F_Void
F_Void
F_Void
F_Void
F_Void
F_Void
F_Void
F_Void
W_Tree
W_Tree
W_Tree
W_Tree
W_Tree
W_Tree
W_Tree
W_Void
F_Void
F_Void
F_Void
F_Void
F_Void
F_Void
F_Void
F_Void
F_Void
F_Void
W_Tree
W_Tree
W_Tree
W_Tree
W_Tree
W_Tree
W_Tree
W_Tree
W_Tree
W_Tree
W_Tree
W_Tree
W_Tree
W_Tree
W_Tree
W_Tree
W_Tree
W_Tree
W_Tree
W_Tree
W_Tree
W_Tree
W_Tree
W_Tree
