20
20
F_Grass
F_Grass
F_Grass
F_Grass
F_Grass
F_Grass
F_Grass
F_Grass
F_Grass
F_Grass
F_Grass
F_Grass
F_Grass
F_Grass
F_Grass
F_Grass
F_Grass
F_Grass
F_Grass
F_Grass
F_Dirt
F_Dirt
F_Dirt
F_Dirt
F_Dirt
F_Dirt
F_Dirt
F_Dirt
F_Grass
F_Grass
F_Grass
F_Grass
F_Grass
F_Grass
F_Grass
F_Grass
F_Grass
F_Grass
F_Grass
F_Grass
F_Grass
F_Dirt
F_Dirt
F_Dirt
F_Dirt
F_Dirt
F_Dirt
F_Dirt
F_Grass
F_Grass
F_Grass
F_Grass
F_Grass
F_Grass
F_Grass
F_Grass
F_Grass
F_Grass
F_Grass
F_Grass
F_Grass
F_Dirt
F_Dirt
F_Dirt
F_Dirt
F_Dirt
F_Dirt
F_Dirt
F_Grass
F_Grass
F_Grass
F_Grass
F_Grass
F_Grass
F_Grass
F_Grass
F_Grass
F_Grass
F_Grass
F_Grass
F_Grass
F_Dirt
F_Dirt
F_Dirt
F_Dirt
F_Dirt
F_Dirt
F_Dirt
F_Grass
F_Grass
F_Grass
F_Grass
F_Grass
F_Grass
F_Grass
F_Grass
F_Grass
F_Grass
F_Grass
F_Grass
F_Grass
F_Grass
F_Grass
F_Grass
F_Grass
F_Grass
F_Grass
F_Grass
F_Grass
F_Grass
F_Grass
F_Grass
F_Grass
F_Grass
F_Grass
F_Grass
F_Grass
F_Sand
F_Sand
F_Grass
F_Grass
F_Grass
F_Grass
F_Grass
F_Grass
F_Grass
F_Grass
F_Grass
F_Grass
F_Grass
F_Grass
F_Grass
F_Grass
F_Grass
F_Grass
F_Grass
F_Sand
F_Sand
F_Sand
F_Grass
F_Grass
F_Grass
F_Grass
F_Grass
F_Grass
F_Grass
F_Grass
F_Grass
F_Grass
F_Grass
F_Grass
F_Grass
F_Grass
F_Grass
F_Grass
F_Sand
F_Sand
F_Sand
F_Grass
F_Grass
F_Grass
F_Grass
F_Grass
F_Grass
F_Grass
F_Grass
F_Grass
F_Grass
F_Grass
F_Grass
F_Grass
F_Grass
F_Grass
F_Sand
F_Sand
F_Sand
F_Sand
F_Sand
F_Grass
F_Grass
F_Grass
F_Grass
F_Grass
F_Grass
F_Grass
F_Grass
F_Grass
F_Grass
F_Grass
F_Grass
F_Grass
F_Sand
F_Sand
F_Sand
F_Sand
F_Sand
F_Water
F_Sand
F_Grass
F_Grass
F_Grass
F_Grass
F_Grass
F_Grass
F_Grass
F_Grass
F_Grass
F_Grass
F_Grass
F_Grass
F_Sand
F_Sand
F_Sand
F_Water
F_Water
F_Water
F_Water
F_Sand
F_Grass
F_Grass
F_Grass
F_Grass
F_Grass
F_Grass
F_Grass
F_Grass
F_Sand
F_Sand
F_Sand
F_Sand
F_Sand
F_Sand
F_Water
F_Water
F_Water
F_Water
F_Water
F_Sand
F_Grass
F_Grass
F_Grass
F_Grass
F_Sand
F_Sand
F_Sand
F_Sand
F_Sand
F_Sand
F_Sand
F_Water
F_Water
F_Water
F_Water
F_Water
F_Water
F_Water
F_Water
F_Sand
F_Grass
F_Grass
F_Grass
F_Grass
F_Water
F_Water
F_Water
F_Water
F_Water
F_Water
F_Water
F_Water
F_Water
F_Water
F_Water
F_Water
F_Water
F_Water
F_Water
F_Sand
F_Grass
F_Grass
F_Grass
F_Grass
F_Grass
F_Water
F_Water
F_Water
F_Water
F_Water
F_Water
F_Water
F_Water
F_Water
F_Water
F_Water
F_Water
F_Water
F_Sand
F_Grass
F_Grass
F_Grass
F_Grass
F_Grass
F_Grass
F_Water
F_Water
F_Water
F_Water
F_Water
F_Water
F_Water
F_Water
F_Water
F_Water
F_Water
F_Water
F_Sand
F_Grass
F_Grass
F_Grass
F_Grass
F_Grass
F_Grass
F_Grass
F_Grass
F_Water
F_Water
F_Water
F_Water
F_Water
F_Water
F_Water
F_Water
F_Water
F_Water
F_Water
F_Sand
F_Grass
F_Grass
F_Grass
F_Grass
F_Grass
F_Grass
F_Grass
F_Grass
F_Grass
F_Grass
F_Grass
F_Grass
F_Grass
F_Grass
F_Grass
F_Grass
F_Grass
F_Grass
F_Grass
F_Grass
F_Grass
F_Grass
F_Grass
F_Grass
F_IceFloor
F_IceFloor
F_Dirt
F_Dirt
F_IceFloor
F_Grass
F_Grass
F_Grass
F_Grass
F_IceFloor
F_IceFloor
F_Grass
F_Dirt
F_Dirt
F_Dirt
F_IceFloor
F_IceFloor
F_Dirt
F_Grass
F_Grass
F_Grass
F_Grass
F_Grass
F_Grass
F_IceFloor
F_IceFloor
F_Grass
F_IceFloor
F_Grass
F_Grass
F_Grass
F_Grass
F_Grass
F_Grass
F_Grass
F_Grass
F_Grass
F_Grass
F_Grass
F_Grass
W_WoodFence_DR
W_WoodFence_RL
W_WoodFence_RL
W_WoodFence_RL
W_WoodFence_RL
W_WoodFence_RL
W_WoodFence_RL
W_WoodFence_RL
W_WoodFence_DL
W_Tree
W_Tree
W_Tree
W_Tree
W_Tree
W_Tree
W_Tree
W_Tree
W_Tree
W_Tree
W_Tree
W_WoodFence_UD
W_Vegetable_radish
W_Vegetable_carrot
W_Vegetable_radish
W_Vegetable_carrot
W_Vegetable_radish
W_Vegetable_carrot
W_Vegetable_radish
W_WoodFence_UD
F_Sand
F_Grass
W_Void
F_Dirt
W_Void
F_Dirt
W_Void
W_Void
W_Void
W_Void
W_Tree
W_WoodFence_UD
W_Vegetable_carrot
W_Vegetable_radish
W_Vegetable_carrot
W_Vegetable_radish
W_Vegetable_carrot
W_Vegetable_radish
W_Vegetable_carrot
W_WoodFence_UD
F_Grass
W_Log_Burning
W_Void
W_Log_Burning
W_Void
W_Log_Burning
F_Grass
W_Void
E1
W_Void
W_Tree
W_WoodFence_UD
W_Vegetable_radish
W_Vegetable_carrot
W_Vegetable_radish
W_Vegetable_carrot
W_Vegetable_radish
W_Vegetable_carrot
W_Vegetable_radish
W_WoodFence_UD
F_Grass
F_Grass
W_Void
F_Grass
W_Void
F_Grass
W_Void
W_Void
W_Void
W_Void
W_Tree
W_WoodFence_UD
W_Vegetable_carrot
W_Vegetable_radish
W_Vegetable_carrot
W_Vegetable_radish
W_Vegetable_carrot
W_Vegetable_radish
W_Vegetable_carrot
W_WoodFence_UD
F_Grass
W_Log_Burning
F_Grass
W_Log_Burning
F_Dirt
W_Log_Burning
F_Sand
F_Sand
F_Dirt
F_Grass
W_Tree
W_WoodFence_UD
F_Grass
F_Grass
F_Grass
F_Grass
F_Grass
F_Grass
F_Grass
W_WoodFence_UD
F_Grass
F_Grass
F_Grass
F_Grass
F_Grass
F_Grass
F_Grass
F_Grass
F_Grass
F_Grass
W_Tree
W_WoodFence_UD
W_Void
W_Void
F_Grass
F_Grass
F_Grass
F_Grass
W_Void
W_WoodFence_U
F_Grass
F_Grass
F_Grass
F_Grass
F_Grass
F_Grass
F_Grass
F_Grass
F_Grass
F_Grass
W_Tree
W_WoodFence_UD
W_Void
W_Void
W_Void
F_Grass
F_Grass
F_Grass
F_Grass
W_Void
F_Grass
F_Grass
F_Grass
F_Dirt
F_Dirt
F_Dirt
F_Dirt
F_Dirt
F_Dirt
W_Void
W_Tree
W_WoodFence_UD
E0
E0
W_Void
W_Void
F_Grass
P0
F_Grass
W_Void
W_Void
F_Grass
F_Grass
F_Grass
F_Grass
F_Grass
F_Grass
F_Grass
F_Grass
W_Void
W_Tree
W_WoodFence_UD
W_Well
E0
W_Void
W_Void
F_Grass
F_Grass
W_Void
W_WoodFence_D
F_Grass
F_Grass
F_Grass
F_Grass
F_Grass
F_Grass
F_Grass
F_Grass
F_Grass
W_Void
W_Tree
W_WoodFence_UR
W_WoodFence_RL
W_WoodFence_RL
W_WoodFence_RL
W_WoodFence_RL
W_WoodFence_RL
W_WoodFence_RL
W_WoodFence_RL
W_WoodFence_UL
F_Grass
F_Grass
F_Grass
F_Grass
F_Grass
F_Grass
F_Grass
F_Grass
W_Void
W_Void
W_Tree
W_Tree
W_Tree
F_Grass
F_Grass
F_Grass
F_Grass
F_Grass
F_Grass
F_Grass
F_Grass
F_Grass
F_Grass
W_Void
W_DeepWater
W_DeepWater
W_DeepWater
F_Grass
W_Void
W_Void
W_Tree
W_Tree
W_Tree
F_Grass
F_Grass
F_Grass
F_Grass
F_Grass
F_Grass
F_Grass
F_Grass
F_Grass
F_Grass
W_Void
W_DeepWater
W_DeepWater
W_DeepWater
F_Grass
W_Void
W_Void
W_Tree
W_Tree
W_Tree
F_Grass
F_Grass
F_Grass
F_Grass
F_Grass
F_Grass
F_Grass
F_Grass
W_DeepWater
W_DeepWater
W_DeepWater
W_DeepWater
W_DeepWater
F_Grass
F_Grass
W_Void
W_Void
W_Tree
W_Tree
W_Tree
W_Tree
W_DeepWater
W_DeepWater
W_DeepWater
W_DeepWater
W_DeepWater
W_DeepWater
W_DeepWater
W_DeepWater
W_DeepWater
W_DeepWater
W_DeepWater
F_Grass
F_Grass
W_Void
W_Void
W_Void
W_Tree
W_Tree
W_Tree
W_Tree
W_DeepWater
W_DeepWater
W_DeepWater
W_DeepWater
W_DeepWater
W_DeepWater
W_DeepWater
W_DeepWater
W_DeepWater
W_DeepWater
W_DeepWater
F_Grass
W_Void
W_Void
W_Void
W_Void
W_Tree
W_Tree
W_Tree
W_Tree
W_Tree
W_DeepWater
W_DeepWater
W_DeepWater
W_DeepWater
W_DeepWater
W_DeepWater
W_DeepWater
W_DeepWater
W_DeepWater
W_DeepWater
F_Grass
W_Void
W_Void
W_Void
W_Void
W_Tree
W_Tree
W_Tree
W_Tree
W_Tree
W_Tree
W_Tree
W_Tree
W_Tree
W_Tree
W_Tree
W_Tree
W_Tree
W_Tree
W_Tree
W_Tree
W_Tree
W_Tree
W_Tree
W_Tree
W_Tree
F_Grass
F_Grass
F_Grass
F_Grass
F_Grass
F_Grass
F_Grass
F_Grass
F_Grass
F_Grass
F_Grass
F_Grass
F_Grass
F_Grass
F_Grass
F_Grass
F_Grass
F_Grass
F_Grass
F_Grass
F_Grass
F_Grass
F_Grass
F_Grass
F_Grass
F_Grass
F_Grass
F_Grass
F_Grass
F_Grass
F_Grass
F_Grass
F_Grass
F_Grass
F_Grass
F_Grass
F_Grass
F_Grass
F_Grass
F_Grass
