30
30
F_Grass
F_Grass
F_Grass
F_Grass
F_Grass
F_Grass
F_Grass
F_Grass
F_Grass
F_Grass
F_Grass
F_Grass
F_Grass
F_Grass
F_Grass
F_Sand
F_Sand
F_Sand
F_Water
F_Water
F_Water
F_Water
F_Water
F_Water
F_Water
F_Water
F_Water
F_Water
F_Water
F_Water
F_Grass
F_Grass
F_Grass
F_Grass
F_Grass
F_Grass
F_Grass
F_Grass
F_Grass
F_Grass
F_Grass
F_Grass
F_Grass
F_Grass
F_Grass
F_Grass
F_Sand
F_Sand
F_Sand
F_Water
F_Water
F_Water
F_Grass
F_Water
F_Water
F_Water
F_Water
F_Water
F_Water
F_Grass
F_Grass
F_Grass
F_Grass
F_Grass
F_Grass
F_Grass
F_Grass
F_Grass
F_Grass
F_Grass
F_Grass
F_Grass
F_Grass
F_Grass
F_Grass
F_Grass
F_Grass
F_Sand
F_Sand
F_Sand
F_Water
F_Water
F_Water
F_Water
F_Grass
F_Water
F_Water
F_Grass
F_Grass
F_Grass
F_Grass
F_Grass
F_Grass
F_Grass
F_Grass
F_Grass
F_Grass
F_Grass
F_Grass
F_Grass
F_Grass
F_Grass
F_Grass
F_Grass
F_Grass
F_Sand
F_Grass
F_Sand
F_Sand
F_Sand
F_Water
F_Water
F_Water
F_Water
F_Water
F_Water
F_Water
F_Water
F_Water
F_Grass
F_Grass
F_Grass
F_Grass
F_Grass
F_Grass
F_Grass
F_Grass
F_Grass
F_Grass
F_Grass
F_Grass
F_Grass
F_Grass
F_Grass
F_Grass
F_Grass
F_Grass
F_Grass
F_Sand
F_Water
F_Sand
F_Sand
F_Water
F_Water
F_Water
F_Water
F_Water
F_Water
F_Water
F_Grass
F_Grass
F_Grass
F_Grass
F_Grass
F_Grass
F_Grass
F_Grass
F_Grass
F_Grass
F_Grass
F_Grass
F_Grass
F_Grass
F_Grass
F_Grass
F_Grass
F_Sand
F_Sand
F_Sand
F_Sand
F_Sand
F_Water
F_Water
F_Water
F_Water
F_Water
F_Water
F_Water
F_Water
F_Grass
F_Grass
F_Grass
F_Grass
F_Grass
F_Grass
F_Grass
F_Grass
F_Grass
F_Grass
F_Grass
F_Grass
F_Grass
F_Grass
F_Grass
F_Grass
F_Sand
F_Grass
F_Sand
F_Water
F_Sand
F_Water
F_Water
F_Water
F_Sand
F_Water
F_Water
F_Water
F_Water
F_Water
F_Grass
F_Grass
F_Grass
F_Grass
F_Grass
F_Grass
F_Grass
F_Grass
F_Grass
F_Grass
F_Grass
F_Grass
F_Grass
F_Grass
F_Grass
F_Grass
F_Grass
F_Sand
F_Sand
F_Sand
F_Sand
F_Water
F_Sand
F_Sand
F_Sand
F_Water
F_Water
F_Water
F_Water
F_Grass
F_Grass
F_Grass
F_Grass
F_Grass
F_Grass
F_Grass
F_Grass
F_Grass
F_Grass
F_Grass
F_Grass
F_Grass
F_Grass
F_Grass
F_Grass
F_Grass
F_Grass
F_Grass
F_Grass
F_Sand
F_Sand
F_Sand
F_Sand
F_Sand
F_Sand
F_Water
F_Sand
F_Water
F_Water
F_Water
F_Water
F_Grass
F_Grass
F_Grass
F_Grass
F_Grass
F_Grass
F_Grass
F_Grass
F_Grass
F_Grass
F_Grass
F_Grass
F_Grass
F_Grass
F_Grass
F_Grass
F_Grass
F_Sand
F_Grass
F_Sand
F_Sand
F_Water
F_Sand
F_Water
F_Sand
F_Sand
F_Water
F_Sand
F_Sand
F_Water
F_Grass
F_Grass
F_Grass
F_Grass
F_Grass
F_Grass
F_Grass
F_Grass
F_Grass
F_Grass
F_Grass
F_Grass
F_Grass
F_Grass
F_Grass
F_Grass
F_Grass
F_Grass
F_Grass
F_Grass
F_Sand
F_Sand
F_Sand
F_Sand
F_Sand
F_Sand
F_Sand
F_Sand
F_Sand
F_Grass
F_Grass
F_Grass
F_Grass
F_Grass
F_Grass
F_Grass
F_Grass
F_Grass
F_Grass
F_Grass
F_Grass
F_Grass
F_Grass
F_Grass
F_Grass
F_Grass
F_Grass
F_Grass
F_Grass
F_Sand
F_Grass
F_Sand
F_Sand
F_Sand
F_Sand
F_Sand
F_Sand
F_Sand
F_Sand
F_Grass
F_Grass
F_Grass
F_Grass
F_Grass
F_Grass
F_Grass
F_Grass
F_Grass
F_Grass
F_Grass
F_Grass
F_Grass
F_Grass
F_Grass
F_Grass
F_Grass
F_Grass
F_Grass
F_Grass
F_Grass
F_Grass
F_Grass
F_Sand
F_Sand
F_Sand
F_Water
F_Sand
F_Sand
F_Sand
F_Grass
F_Grass
F_Grass
F_Grass
F_Grass
F_Grass
F_Grass
F_Grass
F_Grass
F_Grass
F_Grass
F_Grass
F_Grass
F_Grass
F_Grass
F_Grass
F_Grass
F_Grass
F_Grass
F_Grass
F_Grass
F_Grass
F_Grass
F_Grass
F_Grass
F_Sand
F_Sand
F_Sand
F_Sand
F_Sand
F_Grass
F_Grass
F_Grass
F_Grass
F_Grass
F_Grass
F_Grass
F_Grass
F_Grass
F_Grass
F_Grass
F_Grass
F_Grass
F_Grass
F_Grass
F_Grass
F_Grass
F_Grass
F_Grass
F_Grass
F_Grass
F_Grass
F_Grass
F_Grass
F_Sand
F_Grass
F_Grass
F_Sand
F_Grass
F_Sand
F_Grass
F_Grass
F_Grass
F_Grass
F_Grass
F_Grass
F_Grass
F_Grass
F_Grass
F_Grass
F_Grass
F_Grass
F_Grass
F_Grass
F_Grass
F_Grass
F_Grass
F_Grass
F_Grass
F_Grass
F_Grass
F_Grass
F_Grass
F_Grass
F_Grass
F_Grass
F_Sand
F_Grass
F_Grass
F_Grass
F_Grass
F_Grass
F_Grass
F_Grass
F_Grass
F_Grass
F_Grass
F_Grass
F_Grass
F_Grass
F_Grass
F_Grass
F_Grass
F_Grass
F_Grass
F_Grass
F_Grass
F_Grass
F_Grass
F_Grass
F_Grass
F_Grass
F_Grass
F_Grass
F_Grass
F_Grass
F_Grass
F_Grass
F_Grass
F_Grass
F_Grass
F_Grass
F_Grass
F_Grass
F_Grass
F_Grass
F_Grass
F_Grass
F_Grass
F_Grass
F_Grass
F_Grass
F_Grass
F_Grass
F_Grass
F_Grass
F_Grass
F_Grass
F_Grass
F_Grass
F_Grass
F_Grass
F_Grass
F_Grass
F_Grass
F_Grass
F_Grass
F_Grass
F_Grass
F_Grass
F_Grass
F_Grass
F_Grass
F_Grass
F_Grass
F_Grass
F_Grass
F_Grass
F_Grass
F_Grass
F_Grass
F_Grass
F_Grass
F_Grass
F_Grass
F_Grass
F_Grass
F_Grass
F_Grass
F_Grass
F_Grass
F_Grass
F_Grass
F_Grass
F_Grass
F_Grass
F_Grass
F_Grass
F_Grass
F_Grass
F_Grass
F_Grass
F_Grass
F_Grass
F_Grass
F_Grass
F_Grass
F_Grass
F_Grass
F_Grass
F_Grass
F_Grass
F_Grass
F_Grass
F_Grass
F_Grass
F_Grass
F_Grass
F_Grass
F_Grass
F_Grass
F_Grass
F_Grass
F_Grass
F_Grass
F_Grass
F_Grass
F_Grass
F_Grass
F_Grass
F_Grass
F_Grass
F_Grass
F_Grass
F_Grass
F_Grass
F_Grass
F_Grass
F_Grass
F_Grass
F_Grass
F_Grass
F_Grass
F_Grass
F_Grass
F_Grass
F_Grass
F_Grass
F_Grass
F_Grass
F_Grass
F_Grass
F_Grass
F_Grass
F_Grass
F_Grass
F_Grass
F_Grass
F_Grass
F_Grass
F_Grass
F_Grass
F_Grass
F_Grass
F_Grass
F_Grass
F_Grass
F_Grass
F_Grass
F_Grass
F_Grass
F_Grass
F_Grass
F_Grass
F_Grass
F_Grass
F_Grass
F_Grass
F_Grass
F_Grass
F_Grass
F_Grass
F_Grass
F_Grass
F_Grass
F_Grass
F_Grass
F_Grass
F_Grass
F_Grass
F_Grass
F_Grass
F_Grass
F_Grass
F_Grass
F_Grass
F_Grass
F_Grass
F_Grass
F_Grass
F_Grass
F_Grass
F_Grass
F_Grass
F_Grass
F_Grass
F_Grass
F_Grass
F_Grass
F_Grass
F_Grass
F_Grass
F_Grass
F_Grass
F_Grass
F_Grass
F_Grass
F_Grass
F_Grass
F_Grass
F_Grass
F_Grass
F_Grass
F_Grass
F_Grass
F_Grass
F_Grass
F_Grass
F_Grass
F_Grass
F_Grass
F_Grass
F_Grass
F_Grass
F_Grass
F_Grass
F_Grass
F_Grass
F_Grass
F_Grass
F_Grass
F_Grass
F_Grass
F_Grass
F_Grass
F_Grass
F_Grass
F_Grass
F_Grass
F_Grass
F_Grass
F_Grass
F_Grass
F_Grass
F_Grass
F_Grass
F_Grass
F_Grass
F_Grass
F_Grass
F_Grass
F_Grass
F_Grass
F_Grass
F_Grass
F_Grass
F_Grass
F_Grass
F_Grass
F_Grass
F_Grass
F_Grass
F_Grass
F_Grass
F_Grass
F_Grass
F_Grass
F_Grass
F_Grass
F_Grass
F_Grass
F_Grass
F_Grass
F_Grass
F_Grass
F_Grass
F_Grass
F_Grass
F_Grass
F_Grass
F_Grass
F_Grass
F_Grass
F_Grass
F_Grass
F_Grass
F_Grass
F_Grass
F_Grass
F_Grass
F_Grass
F_Grass
F_Grass
F_Grass
F_Grass
F_Grass
F_Grass
F_Grass
F_Grass
F_Grass
F_Grass
F_Grass
F_Grass
F_Grass
F_Grass
F_Grass
F_Grass
F_Grass
F_Grass
F_Grass
F_Grass
F_Grass
F_Grass
F_Grass
F_Grass
F_Grass
F_Grass
F_Grass
F_Grass
F_Grass
F_Grass
F_Grass
F_Grass
F_Grass
F_Grass
F_Grass
F_Grass
F_Grass
F_Grass
F_Grass
F_Grass
F_Grass
F_Grass
F_Grass
F_Grass
F_Grass
F_Grass
F_Grass
F_Grass
F_Grass
F_Grass
F_Grass
F_Grass
F_Grass
F_Grass
F_Grass
F_Grass
F_Grass
F_Grass
F_Grass
F_Grass
F_Grass
F_Grass
F_Grass
F_Grass
F_Grass
F_Grass
F_Grass
F_Grass
F_Grass
F_Grass
F_Grass
F_Grass
F_Grass
F_Grass
F_Grass
F_Grass
F_Grass
F_Grass
F_Grass
F_Grass
F_Grass
F_Grass
F_Grass
F_Grass
F_Grass
F_Grass
F_Grass
F_Grass
F_Grass
F_Grass
F_Grass
F_Grass
F_Grass
F_Grass
F_Grass
F_Grass
F_Grass
F_Grass
F_Grass
F_Grass
F_Grass
F_Grass
F_Grass
F_Grass
F_Grass
F_Grass
F_Grass
F_Grass
F_Grass
F_Grass
F_Grass
F_Grass
F_Grass
F_Grass
F_Grass
F_Grass
F_Grass
F_Grass
F_Grass
F_Grass
F_Grass
F_Grass
F_Grass
F_Grass
F_Grass
F_Grass
F_Grass
F_Grass
F_Grass
F_Grass
W_Tree
W_Tree
W_Tree
W_Tree
W_Tree
W_Tree
W_Tree
W_Tree
W_Tree
W_Tree
W_Tree
W_Tree
W_Tree
W_Tree
W_Tree
W_Tree
W_Tree
W_Tree
W_Tree
W_Tree
W_Tree
W_Tree
W_DeepWater
W_DeepWater
W_DeepWater
W_DeepWater
W_DeepWater
W_DeepWater
W_DeepWater
W_DeepWater
W_Tree
W_Tree
W_Tree
W_Tree
W_Tree
W_Tree
W_Tree
W_Tree
W_Tree
W_Tree
W_Tree
W_Tree
W_Tree
W_Tree
W_Tree
W_Tree
W_Tree
W_Tree
W_Tree
W_Tree
W_Tree
W_Tree
W_DeepWater
W_DeepWater
W_DeepWater
W_DeepWater
W_DeepWater
W_DeepWater
W_DeepWater
W_DeepWater
W_Tree
W_Tree
W_Tree
W_Tree
W_Tree
W_Tree
W_Tree
W_Tree
W_Tree
W_Tree
W_Tree
W_Tree
W_Tree
W_Tree
W_Tree
W_Tree
F_Sand
F_Sand
F_Sand
F_Sand
F_Sand
F_Sand
F_Sand
F_Sand
W_DeepWater
W_DeepWater
W_DeepWater
W_DeepWater
W_DeepWater
W_DeepWater
W_Tree
W_Tree
W_Tree
W_Tree
W_Tree
W_Tree
W_Tree
W_Tree
W_Tree
W_Tree
W_Tree
F_Sand
F_Sand
F_Sand
F_Sand
F_Sand
F_Sand
F_Sand
F_Sand
F_Sand
F_Sand
F_Sand
F_Sand
F_Sand
F_Sand
W_DeepWater
W_DeepWater
W_DeepWater
W_DeepWater
W_DeepWater
W_Tree
W_Tree
W_Tree
W_Tree
W_Tree
W_Tree
W_Tree
W_Tree
F_Sand
F_Sand
F_Sand
F_Sand
F_Sand
F_Sand
F_Sand
F_Sand
F_Sand
F_Sand
F_Sand
F_Sand
F_Sand
F_Sand
F_Sand
F_Sand
E6
F_Sand
W_DeepWater
W_DeepWater
W_DeepWater
W_DeepWater
W_Tree
W_Tree
W_Tree
W_Tree
W_Tree
W_Tree
W_Tree
W_Tree
W_Tree
F_Sand
F_Sand
F_Sand
E3
F_Sand
F_Sand
F_Sand
F_Sand
F_Sand
F_Sand
F_Sand
F_Sand
F_Sand
F_Sand
F_Sand
F_Sand
F_Sand
F_Sand
W_DeepWater
W_DeepWater
W_DeepWater
W_Tree
W_Tree
W_Tree
W_Tree
W_Tree
F_Sand
F_Sand
E5
W_Tree
F_Sand
F_Sand
F_Sand
F_Sand
F_Sand
F_Sand
F_Sand
F_Sand
F_Sand
F_Sand
F_Sand
F_Sand
F_Sand
F_Sand
F_Sand
F_Sand
F_Sand
F_Sand
F_Sand
W_DeepWater
W_DeepWater
W_Tree
W_Tree
W_Tree
W_Tree
F_Sand
F_Sand
E1
F_Sand
W_Tree
F_Sand
F_Sand
F_Sand
F_Sand
F_Sand
F_Sand
F_Sand
F_Sand
F_Sand
F_Sand
F_Sand
F_Sand
F_Sand
F_Sand
F_Sand
F_Sand
F_Sand
F_Sand
F_Sand
W_DeepWater
W_DeepWater
W_Tree
W_Tree
W_Tree
W_Tree
F_Sand
F_Sand
E4
F_Sand
W_Tree
F_Sand
F_Sand
F_Sand
F_Sand
F_Sand
F_Sand
F_Sand
F_Sand
F_Sand
F_Sand
F_Sand
F_Sand
F_Sand
F_Sand
F_Sand
F_Sand
F_Sand
F_Sand
F_Sand
W_Tree
W_Tree
W_Tree
W_Tree
W_Tree
F_Sand
F_Sand
F_Sand
F_Sand
F_Sand
W_Tree
F_Sand
F_Sand
F_Sand
F_Sand
F_Sand
F_Sand
F_Sand
F_Sand
F_Sand
F_Sand
F_Sand
F_Sand
F_Sand
F_Sand
F_Sand
F_Sand
F_Sand
F_Sand
F_Sand
W_Tree
W_Tree
W_Tree
W_Tree
W_Tree
F_Sand
F_Sand
F_Sand
F_Sand
F_Sand
W_Tree
F_Sand
F_Sand
F_Sand
F_Sand
F_Sand
F_Sand
F_Sand
F_Sand
F_Sand
F_Sand
F_Sand
F_Sand
F_Sand
F_Sand
F_Sand
F_Sand
F_Sand
F_Sand
F_Sand
W_Tree
W_Tree
W_Tree
W_Tree
W_Tree
F_Sand
F_Sand
F_Sand
F_Sand
F_Sand
W_Tree
F_Sand
F_Sand
F_Sand
F_Sand
F_Sand
F_Sand
F_Sand
F_Sand
F_Sand
F_Sand
F_Sand
F_Sand
F_Sand
F_Sand
F_Sand
F_Sand
F_Sand
F_Sand
F_Sand
W_Tree
W_Tree
W_Tree
W_Tree
F_Sand
F_Sand
W_Tree
W_Tree
F_Sand
W_Tree
W_Tree
F_Sand
F_Sand
F_Sand
F_Sand
F_Sand
F_Sand
F_Sand
F_Sand
F_Sand
F_Sand
F_Sand
F_Sand
F_Sand
F_Sand
F_Sand
F_Sand
F_Sand
F_Sand
F_Sand
W_Tree
W_Tree
W_Tree
W_Tree
F_Sand
F_Sand
F_Sand
W_Tree
W_Tree
W_Tree
F_Sand
F_Sand
F_Sand
F_Sand
F_Sand
F_Sand
F_Sand
F_Sand
F_Sand
F_Sand
F_Sand
F_Sand
F_Sand
F_Sand
F_Sand
F_Sand
F_Sand
F_Sand
F_Sand
F_Sand
W_Tree
W_Tree
W_Tree
W_Tree
F_Sand
F_Sand
F_Sand
F_Sand
F_Sand
F_Sand
F_Sand
F_Sand
F_Sand
F_Sand
F_Sand
F_Sand
F_Sand
F_Sand
F_Sand
F_Sand
F_Sand
F_Sand
F_Sand
F_Sand
F_Sand
F_Sand
F_Sand
F_Sand
F_Sand
F_Sand
W_Tree
W_Tree
W_Tree
W_Tree
F_Sand
F_Sand
F_Sand
F_Sand
F_Sand
F_Sand
F_Sand
F_Sand
F_Sand
W_Tree
F_Sand
F_Sand
F_Sand
F_Sand
F_Sand
F_Sand
F_Sand
F_Sand
F_Sand
F_Sand
F_Sand
F_Sand
F_Sand
F_Sand
F_Sand
F_Sand
W_Tree
W_Tree
W_Tree
W_Tree
F_Sand
F_Sand
F_Sand
F_Sand
F_Sand
F_Sand
F_Sand
F_Sand
F_Sand
W_Tree
F_Sand
F_Sand
F_Sand
F_Sand
F_Sand
F_Sand
F_Sand
F_Sand
F_Sand
F_Sand
F_Sand
F_Sand
F_Sand
F_Sand
F_Sand
F_Sand
W_Tree
W_Tree
W_Tree
W_Tree
F_Sand
F_Sand
F_Sand
F_Sand
F_Sand
F_Sand
F_Sand
E0
F_Sand
W_Tree
F_Sand
F_Sand
F_Sand
F_Sand
F_Sand
F_Sand
F_Sand
F_Sand
F_Sand
F_Sand
F_Sand
F_Sand
E4
F_Sand
F_Sand
F_Sand
W_Tree
W_Tree
W_Tree
W_Tree
F_Sand
F_Sand
F_Sand
F_Sand
F_Sand
F_Sand
F_Sand
F_Sand
F_Sand
W_Tree
F_Sand
F_Sand
F_Sand
F_Sand
F_Sand
F_Sand
F_Sand
F_Sand
F_Sand
F_Sand
F_Sand
F_Sand
F_Sand
F_Sand
F_Sand
F_Sand
W_Tree
W_Tree
W_Tree
W_Tree
F_Sand
F_Sand
F_Sand
F_Sand
F_Sand
F_Sand
F_Sand
F_Sand
W_Tree
W_Tree
F_Sand
F_Sand
F_Sand
F_Sand
F_Sand
F_Sand
F_Sand
F_Sand
F_Sand
F_Sand
F_Sand
F_Sand
F_Sand
F_Sand
F_Sand
F_Sand
W_Tree
W_Tree
W_Tree
W_Tree
F_Sand
F_Sand
F_Sand
F_Sand
F_Sand
F_Sand
F_Sand
F_Sand
F_Sand
W_Tree
F_Sand
F_Sand
F_Sand
F_Sand
F_Sand
F_Sand
W_Tree
W_Tree
F_Sand
F_Sand
F_Sand
F_Sand
F_Sand
F_Sand
F_Sand
F_Sand
W_Tree
W_Tree
W_Tree
W_Tree
F_Sand
F_Sand
W_Tree
W_Tree
F_Sand
F_Sand
F_Sand
F_Sand
F_Sand
W_Tree
F_Sand
F_Sand
F_Sand
F_Sand
F_Sand
F_Sand
F_Sand
W_Tree
W_Tree
W_Tree
W_Tree
W_Tree
W_Tree
W_Tree
W_Tree
W_Tree
W_Tree
W_Tree
W_Tree
W_Tree
F_Sand
F_Sand
W_Tree
W_Tree
F_Sand
F_Sand
F_Sand
F_Sand
F_Sand
W_Tree
F_Sand
F_Sand
F_Sand
E2
F_Sand
F_Sand
F_Sand
F_Sand
F_Sand
F_Sand
W_Tree
W_Tree
W_Tree
W_Tree
W_Tree
W_Tree
W_Tree
W_Tree
W_Tree
W_Tree
F_Sand
F_Sand
F_Sand
F_Sand
F_Sand
F_Sand
F_Sand
F_Sand
F_Sand
W_Tree
F_Sand
F_Sand
F_Sand
F_Sand
F_Sand
F_Sand
F_Sand
F_Sand
F_Sand
F_Sand
F_Sand
F_Sand
F_Sand
F_Sand
F_Sand
W_Tree
W_Tree
W_Tree
W_Tree
W_Tree
W_Void
E4
W_Void
W_Void
F_Sand
F_Sand
F_Sand
F_Sand
F_Sand
W_Tree
W_Tree
F_Sand
F_Sand
F_Sand
F_Sand
F_Sand
F_Sand
F_Sand
F_Sand
F_Sand
F_Sand
F_Sand
F_Sand
F_Sand
F_Sand
F_Sand
W_Tree
W_Tree
W_Tree
W_Tree
F_Sand
F_Sand
F_Sand
F_Sand
P0
F_Sand
F_Sand
F_Sand
F_Sand
W_Tree
W_Tree
W_Tree
F_Sand
F_Sand
F_Sand
F_Sand
F_Sand
F_Sand
F_Sand
F_Sand
F_Sand
F_Sand
F_Sand
F_Sand
F_Sand
F_Sand
W_Tree
W_Tree
W_Tree
W_Tree
W_Tree
F_Sand
F_Sand
F_Sand
F_Sand
F_Sand
F_Sand
F_Sand
W_Tree
W_Tree
W_Tree
W_Tree
W_Tree
W_Tree
W_Tree
F_Sand
F_Sand
F_Sand
F_Sand
F_Sand
F_Sand
F_Sand
F_Sand
F_Sand
F_Sand
F_Sand
W_Tree
W_Tree
W_Tree
W_Tree
W_Tree
W_Tree
F_Sand
F_Sand
F_Sand
F_Sand
F_Sand
W_Tree
W_Tree
W_Tree
W_Tree
W_Tree
W_Tree
W_Tree
W_Tree
W_Tree
W_Tree
W_Tree
W_Tree
W_Tree
F_Sand
F_Sand
F_Sand
F_Sand
F_Sand
W_Tree
W_Tree
W_Tree
W_Tree
W_Tree
W_Tree
W_Tree
W_Tree
W_Tree
W_Tree
W_Tree
W_Tree
W_Tree
W_Tree
W_Tree
W_Tree
W_Tree
W_Tree
W_Tree
W_Tree
W_Tree
W_Tree
W_Tree
W_Tree
W_Tree
W_Tree
W_Tree
W_Tree
W_Tree
W_Tree
W_Tree
W_Tree
W_Tree
W_Tree
W_Tree
W_Tree
W_Tree
W_Tree
W_Tree
W_Tree
W_Tree
W_Tree
W_Tree
W_Tree
W_Tree
W_Tree
W_Tree
W_Tree
W_Tree
W_Tree
W_Tree
W_Tree
W_Tree
W_Tree
W_Tree
W_Tree
W_Tree
W_Tree
W_Tree
W_Tree
W_Tree
W_Tree
W_Tree
