20
40
F_Cave
F_Cave
F_Cave
F_Cave
F_Cave
F_Cave
F_Cave
F_Cave
F_Cave
F_Cave
F_Cave
F_Cave
F_Cave
F_Cave
F_Cave
F_Cave
F_Cave
F_Cave
F_Cave
F_Cave
F_Cave
F_Cave
F_Cave
F_Cave
F_Cave
F_Cave
F_Cave
F_Cave
F_Cave
F_Cave
F_Cave
F_Cave
F_Cave
F_Cave
F_Cave
F_Cave
F_Cave
F_Cave
F_Cave
F_Cave
F_Cave
F_Cave
F_Cave
F_Cave
F_Cave
F_Cave
F_Cave
F_Cave
F_Cave
F_Cave
F_Cave
F_Cave
F_Cave
F_Cave
F_Cave
F_Cave
F_Cave
F_Cave
F_Cave
F_Cave
F_Cave
F_Cave
F_Cave
F_Cave
F_Cave
F_Cave
F_Cave
F_Cave
F_Cave
F_Cave
F_Cave
F_Cave
F_Cave
F_Cave
F_Cave
F_Cave
F_Cave
F_Cave
F_Cave
F_Cave
F_Cave
F_Cave
F_Cave
F_Cave
F_Cave
F_Cave
F_Cave
F_Cave
F_Cave
F_Cave
F_Cave
F_Cave
F_Cave
F_Cave
F_Cave
F_Cave
F_Cave
F_Cave
F_Cave
F_Cave
F_Cave
F_Cave
F_Cave
F_Cave
F_Cave
F_Cave
F_Cave
F_Cave
F_Cave
F_Cave
F_Cave
F_Cave
F_Cave
F_Cave
F_Cave
F_Cave
F_Cave
F_Cave
F_Cave
F_Cave
F_Cave
F_Cave
F_Cave
F_Cave
F_Cave
F_Cave
F_Cave
F_Cave
F_Cave
F_Cave
F_Cave
F_Cave
F_Cave
F_Cave
F_Cave
F_Cave
F_Cave
F_Cave
F_Cave
F_Cave
F_Cave
F_Cave
F_Cave
F_Cave
F_Cave
F_Cave
F_Cave
F_Cave
F_Cave
F_Cave
F_Cave
F_Cave
F_Cave
F_Cave
F_Cave
F_Cave
F_Cave
F_Cave
F_Cave
F_Cave
F_Cave
F_Cave
F_Cave
F_Cave
F_Cave
F_Cave
F_Cave
F_Cave
F_Cave
F_Cave
F_Cave
F_Cave
F_Cave
F_Cave
F_Cave
F_Cave
F_Cave
F_Cave
F_Cave
F_Cave
F_Cave
F_Cave
F_Cave
F_Cave
F_Cave
F_Cave
F_Cave
F_Cave
F_Cave
F_Cave
F_Cave
F_Cave
F_Cave
F_Cave
F_Cave
F_Cave
F_Cave
F_Cave
F_Cave
F_Cave
F_Cave
F_Cave
F_Cave
F_Cave
F_Cave
F_Cave
F_Cave
F_Cave
F_Cave
F_Cave
F_Cave
F_Cave
F_Cave
F_Cave
F_Cave
F_Cave
F_Cave
F_Cave
F_Cave
F_Cave
F_Cave
F_Cave
F_Cave
F_Cave
F_Cave
F_Cave
F_Cave
F_Cave
F_Cave
F_Cave
F_Cave
F_Cave
F_Cave
F_Cave
F_Cave
F_Cave
F_Cave
F_Cave
F_Cave
F_Cave
F_Cave
F_Cave
F_Cave
F_Cave
F_Cave
F_Cave
F_Cave
F_Cave
F_Cave
F_Cave
F_Cave
F_Cave
F_Cave
F_Cave
F_Cave
F_Cave
F_Cave
F_Cave
F_Cave
F_Cave
F_Cave
F_Cave
F_Cave
F_Cave
F_Cave
F_Cave
F_Cave
F_Cave
F_Cave
F_Cave
F_Cave
F_Cave
F_Cave
F_Cave
F_Cave
F_Cave
F_Cave
F_Cave
F_Cave
F_Cave
F_Cave
F_Cave
F_Cave
F_Cave
F_Cave
F_Cave
F_Cave
F_Cave
F_Cave
F_Cave
F_Cave
F_Cave
F_Cave
F_Cave
F_Cave
F_Cave
F_Cave
F_Cave
F_Cave
F_Cave
F_Cave
F_Cave
F_Cave
F_Cave
F_Cave
F_Cave
F_Cave
F_Cave
F_Cave
F_Cave
F_Cave
F_Cave
F_Cave
F_Cave
F_Cave
F_Cave
F_Cave
F_Cave
F_Cave
F_Cave
F_Cave
F_Cave
F_Cave
F_Cave
F_Cave
F_Cave
F_Cave
F_Cave
F_Cave
F_Cave
F_Cave
F_Cave
F_Cave
F_Cave
F_Cave
F_Cave
F_Cave
F_Cave
F_Cave
F_Cave
F_Cave
F_Cave
F_Cave
F_Cave
F_Cave
F_Cave
F_Cave
F_Cave
F_Cave
F_Cave
F_Cave
F_Cave
F_Cave
F_Cave
F_Cave
F_Cave
F_Cave
F_Cave
F_Cave
F_Cave
F_Cave
F_Cave
F_Cave
F_Cave
F_Cave
F_Cave
F_Cave
F_Cave
F_Cave
F_Cave
F_Cave
F_Cave
F_Cave
F_Cave
F_Cave
F_Cave
F_Cave
F_Cave
F_Cave
F_Cave
F_Cave
F_Cave
F_Cave
F_Cave
F_Cave
F_Cave
F_Cave
F_Cave
F_Cave
F_Cave
F_Cave
F_Cave
F_Cave
F_Cave
F_Cave
F_Cave
F_Cave
F_Cave
F_Cave
F_Cave
F_Cave
F_Cave
F_Cave
F_Cave
F_Cave
F_Cave
F_Cave
F_Cave
F_Cave
F_Cave
F_Cave
F_Cave
F_Cave
F_Cave
F_Cave
F_Cave
F_Cave
F_Cave
F_Cave
F_Cave
F_Cave
F_Cave
F_Cave
F_Cave
F_Cave
F_Cave
F_Cave
F_Cave
F_Cave
F_Cave
F_Cave
F_Cave
F_Cave
F_Cave
F_Cave
F_Cave
F_Cave
F_Cave
F_Cave
F_Cave
F_Cave
F_Cave
F_Cave
F_Cave
F_Cave
F_Cave
F_Cave
F_Cave
F_Cave
F_Cave
F_Cave
F_Cave
F_Cave
F_Cave
F_Cave
F_Cave
F_Cave
F_Cave
F_Cave
F_Cave
F_Cave
F_Cave
F_Cave
F_Cave
F_Cave
F_Cave
F_Cave
F_Cave
F_Cave
F_Cave
F_Cave
F_Cave
F_Cave
F_Cave
F_Cave
F_Cave
F_Cave
F_Cave
F_Cave
F_Cave
F_Cave
F_Cave
F_Cave
F_Cave
F_Cave
F_Cave
F_Cave
F_Cave
F_Cave
F_Cave
F_Cave
F_Cave
F_Cave
F_Cave
F_Cave
F_Cave
F_Cave
F_Cave
F_Cave
F_Cave
F_Cave
F_Cave
F_Cave
F_Cave
F_Cave
F_Cave
F_Cave
F_Cave
F_Cave
F_Cave
F_Cave
F_Cave
F_Cave
F_Cave
F_Cave
F_Cave
F_Cave
F_Cave
F_Cave
F_Cave
F_Cave
F_Cave
F_Cave
F_Cave
F_Cave
F_Cave
F_Cave
F_Cave
F_Cave
F_Cave
F_Cave
F_Cave
F_Cave
F_Cave
F_Cave
F_Cave
F_Cave
F_Cave
F_Cave
F_Cave
F_Cave
F_Cave
F_Cave
F_Cave
F_Cave
F_Cave
F_Cave
F_Cave
F_Cave
F_Cave
F_Cave
F_Cave
F_Cave
F_Cave
F_Cave
F_Cave
F_Cave
F_Cave
F_Cave
F_Cave
F_Cave
F_Cave
F_Cave
F_Cave
F_Cave
F_Cave
F_Cave
F_Cave
F_Cave
F_Cave
F_Cave
F_Cave
F_Cave
F_Cave
F_Cave
F_Cave
F_Cave
F_Cave
F_Cave
F_Cave
F_Cave
F_Cave
F_Cave
F_Cave
F_Cave
F_Cave
F_Cave
F_Cave
F_Cave
F_Cave
F_Cave
F_Cave
F_Cave
F_Cave
F_Cave
F_Cave
F_Cave
F_Cave
F_Cave
F_Cave
F_Cave
F_Cave
F_Cave
F_Cave
F_Cave
F_Cave
F_Cave
F_Cave
F_Cave
F_Cave
F_Cave
F_Cave
F_Cave
F_Cave
F_Cave
F_Cave
F_Cave
F_Cave
F_Cave
F_Cave
F_Cave
F_Cave
F_Cave
F_Cave
F_Cave
F_Cave
F_Cave
F_Cave
F_Cave
F_Cave
F_Cave
F_Cave
F_Cave
F_Cave
F_Cave
F_Cave
F_Cave
F_Cave
F_Cave
F_Cave
F_Cave
F_Cave
F_Cave
F_Cave
F_Cave
F_Cave
F_Cave
F_Cave
F_Cave
F_Cave
F_Cave
F_Cave
F_Cave
F_Cave
F_Cave
F_Cave
F_Cave
F_Cave
F_Cave
F_Cave
F_Cave
F_Cave
F_Cave
F_Cave
F_Cave
F_Cave
F_Cave
F_Cave
F_Cave
F_Cave
F_Cave
F_Cave
F_Cave
F_Cave
F_Cave
F_Cave
F_Cave
F_Cave
F_Cave
F_Cave
F_Cave
F_Cave
F_Cave
F_Cave
F_Cave
F_Cave
F_Cave
F_Cave
F_Cave
F_Cave
F_Cave
F_Cave
F_Cave
F_Cave
F_Cave
F_Cave
F_Cave
F_Cave
F_Cave
F_Cave
F_Cave
F_Cave
F_Cave
F_Cave
F_Cave
F_Cave
F_Cave
F_Cave
F_Cave
F_Cave
F_Cave
F_Cave
F_Cave
F_Cave
F_Cave
F_Cave
F_Cave
F_Cave
F_Cave
F_Cave
F_Cave
F_Cave
F_Cave
F_Cave
F_Cave
F_Cave
F_Cave
F_Cave
F_Cave
F_Cave
F_Cave
F_Cave
F_Cave
F_Cave
F_Cave
F_Cave
F_Cave
F_Cave
F_Cave
F_Cave
F_Cave
F_Cave
F_Cave
F_Cave
F_Cave
F_Cave
F_Cave
F_Cave
F_Cave
F_Cave
F_Cave
F_Cave
F_Cave
F_Cave
F_Cave
F_Cave
F_Cave
F_Cave
F_Cave
F_Cave
F_Cave
F_Cave
F_Cave
F_Cave
F_Cave
F_Cave
F_Cave
F_Cave
F_Cave
F_Cave
F_Cave
F_Cave
F_Cave
F_Cave
F_Cave
F_Cave
F_Cave
F_Cave
F_Cave
F_Cave
F_Cave
F_Cave
F_Cave
F_Cave
F_Cave
F_Cave
F_Cave
F_Cave
F_Cave
F_Cave
F_Cave
F_Cave
F_Cave
F_Cave
F_Cave
F_Cave
F_Cave
F_Cave
F_Cave
F_Cave
W_Cave_UDRL
W_Cave_UDRL
W_Cave_URL
W_Cave_URL
W_Cave_URL
W_Cave_URL
W_Cave_URL
W_Cave_URL
W_Cave_URL
W_Cave_UDRL
W_Cave_UDRL
W_Cave_URL
W_Cave_URL
W_Cave_URL
W_Cave_URL
W_Cave_URL
W_Cave_URL
W_Cave_URL
W_Cave_UDRL
W_Cave_UDRL
W_Cave_UDRL
W_Cave_UDL
F_Cave
F_Cave
F_Cave
F_Cave
F_Cave
F_Cave
F_Cave
W_Cave_UDR
W_Cave_UDL
F_Cave
F_Cave
F_Cave
F_Cave
F_Cave
F_Cave
F_Cave
W_Cave_UDR
W_Cave_UDRL
W_Cave_UDRL
W_Cave_UDL
F_Cave
E5
F_Cave
F_Cave
W_Void
F_Cave
F_Cave
W_Cave_UDR
W_Cave_UDL
F_Cave
F_Cave
F_Cave
F_Cave
F_Cave
E4
F_Cave
W_Cave_UDR
W_Cave_UDRL
W_Cave_UDRL
W_Cave_UDL
F_Cave
F_Cave
F_Cave
F_Cave
F_Cave
F_Cave
F_Cave
W_Cave_UDR
W_Cave_UDL
F_Cave
F_Cave
W_Cave_DR
W_Cave_DL
F_Cave
F_Cave
F_Cave
W_Cave_UDR
W_Cave_UDRL
W_Cave_UDRL
W_Cave_UDL
F_Cave
F_Cave
F_Cave
F_Cave
F_Cave
F_Cave
F_Cave
W_Cave_UDR
W_Cave_UDL
F_Cave
F_Cave
W_Cave_UDR
W_Cave_UDL
F_Cave
F_Cave
F_Cave
W_Cave_UDR
W_Cave_UDRL
W_Cave_UDRL
W_Cave_UDL
F_Cave
F_Cave
F_Cave
F_Cave
F_Cave
F_Cave
F_Cave
W_Cave_UR
W_Cave_UL
F_Cave
W_Void
W_Cave_UDR
W_Cave_UDL
F_Cave
F_Cave
F_Cave
W_Cave_UDR
W_Cave_UDRL
W_Cave_UDRL
W_Cave_UDL
F_Cave
F_Cave
F_Cave
F_Cave
F_Cave
F_Cave
F_Cave
F_Cave
F_Cave
F_Cave
W_Void
W_Cave_UDR
W_Cave_UDL
F_Cave
F_Cave
F_Cave
W_Cave_UDR
W_Cave_UDRL
W_Cave_UDRL
W_Cave_UDL
F_Cave
F_Cave
F_Cave
F_Cave
F_Cave
F_Cave
F_Cave
F_Cave
F_Cave
F_Cave
W_Void
W_Cave_UDR
W_Cave_UDL
F_Cave
F_Cave
F_Cave
W_Cave_UDR
W_Cave_UDRL
W_Cave_UDRL
W_Cave_UDRL
W_Cave_DRL
W_Cave_DRL
W_Cave_DRL
W_Cave_DRL
W_Cave_DRL
W_Cave_DRL
W_Cave_DRL
W_Cave_DRL
W_Cave_DRL
W_Cave_DRL
W_Cave_DRL
W_Cave_UDRL
W_Cave_UDL
F_Cave
F_Cave
F_Cave
W_Cave_UDR
W_Cave_UDRL
W_Cave_UDRL
W_Cave_UDRL
W_Cave_URL
W_Cave_URL
W_Cave_URL
W_Cave_URL
W_Cave_UDRL
W_Cave_UDRL
W_Cave_UDRL
W_Cave_UDRL
W_Cave_UDRL
W_Cave_UDRL
W_Cave_UDRL
W_Cave_UDRL
W_Cave_UDL
F_Cave
F_Cave
W_Cave_DR
W_Cave_UDRL
W_Cave_UDRL
W_Cave_UDRL
W_Cave_UDL
F_Cave
F_Cave
W_Void
W_Void
W_Cave_UDR
W_Cave_UDRL
W_Cave_UDRL
W_Cave_UDRL
W_Cave_UDRL
W_Cave_UDRL
W_Cave_UDRL
W_Cave_UDRL
W_Cave_UDL
F_Cave
F_Cave
W_Cave_UDR
W_Cave_UDRL
W_Cave_UDRL
W_Cave_UDRL
W_Cave_UDL
F_Cave
E2
W_Void
F_Cave
W_Cave_UR
W_Cave_URL
W_Cave_URL
W_Cave_UDRL
W_Cave_UDRL
W_Cave_UDRL
W_Cave_UDRL
W_Cave_UDRL
W_Cave_UDL
F_Cave
F_Cave
W_Cave_UDR
W_Cave_UDRL
W_Cave_UDRL
W_Cave_UDRL
W_Cave_UDL
F_Cave
F_Cave
F_Cave
F_Cave
F_Cave
F_Cave
F_Cave
W_Cave_UR
W_Cave_URL
W_Cave_UDRL
W_Cave_UDRL
W_Cave_UDRL
W_Cave_UDL
F_Cave
F_Cave
W_Cave_UDR
W_Cave_UDRL
W_Cave_UDRL
W_Cave_UDRL
W_Cave_UDL
F_Cave
F_Cave
F_Cave
F_Cave
F_Cave
F_Cave
F_Cave
F_Cave
F_Cave
W_Cave_UR
W_Cave_URL
W_Cave_URL
W_Cave_UDL
F_Cave
F_Cave
W_Cave_UR
W_Cave_UDRL
W_Cave_UDRL
W_Cave_UDRL
W_Cave_UDRL
W_Cave_DL
F_Cave
F_Cave
W_Cave_DR
W_Cave_DRL
W_Cave_DL
F_Cave
F_Cave
F_Cave
F_Cave
F_Cave
F_Cave
W_Cave_U
F_Cave
F_Cave
F_Cave
W_Cave_UDR
W_Cave_UDRL
W_Cave_UDRL
W_Cave_UDRL
W_Cave_UDL
F_Cave
F_Cave
W_Cave_UDR
W_Cave_UDRL
W_Cave_UDRL
W_Cave_DRL
W_Cave_DL
W_Void
F_Cave
F_Cave
F_Cave
F_Cave
F_Cave
F_Cave
F_Cave
W_Cave_UDR
W_Cave_UDRL
W_Cave_UDRL
W_Cave_UDRL
W_Cave_UDL
F_Cave
F_Cave
W_Cave_UDR
W_Cave_UDRL
W_Cave_UDRL
W_Cave_UDRL
W_Cave_UDRL
W_Cave_DRL
W_Cave_DL
F_Cave
F_Cave
F_Cave
F_Cave
E3
F_Cave
W_Cave_UDR
W_Cave_UDRL
W_Cave_UDRL
W_Cave_UDRL
W_Cave_UL
F_Cave
F_Cave
W_Cave_UR
W_Cave_UDRL
W_Cave_UDRL
W_Cave_UDRL
W_Cave_UDRL
W_Cave_UDRL
W_Cave_UDRL
W_Cave_DRL
W_Cave_DL
F_Cave
F_Cave
F_Cave
F_Cave
W_Cave_UDR
W_Cave_UDRL
W_Cave_UDRL
W_Cave_UL
F_Cave
F_Cave
F_Cave
F_Cave
W_Cave_UR
W_Cave_UDRL
W_Cave_UDRL
W_Cave_UDRL
W_Cave_UDRL
W_Cave_UDRL
W_Cave_UDRL
W_Cave_UDRL
W_Cave_DRL
W_Cave_DRL
W_Cave_DRL
W_Cave_DRL
W_Cave_UDRL
W_Cave_UDRL
W_Cave_UDL
F_Cave
F_Cave
F_Cave
F_Cave
F_Cave
F_Cave
W_Cave_UR
W_Cave_URL
W_Cave_URL
W_Cave_URL
W_Cave_URL
W_Cave_URL
W_Cave_URL
W_Cave_URL
W_Cave_URL
W_Cave_URL
W_Cave_URL
W_Cave_URL
W_Cave_UDRL
W_Cave_UDL
F_Cave
F_Cave
E1
F_Cave
F_Cave
F_Cave
F_Cave
F_Cave
F_Cave
F_Cave
F_Cave
F_Cave
F_Cave
F_Cave
F_Cave
F_Cave
F_Cave
F_Cave
W_Cave_UDR
W_Cave_UDL
F_Cave
F_Cave
F_Cave
F_Cave
F_Cave
F_Cave
F_Cave
F_Cave
F_Cave
F_Cave
F_Cave
F_Cave
F_Cave
F_Cave
F_Cave
F_Cave
F_Cave
F_Cave
W_Cave_UDR
W_Cave_UDL
F_Cave
F_Cave
F_Cave
F_Cave
F_Cave
F_Cave
W_Cave_DR
W_Cave_DRL
W_Cave_DRL
W_Cave_DRL
W_Cave_DRL
W_Cave_DL
F_Cave
F_Cave
F_Cave
E0
F_Cave
F_Cave
W_Cave_UDR
W_Cave_UDRL
W_Cave_DL
F_Cave
F_Cave
F_Cave
F_Cave
W_Cave_DR
W_Cave_UDRL
W_Cave_UDRL
W_Cave_UDRL
W_Cave_UDRL
W_Cave_UDRL
W_Cave_UDL
F_Cave
F_Cave
F_Cave
F_Cave
F_Cave
F_Cave
W_Cave_UDR
W_Cave_UDRL
W_Cave_UDRL
W_Cave_DRL
W_Cave_DRL
W_Cave_DRL
W_Cave_DRL
W_Cave_UDRL
W_Cave_UDRL
W_Cave_UDRL
W_Cave_UDRL
W_Cave_UDRL
W_Cave_UDRL
W_Cave_UDL
F_Cave
F_Cave
F_Cave
F_Cave
F_Cave
F_Cave
W_Cave_UDR
W_Cave_UDRL
W_Cave_UDRL
W_Cave_UDRL
W_Cave_UDRL
W_Cave_UDRL
W_Cave_UDRL
W_Cave_UDRL
W_Cave_UDRL
W_Cave_UDRL
W_Cave_UDRL
W_Cave_UDRL
W_Cave_UDRL
W_Cave_UDL
F_Cave
F_Cave
F_Cave
F_Cave
F_Cave
F_Cave
W_Cave_UDR
W_Cave_UDRL
W_Cave_UDRL
W_Cave_UDRL
W_Cave_UDRL
W_Cave_UDRL
W_Cave_UDRL
W_Cave_UDRL
W_Cave_UDRL
W_Cave_UDRL
W_Cave_UDRL
W_Cave_URL
W_Cave_URL
W_Cave_URL
W_Cave_L
F_Cave
F_Cave
F_Cave
F_Cave
W_Cave_DR
W_Cave_UDRL
W_Cave_UDRL
W_Cave_UDRL
W_Cave_UDRL
W_Cave_UDRL
W_Cave_UDRL
W_Cave_UDRL
W_Cave_UDRL
W_Cave_UDRL
W_Cave_UDRL
W_Cave_UL
F_Cave
F_Cave
F_Cave
F_Cave
F_Cave
F_Cave
W_Cave_DR
W_Cave_DRL
W_Cave_UDRL
W_Cave_UDRL
W_Cave_UDRL
W_Cave_UDRL
W_Cave_UDRL
W_Cave_UDRL
W_Cave_UDRL
W_Cave_UDRL
W_Cave_UDRL
W_Cave_UDRL
W_Cave_UDL
F_Cave
F_Cave
F_Cave
F_Cave
F_Cave
F_Cave
W_Cave_DR
W_Cave_UDRL
W_Cave_UDRL
W_Cave_UDRL
W_Cave_UDRL
W_Cave_UDRL
W_Cave_UDRL
W_Cave_UDRL
W_Cave_UDRL
W_Cave_UDRL
W_Cave_UDRL
W_Cave_UDRL
W_Cave_UDRL
W_Cave_UDL
F_Cave
F_Cave
W_Void
W_Cave_DR
W_Cave_DRL
W_Cave_DRL
W_Cave_UDRL
W_Cave_UDRL
W_Cave_UDRL
W_Cave_UDRL
W_Cave_UDRL
W_Cave_UDRL
W_Cave_UDRL
W_Cave_UDRL
W_Cave_UDRL
W_Cave_UDRL
W_Cave_UDRL
W_Cave_UDRL
W_Cave_UDRL
W_Cave_UDL
F_Cave
F_Cave
W_Cave_DR
W_Cave_UDRL
W_Cave_UDRL
W_Cave_UDRL
W_Cave_UDRL
W_Cave_UDRL
W_Cave_UDRL
W_Cave_UDRL
W_Cave_UDRL
W_Cave_UDRL
W_Cave_UDRL
W_Cave_UDRL
W_Cave_UDRL
W_Cave_UDRL
W_Cave_UDRL
W_Cave_UDRL
W_Cave_UDRL
W_Cave_UDL
F_Cave
F_Cave
W_Cave_UDR
W_Cave_UDRL
W_Cave_UDRL
W_Cave_UDRL
W_Cave_UDRL
W_Cave_UDRL
W_Cave_UDRL
W_Cave_UDRL
W_Cave_UDRL
W_Cave_UDRL
W_Cave_UDRL
W_Cave_UDRL
W_Cave_UDRL
W_Cave_UDRL
W_Cave_UDRL
W_Cave_UDRL
W_Cave_UDRL
W_Cave_UDL
F_Cave
F_Cave
W_Cave_UDR
W_Cave_UDRL
W_Cave_UDRL
W_Cave_UDRL
W_Cave_UDRL
W_Cave_UDRL
W_Cave_UDRL
W_Cave_UDRL
W_Cave_UDRL
W_Cave_UDRL
W_Cave_UDRL
W_Cave_UDRL
W_Cave_UDRL
W_Cave_UDRL
W_Cave_UDRL
W_Cave_UDRL
W_Cave_UDRL
W_Cave_UDL
F_Cave
F_Cave
W_Cave_UDR
W_Cave_UDRL
W_Cave_UDRL
W_Cave_UDRL
W_Cave_UDRL
W_Cave_UDRL
W_Cave_UDRL
W_Cave_UDRL
W_Cave_UDRL
W_Cave_UDRL
W_Cave_UDRL
W_Cave_UDRL
W_Cave_UDRL
W_Cave_UDRL
W_Cave_UDRL
W_Cave_UDRL
W_Cave_UDRL
W_Cave_UL
F_Cave
F_Cave
W_Cave_UR
W_Cave_UDRL
W_Cave_UDRL
W_Cave_UDRL
W_Cave_UDRL
W_Cave_UDRL
W_Cave_UDRL
W_Cave_UDRL
W_Cave_UDRL
W_Cave_UDRL
W_Cave_UDRL
W_Cave_UDRL
W_Cave_UDRL
W_Cave_UDRL
W_Cave_UDRL
W_Cave_UDRL
W_Cave_UL
F_Cave
F_Cave
F_Cave
F_Cave
W_Cave_UR
W_Cave_UDRL
W_Cave_UDRL
W_Cave_UDRL
W_Cave_UDRL
W_Cave_UDRL
W_Cave_UDRL
W_Cave_UDRL
W_Cave_UDRL
W_Cave_UDRL
W_Cave_UDRL
W_Cave_UDRL
W_Cave_UDRL
W_Cave_UDRL
W_Cave_UDL
F_Cave
F_Cave
F_Cave
F_Cave
F_Cave
F_Cave
W_Cave_UDR
W_Cave_UDRL
W_Cave_UDRL
W_Cave_UDRL
W_Cave_UDRL
W_Cave_UDRL
W_Cave_UDRL
W_Cave_UDRL
W_Cave_UDRL
W_Cave_UDRL
W_Cave_UDRL
W_Cave_UDRL
W_Cave_UDRL
W_Cave_UDL
F_Cave
F_Cave
P0
F_Cave
E6
F_Cave
W_Cave_UDR
W_Cave_UDRL
W_Cave_UDRL
W_Cave_UDRL
W_Cave_UDRL
W_Cave_UDRL
W_Cave_UDRL
W_Cave_UDRL
W_Cave_UDRL
W_Cave_UDRL
W_Cave_UDRL
W_Cave_UDRL
W_Cave_UDRL
W_Cave_UDL
F_Cave
F_Cave
F_Cave
F_Cave
F_Cave
F_Cave
W_Cave_UDR
W_Cave_UDRL
W_Cave_UDRL
W_Cave_UDRL
W_Cave_UDRL
W_Cave_UDRL
W_Cave_UDRL
W_Cave_UDRL
W_Cave_UDRL
W_Cave_UDRL
W_Cave_UDRL
W_Cave_UDRL
W_Cave_UDRL
W_Cave_UDRL
W_Cave_DRL
W_Cave_DRL
W_Cave_DRL
W_Cave_DRL
W_Cave_DRL
W_Cave_DRL
W_Cave_UDRL
W_Cave_UDRL
W_Cave_UDRL
W_Cave_UDRL
W_Cave_UDRL
W_Cave_UDRL
W_Cave_UDRL
