20
30
F_Grass
F_Grass
F_Grass
F_Grass
F_Grass
F_Grass
F_Grass
F_Grass
F_Grass
F_Grass
F_Grass
F_Grass
F_Grass
F_Grass
F_Grass
F_Grass
F_Grass
F_Grass
F_Grass
F_Grass
F_Grass
F_Grass
F_Grass
F_Grass
F_Grass
F_Grass
F_Grass
F_Grass
F_Grass
F_Grass
F_Grass
F_Grass
F_Grass
F_Grass
F_Grass
F_Grass
F_Grass
F_Grass
F_Grass
F_Grass
F_Grass
F_Grass
F_Grass
F_Grass
F_Grass
F_Grass
F_Water
F_Water
F_Water
F_Water
F_Water
F_Water
F_Water
F_Water
F_Grass
F_Grass
F_Grass
F_Grass
F_Grass
F_Grass
F_Grass
F_Grass
F_Grass
F_Grass
F_Water
F_Water
F_Water
F_Water
F_Water
F_Water
F_Water
F_Water
F_Water
F_Water
F_Water
F_Water
F_Grass
F_Grass
F_Grass
F_Grass
F_Grass
F_Grass
F_Grass
F_Water
F_Water
F_Water
F_Water
F_Water
F_Water
F_Water
F_Water
F_Water
F_Water
F_Water
F_Water
F_Water
F_Water
F_Grass
F_Grass
F_Grass
F_Grass
F_Grass
F_Water
F_Water
F_Water
F_Water
F_Grass
F_Grass
F_Grass
F_Grass
F_Grass
F_Grass
F_Grass
F_Grass
F_Water
F_Water
F_Water
F_Water
F_Grass
F_Grass
F_Grass
F_Grass
F_Water
F_Water
F_Water
F_Grass
F_Grass
F_Grass
F_Grass
F_Grass
F_Grass
F_Grass
F_Grass
F_Grass
F_Grass
F_Water
F_Water
F_Water
F_Grass
F_Grass
F_Grass
F_Water
F_Water
F_Water
F_Grass
F_Grass
F_Grass
F_Grass
F_Grass
F_Grass
F_Grass
F_Grass
F_Grass
F_Grass
F_Grass
F_Grass
F_Water
F_Water
F_Water
F_Grass
F_Grass
F_Water
F_Water
F_Water
F_Grass
F_Grass
F_Grass
F_Grass
F_Grass
F_Grass
F_Grass
F_Grass
F_Grass
F_Grass
F_Grass
F_Grass
F_Water
F_Water
F_Water
F_Grass
F_Grass
F_Water
F_Water
F_Water
F_Grass
F_Grass
F_Grass
F_Grass
F_Grass
F_Grass
F_Grass
F_Grass
F_Grass
F_Grass
F_Grass
F_Grass
F_Water
F_Water
F_Water
F_Grass
F_Grass
F_Water
F_Water
F_Water
F_Grass
F_Grass
F_Grass
F_Grass
F_Grass
F_Grass
F_Grass
F_Grass
F_Grass
F_Grass
F_Grass
F_Grass
F_Water
F_Water
F_Water
F_Grass
F_Grass
F_Water
F_Water
F_Water
F_Water
F_Grass
F_Grass
F_Grass
F_Grass
F_Grass
F_Grass
F_Grass
F_Grass
F_Grass
F_Grass
F_Water
F_Water
F_Water
F_Water
F_Grass
F_Grass
F_Grass
F_Water
F_Water
F_Water
F_Water
F_Grass
F_Grass
F_Grass
F_Grass
F_Grass
F_Grass
F_Grass
F_Grass
F_Water
F_Water
F_Water
F_Water
F_Grass
F_Grass
F_Grass
F_Grass
F_Water
F_Water
F_Water
F_Water
F_Water
F_Water
F_Grass
F_Grass
F_Grass
F_Grass
F_Water
F_Water
F_Water
F_Water
F_Water
F_Water
F_Grass
F_Grass
F_Grass
F_Grass
F_Grass
F_Water
F_Water
F_Water
F_Water
F_Water
F_Grass
F_Grass
F_Grass
F_Grass
F_Water
F_Water
F_Water
F_Water
F_Water
F_Grass
F_Grass
F_Grass
F_Grass
F_Grass
F_Grass
F_Grass
F_Water
F_Water
F_Water
F_Grass
F_Grass
F_Grass
F_Grass
F_Grass
F_Grass
F_Water
F_Grass
F_Grass
F_Grass
F_Grass
F_Grass
F_Grass
F_Grass
F_Grass
F_Grass
F_Grass
F_Grass
F_Grass
F_Water
F_Grass
F_Grass
F_Grass
F_Grass
F_Grass
F_Grass
F_Water
F_Grass
F_Grass
F_Grass
F_Grass
F_Grass
F_Grass
F_Grass
F_Grass
F_Grass
F_Grass
F_Grass
F_Water
F_Water
F_Grass
F_Grass
F_Grass
F_Grass
F_Grass
F_Grass
F_Water
F_Water
F_Grass
F_Grass
F_Grass
F_Grass
F_Grass
F_Grass
F_Grass
F_Grass
F_Grass
F_Water
F_Water
F_Grass
F_Grass
F_Grass
F_Grass
F_Grass
F_Grass
F_Grass
F_Grass
F_Water
F_Water
F_Grass
F_Grass
F_Grass
F_Grass
F_Grass
F_Grass
F_Grass
F_Water
F_Water
F_Grass
F_Grass
F_Grass
F_Grass
F_Grass
F_Grass
F_Grass
F_Grass
F_Grass
F_Grass
F_Water
F_Water
F_Grass
F_Grass
F_Grass
F_Grass
F_Grass
F_Grass
F_Water
F_Grass
F_Grass
F_Grass
F_Grass
F_Grass
F_Grass
F_Grass
F_Grass
F_Grass
F_Grass
F_Grass
F_Grass
F_Water
F_Grass
F_Grass
F_Grass
F_Grass
F_Grass
F_Water
F_Water
F_Grass
F_Grass
F_Grass
F_Grass
F_Grass
F_Grass
F_Grass
F_Grass
F_Grass
F_Grass
F_Grass
F_Grass
F_Water
F_Water
F_Grass
F_Grass
F_Grass
F_Grass
F_Water
F_Water
F_Grass
F_Grass
F_Grass
F_Grass
F_Grass
F_Grass
F_Grass
F_Grass
F_Grass
F_Grass
F_Grass
F_Grass
F_Water
F_Water
F_Grass
F_Grass
F_Grass
F_Grass
F_Water
F_Water
F_Grass
F_Grass
F_Grass
F_Grass
F_Grass
F_Grass
F_Grass
F_Grass
F_Grass
F_Grass
F_Grass
F_Grass
F_Water
F_Water
F_Grass
F_Grass
F_Grass
F_Grass
F_Grass
F_Water
F_Water
F_Grass
F_Grass
F_Grass
F_Grass
F_Grass
F_Grass
F_Grass
F_Grass
F_Grass
F_Grass
F_Water
F_Water
F_Grass
F_Grass
F_Grass
F_Grass
F_Grass
F_Grass
F_Water
F_Water
F_Water
F_Water
F_Grass
F_Grass
F_Grass
F_Grass
F_Grass
F_Grass
F_Water
F_Water
F_Water
F_Water
F_Grass
F_Grass
F_Grass
F_Grass
F_Grass
F_Grass
F_Grass
F_Water
F_Water
F_Water
F_Water
F_Water
F_Water
F_Water
F_Water
F_Water
F_Water
F_Water
F_Water
F_Grass
F_Grass
F_Grass
F_Grass
F_Grass
F_Grass
F_Grass
F_Grass
F_Grass
F_Grass
F_Water
F_Water
F_Water
F_Water
F_Water
F_Water
F_Water
F_Water
F_Grass
F_Grass
F_Grass
F_Grass
F_Grass
F_Grass
F_Grass
F_Grass
F_Grass
F_Grass
F_Grass
F_Grass
F_Grass
F_Grass
F_Grass
F_Grass
F_Grass
F_Grass
F_Grass
F_Grass
F_Grass
F_Grass
F_Grass
F_Grass
F_Grass
F_Grass
F_Grass
F_Grass
F_Grass
F_Grass
F_Grass
F_Grass
F_Grass
F_Grass
F_Grass
F_Grass
F_Grass
F_Grass
F_Grass
F_Grass
F_Grass
F_Grass
F_Grass
F_Grass
F_Grass
F_Grass
W_Tree
W_Tree
W_Tree
W_Tree
W_Tree
W_Tree
W_Tree
W_Tree
W_Tree
W_Tree
W_Tree
W_Tree
W_Tree
W_Tree
W_Tree
W_Tree
W_Tree
W_Tree
W_Tree
W_Tree
W_Tree
W_Tree
W_Tree
W_Tree
W_Tree
W_Tree
W_Tree
W_Tree
W_Tree
W_Tree
W_Tree
W_Tree
W_Tree
W_Tree
W_Tree
W_Tree
W_Tree
W_Tree
W_Tree
W_Tree
W_Tree
W_Tree
W_Tree
W_Tree
W_Tree
W_Tree
F_Grass
F_Grass
F_Grass
F_Grass
F_Grass
F_Grass
F_Grass
F_Grass
W_Tree
W_Tree
W_Tree
W_Tree
W_Tree
W_Tree
W_Tree
W_Tree
W_Tree
W_Tree
F_Grass
F_Grass
F_Grass
F_Grass
F_Grass
F_Grass
F_Grass
F_Grass
F_Grass
F_Grass
F_Grass
F_Grass
W_Tree
W_Tree
W_Tree
W_Tree
W_Tree
W_Tree
W_Tree
F_Grass
F_Grass
F_Grass
F_Grass
F_Grass
F_Grass
F_Grass
F_Grass
F_Grass
F_Grass
F_Grass
F_Grass
F_Grass
F_Grass
W_Tree
W_Tree
W_Tree
W_Tree
W_Tree
F_Grass
F_Grass
F_Grass
F_Grass
W_Rock
F_Grass
F_Grass
F_Grass
F_Grass
F_Grass
F_Grass
W_Rock
F_Grass
F_Grass
F_Grass
F_Grass
W_Tree
W_Tree
W_Tree
W_Tree
F_Grass
F_Grass
F_Grass
W_Rock
F_Grass
F_Grass
F_Grass
F_Grass
F_Grass
F_Grass
F_Grass
F_Grass
W_Rock
F_Grass
F_Grass
F_Grass
W_Tree
W_Tree
W_Tree
F_Grass
F_Grass
F_Grass
W_Rock
F_Grass
F_Grass
F_Grass
F_Grass
F_Grass
F_Grass
F_Grass
F_Grass
F_Grass
F_Grass
W_Rock
F_Grass
F_Grass
F_Grass
W_Tree
W_Tree
F_Grass
F_Grass
F_Grass
F_Grass
F_Grass
F_Grass
F_Grass
F_Grass
F_Grass
E0
F_Grass
F_Grass
F_Grass
F_Grass
F_Grass
F_Grass
F_Grass
F_Grass
W_Tree
W_Tree
F_Grass
F_Grass
F_Grass
F_Grass
F_Grass
F_Grass
F_Grass
F_Grass
F_Grass
F_Grass
F_Grass
F_Grass
F_Grass
F_Grass
F_Grass
F_Grass
F_Grass
F_Grass
W_Tree
W_Tree
F_Void
F_Void
F_Void
W_Rock
F_Void
F_Void
F_Void
F_Void
F_Void
F_Void
F_Void
F_Void
F_Void
F_Void
W_Rock
F_Void
F_Void
F_Void
W_Tree
W_Tree
F_Void
F_Void
F_Void
F_Void
W_Rock
F_Void
F_Void
F_Void
F_Void
F_Void
F_Void
F_Void
F_Void
W_Rock
F_Void
F_Void
F_Void
F_Void
W_Tree
W_Tree
W_Tree
F_Void
F_Void
F_Void
F_Void
W_Rock
F_Void
F_Void
F_Void
F_Void
F_Void
F_Void
W_Rock
F_Void
F_Void
F_Void
F_Void
W_Tree
W_Tree
W_Tree
W_Tree
F_Void
F_Void
F_Void
F_Void
F_Void
F_Void
F_Void
F_Void
F_Void
F_Void
F_Void
F_Void
F_Void
F_Void
F_Void
F_Void
W_Tree
W_Tree
W_Tree
W_Tree
W_Tree
F_Void
F_Void
F_Void
F_Void
F_Void
F_Void
F_Void
F_Void
F_Void
F_Void
F_Void
F_Void
F_Void
F_Void
W_Tree
W_Tree
W_Tree
W_Tree
W_Tree
W_Tree
W_Tree
F_Void
F_Void
F_Void
F_Void
F_Void
F_Void
F_Void
F_Void
F_Void
F_Void
F_Void
F_Void
W_Tree
W_Tree
W_Tree
W_Tree
W_Tree
W_Tree
W_Tree
W_Tree
W_Tree
W_Tree
F_Void
F_Void
F_Void
F_Void
F_Void
F_Void
F_Void
F_Void
W_Tree
W_Tree
W_Tree
W_Tree
W_Tree
W_Tree
W_Tree
W_Tree
W_Tree
W_Tree
W_Tree
F_Void
F_Void
F_Void
F_Void
F_Void
F_Void
F_Void
F_Void
F_Void
F_Void
W_Tree
W_Tree
W_Tree
W_Tree
W_Tree
W_Tree
W_Tree
W_Tree
W_Tree
F_Void
F_Void
F_Void
F_Void
F_Void
F_Void
F_Void
F_Void
F_Void
F_Void
F_Void
F_Void
W_Tree
W_Tree
W_Tree
W_Tree
W_Tree
W_Tree
W_Tree
F_Void
F_Void
F_Void
F_Void
W_Rock
W_Rock
F_Void
F_Void
W_Rock
W_Rock
F_Void
F_Void
F_Void
F_Void
W_Tree
W_Tree
W_Tree
W_Tree
W_Tree
W_Tree
F_Void
F_Void
F_Void
W_Rock
F_Void
F_Void
F_Void
F_Void
F_Void
F_Void
W_Rock
F_Void
F_Void
F_Void
W_Tree
W_Tree
W_Tree
W_Tree
W_Tree
W_Void
F_Void
F_Void
F_Void
F_Void
F_Void
F_Void
F_Void
F_Void
F_Void
F_Void
F_Void
F_Void
F_Void
F_Void
F_Void
W_Tree
W_Tree
W_Tree
W_Tree
F_Void
F_Void
F_Void
F_Void
F_Void
F_Void
F_Void
F_Void
F_Void
F_Void
F_Void
F_Void
F_Void
F_Void
F_Void
F_Void
W_Tree
W_Tree
W_Tree
W_Tree
F_Void
F_Void
F_Void
F_Void
F_Void
F_Void
F_Void
F_Void
F_Void
F_Void
F_Void
F_Void
F_Void
F_Void
F_Void
W_Void
W_Tree
W_Tree
W_Tree
W_Tree
W_Tree
F_Void
F_Void
F_Void
F_Void
F_Void
F_Void
F_Void
P0
F_Void
F_Void
F_Void
F_Void
F_Void
F_Void
W_Tree
W_Tree
W_Tree
W_Tree
W_Tree
W_Tree
W_Void
F_Void
F_Void
F_Void
F_Void
F_Void
F_Void
F_Void
F_Void
F_Void
F_Void
F_Void
F_Void
F_Void
W_Tree
W_Tree
W_Tree
W_Tree
W_Tree
W_Tree
W_Tree
W_Void
F_Void
F_Void
F_Void
F_Void
F_Void
F_Void
F_Void
F_Void
F_Void
F_Void
F_Void
W_Tree
W_Tree
W_Tree
W_Tree
W_Tree
W_Tree
W_Tree
W_Tree
W_Tree
W_Tree
W_Void
F_Void
F_Void
F_Void
F_Void
F_Void
F_Void
F_Void
W_Tree
W_Tree
W_Tree
W_Tree
W_Tree
W_Tree
W_Tree
W_Tree
W_Tree
W_Tree
W_Tree
W_Tree
W_Tree
W_Tree
W_Tree
W_Tree
W_Tree
W_Tree
W_Tree
W_Tree
W_Tree
W_Tree
W_Tree
W_Tree
W_Tree
W_Tree
W_Tree
W_Tree
W_Tree
W_Tree
W_Tree
W_Tree
W_Tree
W_Tree
W_Tree
W_Tree
W_Tree
W_Tree
W_Tree
W_Tree
W_Tree
W_Tree
W_Tree
W_Tree
W_Tree
W_Tree
